g:\qmacvisual(cv3)(25000)\qmacvisual(cv3)2022.9.21(25000)\qmacvisual(cv3)\qplugins\detectidentify\selectshape\x64\release\vc143.pdb
g:\qmacvisual(cv3)(25000)\qmacvisual(cv3)2022.9.21(25000)\qmacvisual(cv3)\qplugins\detectidentify\selectshape\x64\release\qrc_sub_res.obj
g:\qmacvisual(cv3)(25000)\qmacvisual(cv3)2022.9.21(25000)\qmacvisual(cv3)\qplugins\detectidentify\selectshape\x64\release\mytitlebar.obj
g:\qmacvisual(cv3)(25000)\qmacvisual(cv3)2022.9.21(25000)\qmacvisual(cv3)\qplugins\detectidentify\selectshape\x64\release\selectshape.obj
g:\qmacvisual(cv3)(25000)\qmacvisual(cv3)2022.9.21(25000)\qmacvisual(cv3)\qplugins\detectidentify\selectshape\x64\release\baseitem.obj
g:\qmacvisual(cv3)(25000)\qmacvisual(cv3)2022.9.21(25000)\qmacvisual(cv3)\qplugins\detectidentify\selectshape\x64\release\frmselectshape.obj
g:\qmacvisual(cv3)(25000)\qmacvisual(cv3)2022.9.21(25000)\qmacvisual(cv3)\qplugins\detectidentify\selectshape\x64\release\toolnterface.obj
g:\qmacvisual(cv3)(25000)\qmacvisual(cv3)2022.9.21(25000)\qmacvisual(cv3)\qplugins\detectidentify\selectshape\x64\release\imageitem.obj
g:\qmacvisual(cv3)(25000)\qmacvisual(cv3)2022.9.21(25000)\qmacvisual(cv3)\qplugins\detectidentify\selectshape\x64\release\qgraphicsviews.obj
g:\qmacvisual(cv3)(25000)\qmacvisual(cv3)2022.9.21(25000)\qmacvisual(cv3)\qplugins\detectidentify\selectshape\x64\release\controlitem.obj
g:\qmacvisual(cv3)(25000)\qmacvisual(cv3)2022.9.21(25000)\qmacvisual(cv3)\qplugins\detectidentify\selectshape\x64\release\qgraphicsscenes.obj
g:\qmacvisual(cv3)(25000)\qmacvisual(cv3)2022.9.21(25000)\qmacvisual(cv3)\qplugins\detectidentify\selectshape\x64\release\moc_imageitem.obj
g:\qmacvisual(cv3)(25000)\qmacvisual(cv3)2022.9.21(25000)\qmacvisual(cv3)\qplugins\detectidentify\selectshape\x64\release\moc_toolnterface.obj
g:\qmacvisual(cv3)(25000)\qmacvisual(cv3)2022.9.21(25000)\qmacvisual(cv3)\qplugins\detectidentify\selectshape\x64\release\moc_selectshape.obj
g:\qmacvisual(cv3)(25000)\qmacvisual(cv3)2022.9.21(25000)\qmacvisual(cv3)\qplugins\detectidentify\selectshape\x64\release\moc_baseitem.obj
g:\qmacvisual(cv3)(25000)\qmacvisual(cv3)2022.9.21(25000)\qmacvisual(cv3)\qplugins\detectidentify\selectshape\x64\release\moc_frmselectshape.obj
g:\qmacvisual(cv3)(25000)\qmacvisual(cv3)2022.9.21(25000)\qmacvisual(cv3)\qplugins\detectidentify\selectshape\x64\release\moc_qgraphicsscenes.obj
g:\qmacvisual(cv3)(25000)\qmacvisual(cv3)2022.9.21(25000)\qmacvisual(cv3)\qplugins\detectidentify\selectshape\x64\release\moc_mytitlebar.obj
g:\qmacvisual(cv3)(25000)\qmacvisual(cv3)2022.9.21(25000)\qmacvisual(cv3)\qplugins\detectidentify\selectshape\x64\release\moc_controlitem.obj
g:\qmacvisual(cv3)(25000)\qmacvisual(cv3)2022.9.21(25000)\qmacvisual(cv3)\qplugins\detectidentify\selectshape\x64\release\moc_qgraphicsviews.obj
g:\qmacvisual(cv3)(25000)\qmacvisual(cv3)2022.9.21(25000)\qmacvisual(cv3)\qplugins\detectidentify\selectshape\x64\release\moc_qtoolbase.obj
g:\qmacvisual(cv3)(25000)\qmacvisual(cv3)2022.9.21(25000)\qmacvisual(cv3)\qsoftexe\release\plugins\selectshape.dll
g:\qmacvisual(cv3)(25000)\qmacvisual(cv3)2022.9.21(25000)\qmacvisual(cv3)\qplugins\detectidentify\selectshape\x64\release\qt\moc\moc_toolnterface.cpp
g:\qmacvisual(cv3)(25000)\qmacvisual(cv3)2022.9.21(25000)\qmacvisual(cv3)\qplugins\detectidentify\selectshape\x64\release\qt\moc\moc_baseitem.cpp
g:\qmacvisual(cv3)(25000)\qmacvisual(cv3)2022.9.21(25000)\qmacvisual(cv3)\qplugins\detectidentify\selectshape\x64\release\qt\moc\moc_controlitem.cpp
g:\qmacvisual(cv3)(25000)\qmacvisual(cv3)2022.9.21(25000)\qmacvisual(cv3)\qplugins\detectidentify\selectshape\x64\release\qt\moc\moc_imageitem.cpp
g:\qmacvisual(cv3)(25000)\qmacvisual(cv3)2022.9.21(25000)\qmacvisual(cv3)\qplugins\detectidentify\selectshape\x64\release\qt\moc\moc_qgraphicsscenes.cpp
g:\qmacvisual(cv3)(25000)\qmacvisual(cv3)2022.9.21(25000)\qmacvisual(cv3)\qplugins\detectidentify\selectshape\x64\release\qt\moc\moc_qgraphicsviews.cpp
g:\qmacvisual(cv3)(25000)\qmacvisual(cv3)2022.9.21(25000)\qmacvisual(cv3)\qplugins\detectidentify\selectshape\x64\release\qt\moc\moc_frmselectshape.cpp
g:\qmacvisual(cv3)(25000)\qmacvisual(cv3)2022.9.21(25000)\qmacvisual(cv3)\qplugins\detectidentify\selectshape\x64\release\qt\moc\moc_mytitlebar.cpp
g:\qmacvisual(cv3)(25000)\qmacvisual(cv3)2022.9.21(25000)\qmacvisual(cv3)\qplugins\detectidentify\selectshape\x64\release\qt\moc\moc_qtoolbase.cpp
g:\qmacvisual(cv3)(25000)\qmacvisual(cv3)2022.9.21(25000)\qmacvisual(cv3)\qplugins\detectidentify\selectshape\x64\release\qt\moc\moc_selectshape.cpp
g:\qmacvisual(cv3)(25000)\qmacvisual(cv3)2022.9.21(25000)\qmacvisual(cv3)\qplugins\detectidentify\selectshape\x64\release\qt\rcc\qrc_sub_res.cpp
g:\qmacvisual(cv3)(25000)\qmacvisual(cv3)2022.9.21(25000)\qmacvisual(cv3)\qplugins\detectidentify\selectshape\x64\release\qt\uic\ui_frmselectshape.h
d:\opencv4workflow\opencv4workflow\qplugins\detectidentify\selectshape\x64\release\qt\uic\ui_frmselectshape.h
d:\opencv4workflow\opencv4workflow\qplugins\detectidentify\selectshape\x64\release\qt\rcc\qrc_sub_res.cpp
d:\opencv4workflow\opencv4workflow\qplugins\detectidentify\selectshape\x64\release\qt\moc\moc_toolnterface.cpp
d:\opencv4workflow\opencv4workflow\qplugins\detectidentify\selectshape\x64\release\qt\moc\moc_baseitem.cpp
d:\opencv4workflow\opencv4workflow\qplugins\detectidentify\selectshape\x64\release\qt\moc\moc_controlitem.cpp
d:\opencv4workflow\opencv4workflow\qplugins\detectidentify\selectshape\x64\release\qt\moc\moc_imageitem.cpp
d:\opencv4workflow\opencv4workflow\qplugins\detectidentify\selectshape\x64\release\qt\moc\moc_qgraphicsscenes.cpp
d:\opencv4workflow\opencv4workflow\qplugins\detectidentify\selectshape\x64\release\qt\moc\moc_qgraphicsviews.cpp
d:\opencv4workflow\opencv4workflow\qplugins\detectidentify\selectshape\x64\release\qt\moc\moc_frmselectshape.cpp
d:\opencv4workflow\opencv4workflow\qplugins\detectidentify\selectshape\x64\release\qt\moc\moc_mytitlebar.cpp
d:\opencv4workflow\opencv4workflow\qplugins\detectidentify\selectshape\x64\release\qt\moc\moc_qtoolbase.cpp
d:\opencv4workflow\opencv4workflow\qplugins\detectidentify\selectshape\x64\release\qt\moc\moc_selectshape.cpp
g:\qmacvisual(cv3)(25000)\qmacvisual(cv3)2022.9.21(25000)\qmacvisual(cv3)\qsoftexe\release\plugins\selectshape.lib
g:\qmacvisual(cv3)(25000)\qmacvisual(cv3)2022.9.21(25000)\qmacvisual(cv3)\qsoftexe\release\plugins\selectshape.exp
d:\opencv4workflow\opencv4workflow\qplugins\detectidentify\selectshape\x64\release\baseitem.obj
d:\opencv4workflow\opencv4workflow\qplugins\detectidentify\selectshape\x64\release\controlitem.obj
d:\opencv4workflow\opencv4workflow\qplugins\detectidentify\selectshape\x64\release\frmselectshape.obj
d:\opencv4workflow\opencv4workflow\qplugins\detectidentify\selectshape\x64\release\imageitem.obj
d:\opencv4workflow\opencv4workflow\qplugins\detectidentify\selectshape\x64\release\moc_baseitem.obj
d:\opencv4workflow\opencv4workflow\qplugins\detectidentify\selectshape\x64\release\moc_controlitem.obj
d:\opencv4workflow\opencv4workflow\qplugins\detectidentify\selectshape\x64\release\moc_frmselectshape.obj
d:\opencv4workflow\opencv4workflow\qplugins\detectidentify\selectshape\x64\release\moc_imageitem.obj
d:\opencv4workflow\opencv4workflow\qplugins\detectidentify\selectshape\x64\release\moc_mytitlebar.obj
d:\opencv4workflow\opencv4workflow\qplugins\detectidentify\selectshape\x64\release\moc_qgraphicsscenes.obj
d:\opencv4workflow\opencv4workflow\qplugins\detectidentify\selectshape\x64\release\moc_qgraphicsviews.obj
d:\opencv4workflow\opencv4workflow\qplugins\detectidentify\selectshape\x64\release\moc_qtoolbase.obj
d:\opencv4workflow\opencv4workflow\qplugins\detectidentify\selectshape\x64\release\moc_selectshape.obj
d:\opencv4workflow\opencv4workflow\qplugins\detectidentify\selectshape\x64\release\moc_toolnterface.obj
d:\opencv4workflow\opencv4workflow\qplugins\detectidentify\selectshape\x64\release\mytitlebar.obj
d:\opencv4workflow\opencv4workflow\qplugins\detectidentify\selectshape\x64\release\qgraphicsscenes.obj
d:\opencv4workflow\opencv4workflow\qplugins\detectidentify\selectshape\x64\release\qgraphicsviews.obj
d:\opencv4workflow\opencv4workflow\qplugins\detectidentify\selectshape\x64\release\qrc_sub_res.obj
d:\opencv4workflow\opencv4workflow\qplugins\detectidentify\selectshape\x64\release\selectshape.obj
d:\opencv4workflow\opencv4workflow\qplugins\detectidentify\selectshape\x64\release\toolnterface.obj
d:\opencv4workflow\opencv4workflow\qplugins\detectidentify\selectshape\x64\release\vc143.pdb
d:\opencv4workflow\opencv4workflow\qsoftexe\release\plugins\selectshape.dll
d:\opencv4workflow\opencv4workflow\qplugins\detectidentify\selectshape\x64\release\selectshape.tlog\cl.command.1.tlog
d:\opencv4workflow\opencv4workflow\qplugins\detectidentify\selectshape\x64\release\selectshape.tlog\cl.items.tlog
d:\opencv4workflow\opencv4workflow\qplugins\detectidentify\selectshape\x64\release\selectshape.tlog\cl.read.1.tlog
d:\opencv4workflow\opencv4workflow\qplugins\detectidentify\selectshape\x64\release\selectshape.tlog\cl.write.1.tlog
d:\opencv4workflow\opencv4workflow\qplugins\detectidentify\selectshape\x64\release\selectshape.tlog\link.command.1.tlog
d:\opencv4workflow\opencv4workflow\qplugins\detectidentify\selectshape\x64\release\selectshape.tlog\link.read.1.tlog
d:\opencv4workflow\opencv4workflow\qplugins\detectidentify\selectshape\x64\release\selectshape.tlog\link.secondary.1.tlog
d:\opencv4workflow\opencv4workflow\qplugins\detectidentify\selectshape\x64\release\selectshape.tlog\link.write.1.tlog
d:\opencv4workflow\opencv4workflow\qplugins\detectidentify\selectshape\x64\release\selectshape.tlog\moc.read.1u.tlog
d:\opencv4workflow\opencv4workflow\qplugins\detectidentify\selectshape\x64\release\selectshape.tlog\moc.write.1u.tlog
d:\opencv4workflow\opencv4workflow\qplugins\detectidentify\selectshape\x64\release\selectshape.tlog\rcc.read.1u.tlog
d:\opencv4workflow\opencv4workflow\qplugins\detectidentify\selectshape\x64\release\selectshape.tlog\rcc.write.1u.tlog
d:\opencv4workflow\opencv4workflow\qplugins\detectidentify\selectshape\x64\release\selectshape.tlog\selectshape.write.1u.tlog
d:\opencv4workflow\opencv4workflow\qplugins\detectidentify\selectshape\x64\release\selectshape.tlog\uic.read.1u.tlog
d:\opencv4workflow\opencv4workflow\qplugins\detectidentify\selectshape\x64\release\selectshape.tlog\uic.write.1u.tlog
