   Qt/MSBuild: 3.4.1.0
  Reading Qt configuration (C:/Qt/Qt5.14.2/5.14.2/msvc2017_64/bin/qmake)
   Qt: 5.14.2
  uic frmBrightness.ui
  rcc sub_res.qrc
  moc Toolnterface.h
  moc QToolBase.h
  moc mytitlebar.h
  moc frmBrightness.h
  moc QGraphicsViews.h
  moc QGraphicsScenes.h
  moc ImageItem.h
  moc ControlItem.h
  moc BaseItem.h
  moc Brightness.h
  ControlItem.cpp
  frmBrightness.cpp
  ImageItem.cpp
  mytitlebar.cpp
  QGraphicsScenes.cpp
  QGraphicsViews.cpp
  Toolnterface.cpp
  BaseItem.cpp
  Brightness.cpp
  qrc_sub_res.cpp
  moc_Toolnterface.cpp
  moc_QToolBase.cpp
  moc_mytitlebar.cpp
  moc_frmBrightness.cpp
  moc_QGraphicsViews.cpp
  moc_QGraphicsScenes.cpp
  moc_ImageItem.cpp
  moc_ControlItem.cpp
  moc_BaseItem.cpp
  moc_Brightness.cpp
    正在创建库 ../../../QSoftExe/Debug/Plugins/Brightness.lib 和对象 ../../../QSoftExe/Debug/Plugins/Brightness.exp
  Brightness.vcxproj -> G:\QMacVisual(CV3)(25000)\QMacVisual(CV3)2022.9.21(25000)\QMacVisual(CV3)\QSoftExe\Debug\Plugins\Brightness.dll
