g:\qmacvisual(cv3)(25000)\qmacvisual(cv3)2022.9.21(25000)\qmacvisual(cv3)\qplugins\calibrationtools\measurecalibration\x64\release\vc143.pdb
g:\qmacvisual(cv3)(25000)\qmacvisual(cv3)2022.9.21(25000)\qmacvisual(cv3)\qplugins\calibrationtools\measurecalibration\x64\release\qrc_sub_res.obj
g:\qmacvisual(cv3)(25000)\qmacvisual(cv3)2022.9.21(25000)\qmacvisual(cv3)\qplugins\calibrationtools\measurecalibration\x64\release\qgraphicsscenes.obj
g:\qmacvisual(cv3)(25000)\qmacvisual(cv3)2022.9.21(25000)\qmacvisual(cv3)\qplugins\calibrationtools\measurecalibration\x64\release\controlitem.obj
g:\qmacvisual(cv3)(25000)\qmacvisual(cv3)2022.9.21(25000)\qmacvisual(cv3)\qplugins\calibrationtools\measurecalibration\x64\release\mytitlebar.obj
g:\qmacvisual(cv3)(25000)\qmacvisual(cv3)2022.9.21(25000)\qmacvisual(cv3)\qplugins\calibrationtools\measurecalibration\x64\release\baseitem.obj
g:\qmacvisual(cv3)(25000)\qmacvisual(cv3)2022.9.21(25000)\qmacvisual(cv3)\qplugins\calibrationtools\measurecalibration\x64\release\imageitem.obj
g:\qmacvisual(cv3)(25000)\qmacvisual(cv3)2022.9.21(25000)\qmacvisual(cv3)\qplugins\calibrationtools\measurecalibration\x64\release\measurecalibration.obj
g:\qmacvisual(cv3)(25000)\qmacvisual(cv3)2022.9.21(25000)\qmacvisual(cv3)\qplugins\calibrationtools\measurecalibration\x64\release\frmmeasurecalibration.obj
g:\qmacvisual(cv3)(25000)\qmacvisual(cv3)2022.9.21(25000)\qmacvisual(cv3)\qplugins\calibrationtools\measurecalibration\x64\release\qgraphicsviews.obj
g:\qmacvisual(cv3)(25000)\qmacvisual(cv3)2022.9.21(25000)\qmacvisual(cv3)\qplugins\calibrationtools\measurecalibration\x64\release\toolnterface.obj
g:\qmacvisual(cv3)(25000)\qmacvisual(cv3)2022.9.21(25000)\qmacvisual(cv3)\qplugins\calibrationtools\measurecalibration\x64\release\moc_toolnterface.obj
g:\qmacvisual(cv3)(25000)\qmacvisual(cv3)2022.9.21(25000)\qmacvisual(cv3)\qplugins\calibrationtools\measurecalibration\x64\release\moc_controlitem.obj
g:\qmacvisual(cv3)(25000)\qmacvisual(cv3)2022.9.21(25000)\qmacvisual(cv3)\qplugins\calibrationtools\measurecalibration\x64\release\moc_mytitlebar.obj
g:\qmacvisual(cv3)(25000)\qmacvisual(cv3)2022.9.21(25000)\qmacvisual(cv3)\qplugins\calibrationtools\measurecalibration\x64\release\moc_baseitem.obj
g:\qmacvisual(cv3)(25000)\qmacvisual(cv3)2022.9.21(25000)\qmacvisual(cv3)\qplugins\calibrationtools\measurecalibration\x64\release\moc_frmmeasurecalibration.obj
g:\qmacvisual(cv3)(25000)\qmacvisual(cv3)2022.9.21(25000)\qmacvisual(cv3)\qplugins\calibrationtools\measurecalibration\x64\release\moc_qgraphicsviews.obj
g:\qmacvisual(cv3)(25000)\qmacvisual(cv3)2022.9.21(25000)\qmacvisual(cv3)\qplugins\calibrationtools\measurecalibration\x64\release\moc_qgraphicsscenes.obj
g:\qmacvisual(cv3)(25000)\qmacvisual(cv3)2022.9.21(25000)\qmacvisual(cv3)\qplugins\calibrationtools\measurecalibration\x64\release\moc_qtoolbase.obj
g:\qmacvisual(cv3)(25000)\qmacvisual(cv3)2022.9.21(25000)\qmacvisual(cv3)\qplugins\calibrationtools\measurecalibration\x64\release\moc_imageitem.obj
g:\qmacvisual(cv3)(25000)\qmacvisual(cv3)2022.9.21(25000)\qmacvisual(cv3)\qplugins\calibrationtools\measurecalibration\x64\release\moc_measurecalibration.obj
g:\qmacvisual(cv3)(25000)\qmacvisual(cv3)2022.9.21(25000)\qmacvisual(cv3)\qsoftexe\release\plugins\measurecalibration.dll
g:\qmacvisual(cv3)(25000)\qmacvisual(cv3)2022.9.21(25000)\qmacvisual(cv3)\qplugins\calibrationtools\measurecalibration\x64\release\qt\uic\ui_frmmeasurecalibration.h
g:\qmacvisual(cv3)(25000)\qmacvisual(cv3)2022.9.21(25000)\qmacvisual(cv3)\qplugins\calibrationtools\measurecalibration\x64\release\qt\rcc\qrc_sub_res.cpp
g:\qmacvisual(cv3)(25000)\qmacvisual(cv3)2022.9.21(25000)\qmacvisual(cv3)\qplugins\calibrationtools\measurecalibration\x64\release\qt\moc\moc_qtoolbase.cpp
g:\qmacvisual(cv3)(25000)\qmacvisual(cv3)2022.9.21(25000)\qmacvisual(cv3)\qplugins\calibrationtools\measurecalibration\x64\release\qt\moc\moc_toolnterface.cpp
g:\qmacvisual(cv3)(25000)\qmacvisual(cv3)2022.9.21(25000)\qmacvisual(cv3)\qplugins\calibrationtools\measurecalibration\x64\release\qt\moc\moc_frmmeasurecalibration.cpp
g:\qmacvisual(cv3)(25000)\qmacvisual(cv3)2022.9.21(25000)\qmacvisual(cv3)\qplugins\calibrationtools\measurecalibration\x64\release\qt\moc\moc_imageitem.cpp
g:\qmacvisual(cv3)(25000)\qmacvisual(cv3)2022.9.21(25000)\qmacvisual(cv3)\qplugins\calibrationtools\measurecalibration\x64\release\qt\moc\moc_mytitlebar.cpp
g:\qmacvisual(cv3)(25000)\qmacvisual(cv3)2022.9.21(25000)\qmacvisual(cv3)\qplugins\calibrationtools\measurecalibration\x64\release\qt\moc\moc_qgraphicsviews.cpp
g:\qmacvisual(cv3)(25000)\qmacvisual(cv3)2022.9.21(25000)\qmacvisual(cv3)\qplugins\calibrationtools\measurecalibration\x64\release\qt\moc\moc_qgraphicsscenes.cpp
g:\qmacvisual(cv3)(25000)\qmacvisual(cv3)2022.9.21(25000)\qmacvisual(cv3)\qplugins\calibrationtools\measurecalibration\x64\release\qt\moc\moc_baseitem.cpp
g:\qmacvisual(cv3)(25000)\qmacvisual(cv3)2022.9.21(25000)\qmacvisual(cv3)\qplugins\calibrationtools\measurecalibration\x64\release\qt\moc\moc_controlitem.cpp
g:\qmacvisual(cv3)(25000)\qmacvisual(cv3)2022.9.21(25000)\qmacvisual(cv3)\qplugins\calibrationtools\measurecalibration\x64\release\qt\moc\moc_measurecalibration.cpp
d:\opencv4workflow\opencv4workflow\qplugins\calibrationtools\measurecalibration\x64\release\qt\uic\ui_frmmeasurecalibration.h
d:\opencv4workflow\opencv4workflow\qplugins\calibrationtools\measurecalibration\x64\release\qt\rcc\qrc_sub_res.cpp
d:\opencv4workflow\opencv4workflow\qplugins\calibrationtools\measurecalibration\x64\release\qt\moc\moc_qtoolbase.cpp
d:\opencv4workflow\opencv4workflow\qplugins\calibrationtools\measurecalibration\x64\release\qt\moc\moc_toolnterface.cpp
d:\opencv4workflow\opencv4workflow\qplugins\calibrationtools\measurecalibration\x64\release\qt\moc\moc_frmmeasurecalibration.cpp
d:\opencv4workflow\opencv4workflow\qplugins\calibrationtools\measurecalibration\x64\release\qt\moc\moc_imageitem.cpp
d:\opencv4workflow\opencv4workflow\qplugins\calibrationtools\measurecalibration\x64\release\qt\moc\moc_mytitlebar.cpp
d:\opencv4workflow\opencv4workflow\qplugins\calibrationtools\measurecalibration\x64\release\qt\moc\moc_qgraphicsviews.cpp
d:\opencv4workflow\opencv4workflow\qplugins\calibrationtools\measurecalibration\x64\release\qt\moc\moc_qgraphicsscenes.cpp
d:\opencv4workflow\opencv4workflow\qplugins\calibrationtools\measurecalibration\x64\release\qt\moc\moc_baseitem.cpp
d:\opencv4workflow\opencv4workflow\qplugins\calibrationtools\measurecalibration\x64\release\qt\moc\moc_controlitem.cpp
d:\opencv4workflow\opencv4workflow\qplugins\calibrationtools\measurecalibration\x64\release\qt\moc\moc_measurecalibration.cpp
g:\qmacvisual(cv3)(25000)\qmacvisual(cv3)2022.9.21(25000)\qmacvisual(cv3)\qsoftexe\release\plugins\measurecalibration.lib
g:\qmacvisual(cv3)(25000)\qmacvisual(cv3)2022.9.21(25000)\qmacvisual(cv3)\qsoftexe\release\plugins\measurecalibration.exp
d:\opencv4workflow\opencv4workflow\qplugins\calibrationtools\measurecalibration\x64\release\baseitem.obj
d:\opencv4workflow\opencv4workflow\qplugins\calibrationtools\measurecalibration\x64\release\controlitem.obj
d:\opencv4workflow\opencv4workflow\qplugins\calibrationtools\measurecalibration\x64\release\frmmeasurecalibration.obj
d:\opencv4workflow\opencv4workflow\qplugins\calibrationtools\measurecalibration\x64\release\imageitem.obj
d:\opencv4workflow\opencv4workflow\qplugins\calibrationtools\measurecalibration\x64\release\measurecalibration.obj
d:\opencv4workflow\opencv4workflow\qplugins\calibrationtools\measurecalibration\x64\release\moc_baseitem.obj
d:\opencv4workflow\opencv4workflow\qplugins\calibrationtools\measurecalibration\x64\release\moc_controlitem.obj
d:\opencv4workflow\opencv4workflow\qplugins\calibrationtools\measurecalibration\x64\release\moc_frmmeasurecalibration.obj
d:\opencv4workflow\opencv4workflow\qplugins\calibrationtools\measurecalibration\x64\release\moc_imageitem.obj
d:\opencv4workflow\opencv4workflow\qplugins\calibrationtools\measurecalibration\x64\release\moc_measurecalibration.obj
d:\opencv4workflow\opencv4workflow\qplugins\calibrationtools\measurecalibration\x64\release\moc_mytitlebar.obj
d:\opencv4workflow\opencv4workflow\qplugins\calibrationtools\measurecalibration\x64\release\moc_qgraphicsscenes.obj
d:\opencv4workflow\opencv4workflow\qplugins\calibrationtools\measurecalibration\x64\release\moc_qgraphicsviews.obj
d:\opencv4workflow\opencv4workflow\qplugins\calibrationtools\measurecalibration\x64\release\moc_qtoolbase.obj
d:\opencv4workflow\opencv4workflow\qplugins\calibrationtools\measurecalibration\x64\release\moc_toolnterface.obj
d:\opencv4workflow\opencv4workflow\qplugins\calibrationtools\measurecalibration\x64\release\mytitlebar.obj
d:\opencv4workflow\opencv4workflow\qplugins\calibrationtools\measurecalibration\x64\release\qgraphicsscenes.obj
d:\opencv4workflow\opencv4workflow\qplugins\calibrationtools\measurecalibration\x64\release\qgraphicsviews.obj
d:\opencv4workflow\opencv4workflow\qplugins\calibrationtools\measurecalibration\x64\release\qrc_sub_res.obj
d:\opencv4workflow\opencv4workflow\qplugins\calibrationtools\measurecalibration\x64\release\toolnterface.obj
d:\opencv4workflow\opencv4workflow\qplugins\calibrationtools\measurecalibration\x64\release\vc143.pdb
d:\opencv4workflow\opencv4workflow\qsoftexe\release\plugins\measurecalibration.dll
d:\opencv4workflow\opencv4workflow\qplugins\calibrationtools\measurecalibration\x64\release\measurec.4c44abb2.tlog\cl.command.1.tlog
d:\opencv4workflow\opencv4workflow\qplugins\calibrationtools\measurecalibration\x64\release\measurec.4c44abb2.tlog\cl.items.tlog
d:\opencv4workflow\opencv4workflow\qplugins\calibrationtools\measurecalibration\x64\release\measurec.4c44abb2.tlog\cl.read.1.tlog
d:\opencv4workflow\opencv4workflow\qplugins\calibrationtools\measurecalibration\x64\release\measurec.4c44abb2.tlog\cl.write.1.tlog
d:\opencv4workflow\opencv4workflow\qplugins\calibrationtools\measurecalibration\x64\release\measurec.4c44abb2.tlog\link.command.1.tlog
d:\opencv4workflow\opencv4workflow\qplugins\calibrationtools\measurecalibration\x64\release\measurec.4c44abb2.tlog\link.read.1.tlog
d:\opencv4workflow\opencv4workflow\qplugins\calibrationtools\measurecalibration\x64\release\measurec.4c44abb2.tlog\link.secondary.1.tlog
d:\opencv4workflow\opencv4workflow\qplugins\calibrationtools\measurecalibration\x64\release\measurec.4c44abb2.tlog\link.write.1.tlog
d:\opencv4workflow\opencv4workflow\qplugins\calibrationtools\measurecalibration\x64\release\measurec.4c44abb2.tlog\measurecalibration.write.1u.tlog
d:\opencv4workflow\opencv4workflow\qplugins\calibrationtools\measurecalibration\x64\release\measurec.4c44abb2.tlog\moc.read.1u.tlog
d:\opencv4workflow\opencv4workflow\qplugins\calibrationtools\measurecalibration\x64\release\measurec.4c44abb2.tlog\moc.write.1u.tlog
d:\opencv4workflow\opencv4workflow\qplugins\calibrationtools\measurecalibration\x64\release\measurec.4c44abb2.tlog\rcc.read.1u.tlog
d:\opencv4workflow\opencv4workflow\qplugins\calibrationtools\measurecalibration\x64\release\measurec.4c44abb2.tlog\rcc.write.1u.tlog
d:\opencv4workflow\opencv4workflow\qplugins\calibrationtools\measurecalibration\x64\release\measurec.4c44abb2.tlog\uic.read.1u.tlog
d:\opencv4workflow\opencv4workflow\qplugins\calibrationtools\measurecalibration\x64\release\measurec.4c44abb2.tlog\uic.write.1u.tlog
