   Qt/MSBuild: 3.4.1.0
  Reading Qt configuration (E:/Qt/Qt5.14.2/5.14.2/msvc2017_64/bin/qmake)
   Qt: 5.14.2
  uic frmMeasureCalibration.ui
  rcc sub_res.qrc
  moc QToolBase.h
  moc Toolnterface.h
  moc frmMeasureCalibration.h
  moc ImageItem.h
  moc mytitlebar.h
  moc QGraphicsViews.h
  moc QGraphicsScenes.h
  moc BaseItem.h
  moc ControlItem.h
  moc MeasureCalibration.h
  frmMeasureCalibration.cpp
  ImageItem.cpp
  mytitlebar.cpp
  QGraphicsScenes.cpp
  QGraphicsViews.cpp
  Toolnterface.cpp
  BaseItem.cpp
  ControlItem.cpp
  MeasureCalibration.cpp
  qrc_sub_res.cpp
  moc_QToolBase.cpp
  moc_Toolnterface.cpp
  moc_frmMeasureCalibration.cpp
  moc_ImageItem.cpp
  moc_mytitlebar.cpp
  moc_QGraphicsViews.cpp
  moc_QGraphicsScenes.cpp
  moc_BaseItem.cpp
  moc_ControlItem.cpp
  moc_MeasureCalibration.cpp
    正在创建库 ../../../QSoftExe/Release/Plugins/MeasureCalibration.lib 和对象 ../../../QSoftExe/Release/Plugins/MeasureCalibration.exp
  MeasureCalibration.vcxproj -> D:\opencv4workflow\opencv4workflow\QSoftExe\Release\Plugins\MeasureCalibration.dll
