d:\opencv4workflow\opencv4workflow\qplugins\communicatetools\sockettcpserver\x64\debug\vc143.pdb
d:\opencv4workflow\opencv4workflow\qplugins\communicatetools\sockettcpserver\x64\debug\qrc_sub_res.obj
d:\opencv4workflow\opencv4workflow\qplugins\communicatetools\sockettcpserver\x64\debug\toolnterface.obj
d:\opencv4workflow\opencv4workflow\qplugins\communicatetools\sockettcpserver\x64\debug\frmsockettcpserver.obj
d:\opencv4workflow\opencv4workflow\qplugins\communicatetools\sockettcpserver\x64\debug\mytitlebar.obj
d:\opencv4workflow\opencv4workflow\qplugins\communicatetools\sockettcpserver\x64\debug\sockettcpserver.obj
d:\opencv4workflow\opencv4workflow\qplugins\communicatetools\sockettcpserver\x64\debug\moc_sockettcpserver.obj
d:\opencv4workflow\opencv4workflow\qplugins\communicatetools\sockettcpserver\x64\debug\moc_frmsockettcpserver.obj
d:\opencv4workflow\opencv4workflow\qplugins\communicatetools\sockettcpserver\x64\debug\moc_mytitlebar.obj
d:\opencv4workflow\opencv4workflow\qplugins\communicatetools\sockettcpserver\x64\debug\moc_qtoolbase.obj
d:\opencv4workflow\opencv4workflow\qplugins\communicatetools\sockettcpserver\x64\debug\moc_toolnterface.obj
d:\opencv4workflow\opencv4workflow\qsoftexe\debug\plugins\sockettcpserver.dll
d:\opencv4workflow\opencv4workflow\qsoftexe\debug\plugins\sockettcpserver.pdb
d:\opencv4workflow\opencv4workflow\qplugins\communicatetools\sockettcpserver\x64\debug\qt\moc\moc_toolnterface.cpp
d:\opencv4workflow\opencv4workflow\qplugins\communicatetools\sockettcpserver\x64\debug\qt\moc\moc_frmsockettcpserver.cpp
d:\opencv4workflow\opencv4workflow\qplugins\communicatetools\sockettcpserver\x64\debug\qt\moc\moc_mytitlebar.cpp
d:\opencv4workflow\opencv4workflow\qplugins\communicatetools\sockettcpserver\x64\debug\qt\moc\moc_qtoolbase.cpp
d:\opencv4workflow\opencv4workflow\qplugins\communicatetools\sockettcpserver\x64\debug\qt\moc\moc_sockettcpserver.cpp
d:\opencv4workflow\opencv4workflow\qplugins\communicatetools\sockettcpserver\x64\debug\qt\rcc\qrc_sub_res.cpp
d:\opencv4workflow\opencv4workflow\qplugins\communicatetools\sockettcpserver\x64\debug\qt\uic\ui_frmsockettcpserver.h
g:\qmacvisual(cv3)(25000)\qmacvisual(cv3)2022.9.21(25000)\qmacvisual(cv3)\qplugins\communicatetools\sockettcpserver\x64\debug\qt\uic\ui_frmsockettcpserver.h
g:\qmacvisual(cv3)(25000)\qmacvisual(cv3)2022.9.21(25000)\qmacvisual(cv3)\qplugins\communicatetools\sockettcpserver\x64\debug\qt\rcc\qrc_sub_res.cpp
g:\qmacvisual(cv3)(25000)\qmacvisual(cv3)2022.9.21(25000)\qmacvisual(cv3)\qplugins\communicatetools\sockettcpserver\x64\debug\qt\moc\moc_toolnterface.cpp
g:\qmacvisual(cv3)(25000)\qmacvisual(cv3)2022.9.21(25000)\qmacvisual(cv3)\qplugins\communicatetools\sockettcpserver\x64\debug\qt\moc\moc_frmsockettcpserver.cpp
g:\qmacvisual(cv3)(25000)\qmacvisual(cv3)2022.9.21(25000)\qmacvisual(cv3)\qplugins\communicatetools\sockettcpserver\x64\debug\qt\moc\moc_mytitlebar.cpp
g:\qmacvisual(cv3)(25000)\qmacvisual(cv3)2022.9.21(25000)\qmacvisual(cv3)\qplugins\communicatetools\sockettcpserver\x64\debug\qt\moc\moc_qtoolbase.cpp
g:\qmacvisual(cv3)(25000)\qmacvisual(cv3)2022.9.21(25000)\qmacvisual(cv3)\qplugins\communicatetools\sockettcpserver\x64\debug\qt\moc\moc_sockettcpserver.cpp
d:\opencv4workflow\opencv4workflow\qsoftexe\debug\plugins\sockettcpserver.lib
d:\opencv4workflow\opencv4workflow\qsoftexe\debug\plugins\sockettcpserver.exp
d:\opencv4workflow\opencv4workflow\qsoftexe\debug\plugins\sockettcpserver.ilk
g:\qmacvisual(cv3)(25000)\qmacvisual(cv3)2022.9.21(25000)\qmacvisual(cv3)\qplugins\communicatetools\sockettcpserver\x64\debug\frmsockettcpserver.obj
g:\qmacvisual(cv3)(25000)\qmacvisual(cv3)2022.9.21(25000)\qmacvisual(cv3)\qplugins\communicatetools\sockettcpserver\x64\debug\moc_frmsockettcpserver.obj
g:\qmacvisual(cv3)(25000)\qmacvisual(cv3)2022.9.21(25000)\qmacvisual(cv3)\qplugins\communicatetools\sockettcpserver\x64\debug\moc_mytitlebar.obj
g:\qmacvisual(cv3)(25000)\qmacvisual(cv3)2022.9.21(25000)\qmacvisual(cv3)\qplugins\communicatetools\sockettcpserver\x64\debug\moc_qtoolbase.obj
g:\qmacvisual(cv3)(25000)\qmacvisual(cv3)2022.9.21(25000)\qmacvisual(cv3)\qplugins\communicatetools\sockettcpserver\x64\debug\moc_sockettcpserver.obj
g:\qmacvisual(cv3)(25000)\qmacvisual(cv3)2022.9.21(25000)\qmacvisual(cv3)\qplugins\communicatetools\sockettcpserver\x64\debug\moc_toolnterface.obj
g:\qmacvisual(cv3)(25000)\qmacvisual(cv3)2022.9.21(25000)\qmacvisual(cv3)\qplugins\communicatetools\sockettcpserver\x64\debug\mytitlebar.obj
g:\qmacvisual(cv3)(25000)\qmacvisual(cv3)2022.9.21(25000)\qmacvisual(cv3)\qplugins\communicatetools\sockettcpserver\x64\debug\qrc_sub_res.obj
g:\qmacvisual(cv3)(25000)\qmacvisual(cv3)2022.9.21(25000)\qmacvisual(cv3)\qplugins\communicatetools\sockettcpserver\x64\debug\sockettcpserver.obj
g:\qmacvisual(cv3)(25000)\qmacvisual(cv3)2022.9.21(25000)\qmacvisual(cv3)\qplugins\communicatetools\sockettcpserver\x64\debug\toolnterface.obj
g:\qmacvisual(cv3)(25000)\qmacvisual(cv3)2022.9.21(25000)\qmacvisual(cv3)\qplugins\communicatetools\sockettcpserver\x64\debug\vc143.pdb
g:\qmacvisual(cv3)(25000)\qmacvisual(cv3)2022.9.21(25000)\qmacvisual(cv3)\qsoftexe\debug\plugins\sockettcpserver.dll
g:\qmacvisual(cv3)(25000)\qmacvisual(cv3)2022.9.21(25000)\qmacvisual(cv3)\qplugins\communicatetools\sockettcpserver\x64\debug\sockettcpserver.tlog\cl.command.1.tlog
g:\qmacvisual(cv3)(25000)\qmacvisual(cv3)2022.9.21(25000)\qmacvisual(cv3)\qplugins\communicatetools\sockettcpserver\x64\debug\sockettcpserver.tlog\cl.items.tlog
g:\qmacvisual(cv3)(25000)\qmacvisual(cv3)2022.9.21(25000)\qmacvisual(cv3)\qplugins\communicatetools\sockettcpserver\x64\debug\sockettcpserver.tlog\cl.read.1.tlog
g:\qmacvisual(cv3)(25000)\qmacvisual(cv3)2022.9.21(25000)\qmacvisual(cv3)\qplugins\communicatetools\sockettcpserver\x64\debug\sockettcpserver.tlog\cl.write.1.tlog
g:\qmacvisual(cv3)(25000)\qmacvisual(cv3)2022.9.21(25000)\qmacvisual(cv3)\qplugins\communicatetools\sockettcpserver\x64\debug\sockettcpserver.tlog\link.command.1.tlog
g:\qmacvisual(cv3)(25000)\qmacvisual(cv3)2022.9.21(25000)\qmacvisual(cv3)\qplugins\communicatetools\sockettcpserver\x64\debug\sockettcpserver.tlog\link.read.1.tlog
g:\qmacvisual(cv3)(25000)\qmacvisual(cv3)2022.9.21(25000)\qmacvisual(cv3)\qplugins\communicatetools\sockettcpserver\x64\debug\sockettcpserver.tlog\link.secondary.1.tlog
g:\qmacvisual(cv3)(25000)\qmacvisual(cv3)2022.9.21(25000)\qmacvisual(cv3)\qplugins\communicatetools\sockettcpserver\x64\debug\sockettcpserver.tlog\link.write.1.tlog
g:\qmacvisual(cv3)(25000)\qmacvisual(cv3)2022.9.21(25000)\qmacvisual(cv3)\qplugins\communicatetools\sockettcpserver\x64\debug\sockettcpserver.tlog\moc.read.1u.tlog
g:\qmacvisual(cv3)(25000)\qmacvisual(cv3)2022.9.21(25000)\qmacvisual(cv3)\qplugins\communicatetools\sockettcpserver\x64\debug\sockettcpserver.tlog\moc.write.1u.tlog
g:\qmacvisual(cv3)(25000)\qmacvisual(cv3)2022.9.21(25000)\qmacvisual(cv3)\qplugins\communicatetools\sockettcpserver\x64\debug\sockettcpserver.tlog\rcc.read.1u.tlog
g:\qmacvisual(cv3)(25000)\qmacvisual(cv3)2022.9.21(25000)\qmacvisual(cv3)\qplugins\communicatetools\sockettcpserver\x64\debug\sockettcpserver.tlog\rcc.write.1u.tlog
g:\qmacvisual(cv3)(25000)\qmacvisual(cv3)2022.9.21(25000)\qmacvisual(cv3)\qplugins\communicatetools\sockettcpserver\x64\debug\sockettcpserver.tlog\sockettcpserver.write.1u.tlog
g:\qmacvisual(cv3)(25000)\qmacvisual(cv3)2022.9.21(25000)\qmacvisual(cv3)\qplugins\communicatetools\sockettcpserver\x64\debug\sockettcpserver.tlog\uic.read.1u.tlog
g:\qmacvisual(cv3)(25000)\qmacvisual(cv3)2022.9.21(25000)\qmacvisual(cv3)\qplugins\communicatetools\sockettcpserver\x64\debug\sockettcpserver.tlog\uic.write.1u.tlog
