d:\opencv4workflow\opencv4workflow\qplugins\systemtools\exportcsv\x64\debug\vc143.pdb
d:\opencv4workflow\opencv4workflow\qplugins\systemtools\exportcsv\x64\debug\qrc_sub_res.obj
d:\opencv4workflow\opencv4workflow\qplugins\systemtools\exportcsv\x64\debug\toolnterface.obj
d:\opencv4workflow\opencv4workflow\qplugins\systemtools\exportcsv\x64\debug\frmexportcsv.obj
d:\opencv4workflow\opencv4workflow\qplugins\systemtools\exportcsv\x64\debug\mytitlebar.obj
d:\opencv4workflow\opencv4workflow\qplugins\systemtools\exportcsv\x64\debug\exportcsv.obj
d:\opencv4workflow\opencv4workflow\qplugins\systemtools\exportcsv\x64\debug\moc_toolnterface.obj
d:\opencv4workflow\opencv4workflow\qplugins\systemtools\exportcsv\x64\debug\moc_qtoolbase.obj
d:\opencv4workflow\opencv4workflow\qplugins\systemtools\exportcsv\x64\debug\moc_frmexportcsv.obj
d:\opencv4workflow\opencv4workflow\qplugins\systemtools\exportcsv\x64\debug\moc_mytitlebar.obj
d:\opencv4workflow\opencv4workflow\qplugins\systemtools\exportcsv\x64\debug\moc_exportcsv.obj
d:\opencv4workflow\opencv4workflow\qplugins\systemtools\exportcsv\x64\debug\qt\uic\ui_frmexportcsv.h
d:\opencv4workflow\opencv4workflow\qplugins\systemtools\exportcsv\x64\debug\qt\rcc\qrc_sub_res.cpp
d:\opencv4workflow\opencv4workflow\qplugins\systemtools\exportcsv\x64\debug\qt\moc\moc_toolnterface.cpp
d:\opencv4workflow\opencv4workflow\qplugins\systemtools\exportcsv\x64\debug\qt\moc\moc_qtoolbase.cpp
d:\opencv4workflow\opencv4workflow\qplugins\systemtools\exportcsv\x64\debug\qt\moc\moc_frmexportcsv.cpp
d:\opencv4workflow\opencv4workflow\qplugins\systemtools\exportcsv\x64\debug\qt\moc\moc_mytitlebar.cpp
d:\opencv4workflow\opencv4workflow\qplugins\systemtools\exportcsv\x64\debug\qt\moc\moc_exportcsv.cpp
g:\qmacvisual(cv3)(25000)\qmacvisual(cv3)2022.9.21(25000)\qmacvisual(cv3)\qplugins\systemtools\exportcsv\x64\debug\qt\uic\ui_frmexportcsv.h
g:\qmacvisual(cv3)(25000)\qmacvisual(cv3)2022.9.21(25000)\qmacvisual(cv3)\qplugins\systemtools\exportcsv\x64\debug\qt\rcc\qrc_sub_res.cpp
g:\qmacvisual(cv3)(25000)\qmacvisual(cv3)2022.9.21(25000)\qmacvisual(cv3)\qplugins\systemtools\exportcsv\x64\debug\qt\moc\moc_toolnterface.cpp
g:\qmacvisual(cv3)(25000)\qmacvisual(cv3)2022.9.21(25000)\qmacvisual(cv3)\qplugins\systemtools\exportcsv\x64\debug\qt\moc\moc_qtoolbase.cpp
g:\qmacvisual(cv3)(25000)\qmacvisual(cv3)2022.9.21(25000)\qmacvisual(cv3)\qplugins\systemtools\exportcsv\x64\debug\qt\moc\moc_frmexportcsv.cpp
g:\qmacvisual(cv3)(25000)\qmacvisual(cv3)2022.9.21(25000)\qmacvisual(cv3)\qplugins\systemtools\exportcsv\x64\debug\qt\moc\moc_mytitlebar.cpp
g:\qmacvisual(cv3)(25000)\qmacvisual(cv3)2022.9.21(25000)\qmacvisual(cv3)\qplugins\systemtools\exportcsv\x64\debug\qt\moc\moc_exportcsv.cpp
d:\opencv4workflow\opencv4workflow\qsoftexe\debug\plugins\exportcsv.dll
d:\opencv4workflow\opencv4workflow\qsoftexe\debug\plugins\exportcsv.pdb
d:\opencv4workflow\opencv4workflow\qsoftexe\debug\plugins\exportcsv.lib
d:\opencv4workflow\opencv4workflow\qsoftexe\debug\plugins\exportcsv.exp
d:\opencv4workflow\opencv4workflow\qsoftexe\debug\plugins\exportcsv.ilk
g:\qmacvisual(cv3)(25000)\qmacvisual(cv3)2022.9.21(25000)\qmacvisual(cv3)\qplugins\systemtools\exportcsv\x64\debug\exportcsv.obj
g:\qmacvisual(cv3)(25000)\qmacvisual(cv3)2022.9.21(25000)\qmacvisual(cv3)\qplugins\systemtools\exportcsv\x64\debug\frmexportcsv.obj
g:\qmacvisual(cv3)(25000)\qmacvisual(cv3)2022.9.21(25000)\qmacvisual(cv3)\qplugins\systemtools\exportcsv\x64\debug\moc_exportcsv.obj
g:\qmacvisual(cv3)(25000)\qmacvisual(cv3)2022.9.21(25000)\qmacvisual(cv3)\qplugins\systemtools\exportcsv\x64\debug\moc_frmexportcsv.obj
g:\qmacvisual(cv3)(25000)\qmacvisual(cv3)2022.9.21(25000)\qmacvisual(cv3)\qplugins\systemtools\exportcsv\x64\debug\moc_mytitlebar.obj
g:\qmacvisual(cv3)(25000)\qmacvisual(cv3)2022.9.21(25000)\qmacvisual(cv3)\qplugins\systemtools\exportcsv\x64\debug\moc_qtoolbase.obj
g:\qmacvisual(cv3)(25000)\qmacvisual(cv3)2022.9.21(25000)\qmacvisual(cv3)\qplugins\systemtools\exportcsv\x64\debug\moc_toolnterface.obj
g:\qmacvisual(cv3)(25000)\qmacvisual(cv3)2022.9.21(25000)\qmacvisual(cv3)\qplugins\systemtools\exportcsv\x64\debug\mytitlebar.obj
g:\qmacvisual(cv3)(25000)\qmacvisual(cv3)2022.9.21(25000)\qmacvisual(cv3)\qplugins\systemtools\exportcsv\x64\debug\qrc_sub_res.obj
g:\qmacvisual(cv3)(25000)\qmacvisual(cv3)2022.9.21(25000)\qmacvisual(cv3)\qplugins\systemtools\exportcsv\x64\debug\toolnterface.obj
g:\qmacvisual(cv3)(25000)\qmacvisual(cv3)2022.9.21(25000)\qmacvisual(cv3)\qplugins\systemtools\exportcsv\x64\debug\vc143.pdb
g:\qmacvisual(cv3)(25000)\qmacvisual(cv3)2022.9.21(25000)\qmacvisual(cv3)\qsoftexe\debug\plugins\exportcsv.dll
g:\qmacvisual(cv3)(25000)\qmacvisual(cv3)2022.9.21(25000)\qmacvisual(cv3)\qplugins\systemtools\exportcsv\x64\debug\exportcsv.tlog\cl.command.1.tlog
g:\qmacvisual(cv3)(25000)\qmacvisual(cv3)2022.9.21(25000)\qmacvisual(cv3)\qplugins\systemtools\exportcsv\x64\debug\exportcsv.tlog\cl.items.tlog
g:\qmacvisual(cv3)(25000)\qmacvisual(cv3)2022.9.21(25000)\qmacvisual(cv3)\qplugins\systemtools\exportcsv\x64\debug\exportcsv.tlog\cl.read.1.tlog
g:\qmacvisual(cv3)(25000)\qmacvisual(cv3)2022.9.21(25000)\qmacvisual(cv3)\qplugins\systemtools\exportcsv\x64\debug\exportcsv.tlog\cl.write.1.tlog
g:\qmacvisual(cv3)(25000)\qmacvisual(cv3)2022.9.21(25000)\qmacvisual(cv3)\qplugins\systemtools\exportcsv\x64\debug\exportcsv.tlog\exportcsv.write.1u.tlog
g:\qmacvisual(cv3)(25000)\qmacvisual(cv3)2022.9.21(25000)\qmacvisual(cv3)\qplugins\systemtools\exportcsv\x64\debug\exportcsv.tlog\link.command.1.tlog
g:\qmacvisual(cv3)(25000)\qmacvisual(cv3)2022.9.21(25000)\qmacvisual(cv3)\qplugins\systemtools\exportcsv\x64\debug\exportcsv.tlog\link.read.1.tlog
g:\qmacvisual(cv3)(25000)\qmacvisual(cv3)2022.9.21(25000)\qmacvisual(cv3)\qplugins\systemtools\exportcsv\x64\debug\exportcsv.tlog\link.secondary.1.tlog
g:\qmacvisual(cv3)(25000)\qmacvisual(cv3)2022.9.21(25000)\qmacvisual(cv3)\qplugins\systemtools\exportcsv\x64\debug\exportcsv.tlog\link.write.1.tlog
g:\qmacvisual(cv3)(25000)\qmacvisual(cv3)2022.9.21(25000)\qmacvisual(cv3)\qplugins\systemtools\exportcsv\x64\debug\exportcsv.tlog\moc.read.1u.tlog
g:\qmacvisual(cv3)(25000)\qmacvisual(cv3)2022.9.21(25000)\qmacvisual(cv3)\qplugins\systemtools\exportcsv\x64\debug\exportcsv.tlog\moc.write.1u.tlog
g:\qmacvisual(cv3)(25000)\qmacvisual(cv3)2022.9.21(25000)\qmacvisual(cv3)\qplugins\systemtools\exportcsv\x64\debug\exportcsv.tlog\rcc.read.1u.tlog
g:\qmacvisual(cv3)(25000)\qmacvisual(cv3)2022.9.21(25000)\qmacvisual(cv3)\qplugins\systemtools\exportcsv\x64\debug\exportcsv.tlog\rcc.write.1u.tlog
g:\qmacvisual(cv3)(25000)\qmacvisual(cv3)2022.9.21(25000)\qmacvisual(cv3)\qplugins\systemtools\exportcsv\x64\debug\exportcsv.tlog\uic.read.1u.tlog
g:\qmacvisual(cv3)(25000)\qmacvisual(cv3)2022.9.21(25000)\qmacvisual(cv3)\qplugins\systemtools\exportcsv\x64\debug\exportcsv.tlog\uic.write.1u.tlog
