g:\qmacvisual(cv3)(25000)\qmacvisual(cv3)2022.9.21(25000)\qmacvisual(cv3)\qplugins\imageprocess\imagesplice\x64\debug\vc143.pdb
g:\qmacvisual(cv3)(25000)\qmacvisual(cv3)2022.9.21(25000)\qmacvisual(cv3)\qplugins\imageprocess\imagesplice\x64\debug\qrc_sub_res.obj
g:\qmacvisual(cv3)(25000)\qmacvisual(cv3)2022.9.21(25000)\qmacvisual(cv3)\qplugins\imageprocess\imagesplice\x64\debug\frmimagesplice.obj
g:\qmacvisual(cv3)(25000)\qmacvisual(cv3)2022.9.21(25000)\qmacvisual(cv3)\qplugins\imageprocess\imagesplice\x64\debug\qgraphicsviews.obj
g:\qmacvisual(cv3)(25000)\qmacvisual(cv3)2022.9.21(25000)\qmacvisual(cv3)\qplugins\imageprocess\imagesplice\x64\debug\imagesplice.obj
g:\qmacvisual(cv3)(25000)\qmacvisual(cv3)2022.9.21(25000)\qmacvisual(cv3)\qplugins\imageprocess\imagesplice\x64\debug\qgraphicsscenes.obj
g:\qmacvisual(cv3)(25000)\qmacvisual(cv3)2022.9.21(25000)\qmacvisual(cv3)\qplugins\imageprocess\imagesplice\x64\debug\controlitem.obj
g:\qmacvisual(cv3)(25000)\qmacvisual(cv3)2022.9.21(25000)\qmacvisual(cv3)\qplugins\imageprocess\imagesplice\x64\debug\toolnterface.obj
g:\qmacvisual(cv3)(25000)\qmacvisual(cv3)2022.9.21(25000)\qmacvisual(cv3)\qplugins\imageprocess\imagesplice\x64\debug\mytitlebar.obj
g:\qmacvisual(cv3)(25000)\qmacvisual(cv3)2022.9.21(25000)\qmacvisual(cv3)\qplugins\imageprocess\imagesplice\x64\debug\imageitem.obj
g:\qmacvisual(cv3)(25000)\qmacvisual(cv3)2022.9.21(25000)\qmacvisual(cv3)\qplugins\imageprocess\imagesplice\x64\debug\baseitem.obj
g:\qmacvisual(cv3)(25000)\qmacvisual(cv3)2022.9.21(25000)\qmacvisual(cv3)\qplugins\imageprocess\imagesplice\x64\debug\moc_frmimagesplice.obj
g:\qmacvisual(cv3)(25000)\qmacvisual(cv3)2022.9.21(25000)\qmacvisual(cv3)\qplugins\imageprocess\imagesplice\x64\debug\moc_imageitem.obj
g:\qmacvisual(cv3)(25000)\qmacvisual(cv3)2022.9.21(25000)\qmacvisual(cv3)\qplugins\imageprocess\imagesplice\x64\debug\moc_qgraphicsscenes.obj
g:\qmacvisual(cv3)(25000)\qmacvisual(cv3)2022.9.21(25000)\qmacvisual(cv3)\qplugins\imageprocess\imagesplice\x64\debug\moc_toolnterface.obj
g:\qmacvisual(cv3)(25000)\qmacvisual(cv3)2022.9.21(25000)\qmacvisual(cv3)\qplugins\imageprocess\imagesplice\x64\debug\moc_qgraphicsviews.obj
g:\qmacvisual(cv3)(25000)\qmacvisual(cv3)2022.9.21(25000)\qmacvisual(cv3)\qplugins\imageprocess\imagesplice\x64\debug\moc_controlitem.obj
g:\qmacvisual(cv3)(25000)\qmacvisual(cv3)2022.9.21(25000)\qmacvisual(cv3)\qplugins\imageprocess\imagesplice\x64\debug\moc_mytitlebar.obj
g:\qmacvisual(cv3)(25000)\qmacvisual(cv3)2022.9.21(25000)\qmacvisual(cv3)\qplugins\imageprocess\imagesplice\x64\debug\moc_baseitem.obj
g:\qmacvisual(cv3)(25000)\qmacvisual(cv3)2022.9.21(25000)\qmacvisual(cv3)\qplugins\imageprocess\imagesplice\x64\debug\moc_qtoolbase.obj
g:\qmacvisual(cv3)(25000)\qmacvisual(cv3)2022.9.21(25000)\qmacvisual(cv3)\qplugins\imageprocess\imagesplice\x64\debug\moc_imagesplice.obj
g:\qmacvisual(cv3)(25000)\qmacvisual(cv3)2022.9.21(25000)\qmacvisual(cv3)\qplugins\imageprocess\imagesplice\x64\debug\qt\uic\ui_frmimagesplice.h
g:\qmacvisual(cv3)(25000)\qmacvisual(cv3)2022.9.21(25000)\qmacvisual(cv3)\qplugins\imageprocess\imagesplice\x64\debug\qt\rcc\qrc_sub_res.cpp
g:\qmacvisual(cv3)(25000)\qmacvisual(cv3)2022.9.21(25000)\qmacvisual(cv3)\qplugins\imageprocess\imagesplice\x64\debug\qt\moc\moc_toolnterface.cpp
g:\qmacvisual(cv3)(25000)\qmacvisual(cv3)2022.9.21(25000)\qmacvisual(cv3)\qplugins\imageprocess\imagesplice\x64\debug\qt\moc\moc_qtoolbase.cpp
g:\qmacvisual(cv3)(25000)\qmacvisual(cv3)2022.9.21(25000)\qmacvisual(cv3)\qplugins\imageprocess\imagesplice\x64\debug\qt\moc\moc_frmimagesplice.cpp
g:\qmacvisual(cv3)(25000)\qmacvisual(cv3)2022.9.21(25000)\qmacvisual(cv3)\qplugins\imageprocess\imagesplice\x64\debug\qt\moc\moc_imageitem.cpp
g:\qmacvisual(cv3)(25000)\qmacvisual(cv3)2022.9.21(25000)\qmacvisual(cv3)\qplugins\imageprocess\imagesplice\x64\debug\qt\moc\moc_mytitlebar.cpp
g:\qmacvisual(cv3)(25000)\qmacvisual(cv3)2022.9.21(25000)\qmacvisual(cv3)\qplugins\imageprocess\imagesplice\x64\debug\qt\moc\moc_qgraphicsviews.cpp
g:\qmacvisual(cv3)(25000)\qmacvisual(cv3)2022.9.21(25000)\qmacvisual(cv3)\qplugins\imageprocess\imagesplice\x64\debug\qt\moc\moc_qgraphicsscenes.cpp
g:\qmacvisual(cv3)(25000)\qmacvisual(cv3)2022.9.21(25000)\qmacvisual(cv3)\qplugins\imageprocess\imagesplice\x64\debug\qt\moc\moc_baseitem.cpp
g:\qmacvisual(cv3)(25000)\qmacvisual(cv3)2022.9.21(25000)\qmacvisual(cv3)\qplugins\imageprocess\imagesplice\x64\debug\qt\moc\moc_controlitem.cpp
g:\qmacvisual(cv3)(25000)\qmacvisual(cv3)2022.9.21(25000)\qmacvisual(cv3)\qplugins\imageprocess\imagesplice\x64\debug\qt\moc\moc_imagesplice.cpp
d:\opencv4workflow\opencv4workflow\qplugins\imageprocess\imagesplice\x64\debug\qt\uic\ui_frmimagesplice.h
d:\opencv4workflow\opencv4workflow\qplugins\imageprocess\imagesplice\x64\debug\qt\rcc\qrc_sub_res.cpp
d:\opencv4workflow\opencv4workflow\qplugins\imageprocess\imagesplice\x64\debug\qt\moc\moc_toolnterface.cpp
d:\opencv4workflow\opencv4workflow\qplugins\imageprocess\imagesplice\x64\debug\qt\moc\moc_qtoolbase.cpp
d:\opencv4workflow\opencv4workflow\qplugins\imageprocess\imagesplice\x64\debug\qt\moc\moc_frmimagesplice.cpp
d:\opencv4workflow\opencv4workflow\qplugins\imageprocess\imagesplice\x64\debug\qt\moc\moc_imageitem.cpp
d:\opencv4workflow\opencv4workflow\qplugins\imageprocess\imagesplice\x64\debug\qt\moc\moc_mytitlebar.cpp
d:\opencv4workflow\opencv4workflow\qplugins\imageprocess\imagesplice\x64\debug\qt\moc\moc_qgraphicsviews.cpp
d:\opencv4workflow\opencv4workflow\qplugins\imageprocess\imagesplice\x64\debug\qt\moc\moc_qgraphicsscenes.cpp
d:\opencv4workflow\opencv4workflow\qplugins\imageprocess\imagesplice\x64\debug\qt\moc\moc_baseitem.cpp
d:\opencv4workflow\opencv4workflow\qplugins\imageprocess\imagesplice\x64\debug\qt\moc\moc_controlitem.cpp
d:\opencv4workflow\opencv4workflow\qplugins\imageprocess\imagesplice\x64\debug\qt\moc\moc_imagesplice.cpp
g:\qmacvisual(cv3)(25000)\qmacvisual(cv3)2022.9.21(25000)\qmacvisual(cv3)\qsoftexe\debug\plugins\imagesplice.dll
g:\qmacvisual(cv3)(25000)\qmacvisual(cv3)2022.9.21(25000)\qmacvisual(cv3)\qsoftexe\debug\plugins\imagesplice.pdb
g:\qmacvisual(cv3)(25000)\qmacvisual(cv3)2022.9.21(25000)\qmacvisual(cv3)\qsoftexe\debug\plugins\imagesplice.lib
g:\qmacvisual(cv3)(25000)\qmacvisual(cv3)2022.9.21(25000)\qmacvisual(cv3)\qsoftexe\debug\plugins\imagesplice.exp
g:\qmacvisual(cv3)(25000)\qmacvisual(cv3)2022.9.21(25000)\qmacvisual(cv3)\qsoftexe\debug\plugins\imagesplice.ilk
d:\opencv4workflow\opencv4workflow\qplugins\imageprocess\imagesplice\x64\debug\baseitem.obj
d:\opencv4workflow\opencv4workflow\qplugins\imageprocess\imagesplice\x64\debug\controlitem.obj
d:\opencv4workflow\opencv4workflow\qplugins\imageprocess\imagesplice\x64\debug\frmimagesplice.obj
d:\opencv4workflow\opencv4workflow\qplugins\imageprocess\imagesplice\x64\debug\imageitem.obj
d:\opencv4workflow\opencv4workflow\qplugins\imageprocess\imagesplice\x64\debug\imagesplice.obj
d:\opencv4workflow\opencv4workflow\qplugins\imageprocess\imagesplice\x64\debug\moc_baseitem.obj
d:\opencv4workflow\opencv4workflow\qplugins\imageprocess\imagesplice\x64\debug\moc_controlitem.obj
d:\opencv4workflow\opencv4workflow\qplugins\imageprocess\imagesplice\x64\debug\moc_frmimagesplice.obj
d:\opencv4workflow\opencv4workflow\qplugins\imageprocess\imagesplice\x64\debug\moc_imageitem.obj
d:\opencv4workflow\opencv4workflow\qplugins\imageprocess\imagesplice\x64\debug\moc_imagesplice.obj
d:\opencv4workflow\opencv4workflow\qplugins\imageprocess\imagesplice\x64\debug\moc_mytitlebar.obj
d:\opencv4workflow\opencv4workflow\qplugins\imageprocess\imagesplice\x64\debug\moc_qgraphicsscenes.obj
d:\opencv4workflow\opencv4workflow\qplugins\imageprocess\imagesplice\x64\debug\moc_qgraphicsviews.obj
d:\opencv4workflow\opencv4workflow\qplugins\imageprocess\imagesplice\x64\debug\moc_qtoolbase.obj
d:\opencv4workflow\opencv4workflow\qplugins\imageprocess\imagesplice\x64\debug\moc_toolnterface.obj
d:\opencv4workflow\opencv4workflow\qplugins\imageprocess\imagesplice\x64\debug\mytitlebar.obj
d:\opencv4workflow\opencv4workflow\qplugins\imageprocess\imagesplice\x64\debug\qgraphicsscenes.obj
d:\opencv4workflow\opencv4workflow\qplugins\imageprocess\imagesplice\x64\debug\qgraphicsviews.obj
d:\opencv4workflow\opencv4workflow\qplugins\imageprocess\imagesplice\x64\debug\qrc_sub_res.obj
d:\opencv4workflow\opencv4workflow\qplugins\imageprocess\imagesplice\x64\debug\toolnterface.obj
d:\opencv4workflow\opencv4workflow\qplugins\imageprocess\imagesplice\x64\debug\vc142.pdb
d:\opencv4workflow\opencv4workflow\qplugins\imageprocess\imagesplice\x64\debug\vc143.pdb
d:\opencv4workflow\opencv4workflow\qsoftexe\debug\plugins\imagesplice.dll
d:\opencv4workflow\opencv4workflow\qplugins\imageprocess\imagesplice\x64\debug\imagesplice.tlog\cl.command.1.tlog
d:\opencv4workflow\opencv4workflow\qplugins\imageprocess\imagesplice\x64\debug\imagesplice.tlog\cl.items.tlog
d:\opencv4workflow\opencv4workflow\qplugins\imageprocess\imagesplice\x64\debug\imagesplice.tlog\cl.read.1.tlog
d:\opencv4workflow\opencv4workflow\qplugins\imageprocess\imagesplice\x64\debug\imagesplice.tlog\cl.write.1.tlog
d:\opencv4workflow\opencv4workflow\qplugins\imageprocess\imagesplice\x64\debug\imagesplice.tlog\imagesplice.write.1u.tlog
d:\opencv4workflow\opencv4workflow\qplugins\imageprocess\imagesplice\x64\debug\imagesplice.tlog\link.command.1.tlog
d:\opencv4workflow\opencv4workflow\qplugins\imageprocess\imagesplice\x64\debug\imagesplice.tlog\link.read.1.tlog
d:\opencv4workflow\opencv4workflow\qplugins\imageprocess\imagesplice\x64\debug\imagesplice.tlog\link.secondary.1.tlog
d:\opencv4workflow\opencv4workflow\qplugins\imageprocess\imagesplice\x64\debug\imagesplice.tlog\link.write.1.tlog
d:\opencv4workflow\opencv4workflow\qplugins\imageprocess\imagesplice\x64\debug\imagesplice.tlog\moc.read.1u.tlog
d:\opencv4workflow\opencv4workflow\qplugins\imageprocess\imagesplice\x64\debug\imagesplice.tlog\moc.write.1u.tlog
d:\opencv4workflow\opencv4workflow\qplugins\imageprocess\imagesplice\x64\debug\imagesplice.tlog\rcc.read.1u.tlog
d:\opencv4workflow\opencv4workflow\qplugins\imageprocess\imagesplice\x64\debug\imagesplice.tlog\rcc.write.1u.tlog
d:\opencv4workflow\opencv4workflow\qplugins\imageprocess\imagesplice\x64\debug\imagesplice.tlog\uic.read.1u.tlog
d:\opencv4workflow\opencv4workflow\qplugins\imageprocess\imagesplice\x64\debug\imagesplice.tlog\uic.write.1u.tlog
