g:\qmacvisual(cv3)(25000)\qmacvisual(cv3)2022.9.21(25000)\qmacvisual(cv3)\qplugins\geometrytools\fitline\x64\release\vc143.pdb
g:\qmacvisual(cv3)(25000)\qmacvisual(cv3)2022.9.21(25000)\qmacvisual(cv3)\qplugins\geometrytools\fitline\x64\release\qrc_sub_res.obj
g:\qmacvisual(cv3)(25000)\qmacvisual(cv3)2022.9.21(25000)\qmacvisual(cv3)\qplugins\geometrytools\fitline\x64\release\frmfitline.obj
g:\qmacvisual(cv3)(25000)\qmacvisual(cv3)2022.9.21(25000)\qmacvisual(cv3)\qplugins\geometrytools\fitline\x64\release\mytitlebar.obj
g:\qmacvisual(cv3)(25000)\qmacvisual(cv3)2022.9.21(25000)\qmacvisual(cv3)\qplugins\geometrytools\fitline\x64\release\controlitem.obj
g:\qmacvisual(cv3)(25000)\qmacvisual(cv3)2022.9.21(25000)\qmacvisual(cv3)\qplugins\geometrytools\fitline\x64\release\qgraphicsscenes.obj
g:\qmacvisual(cv3)(25000)\qmacvisual(cv3)2022.9.21(25000)\qmacvisual(cv3)\qplugins\geometrytools\fitline\x64\release\qgraphicsviews.obj
g:\qmacvisual(cv3)(25000)\qmacvisual(cv3)2022.9.21(25000)\qmacvisual(cv3)\qplugins\geometrytools\fitline\x64\release\toolnterface.obj
g:\qmacvisual(cv3)(25000)\qmacvisual(cv3)2022.9.21(25000)\qmacvisual(cv3)\qplugins\geometrytools\fitline\x64\release\fitline.obj
g:\qmacvisual(cv3)(25000)\qmacvisual(cv3)2022.9.21(25000)\qmacvisual(cv3)\qplugins\geometrytools\fitline\x64\release\imageitem.obj
g:\qmacvisual(cv3)(25000)\qmacvisual(cv3)2022.9.21(25000)\qmacvisual(cv3)\qplugins\geometrytools\fitline\x64\release\baseitem.obj
g:\qmacvisual(cv3)(25000)\qmacvisual(cv3)2022.9.21(25000)\qmacvisual(cv3)\qplugins\geometrytools\fitline\x64\release\moc_qgraphicsviews.obj
g:\qmacvisual(cv3)(25000)\qmacvisual(cv3)2022.9.21(25000)\qmacvisual(cv3)\qplugins\geometrytools\fitline\x64\release\moc_frmfitline.obj
g:\qmacvisual(cv3)(25000)\qmacvisual(cv3)2022.9.21(25000)\qmacvisual(cv3)\qplugins\geometrytools\fitline\x64\release\moc_qtoolbase.obj
g:\qmacvisual(cv3)(25000)\qmacvisual(cv3)2022.9.21(25000)\qmacvisual(cv3)\qplugins\geometrytools\fitline\x64\release\moc_baseitem.obj
g:\qmacvisual(cv3)(25000)\qmacvisual(cv3)2022.9.21(25000)\qmacvisual(cv3)\qplugins\geometrytools\fitline\x64\release\moc_mytitlebar.obj
g:\qmacvisual(cv3)(25000)\qmacvisual(cv3)2022.9.21(25000)\qmacvisual(cv3)\qplugins\geometrytools\fitline\x64\release\moc_imageitem.obj
g:\qmacvisual(cv3)(25000)\qmacvisual(cv3)2022.9.21(25000)\qmacvisual(cv3)\qplugins\geometrytools\fitline\x64\release\moc_fitline.obj
g:\qmacvisual(cv3)(25000)\qmacvisual(cv3)2022.9.21(25000)\qmacvisual(cv3)\qplugins\geometrytools\fitline\x64\release\moc_toolnterface.obj
g:\qmacvisual(cv3)(25000)\qmacvisual(cv3)2022.9.21(25000)\qmacvisual(cv3)\qplugins\geometrytools\fitline\x64\release\moc_qgraphicsscenes.obj
g:\qmacvisual(cv3)(25000)\qmacvisual(cv3)2022.9.21(25000)\qmacvisual(cv3)\qplugins\geometrytools\fitline\x64\release\moc_controlitem.obj
g:\qmacvisual(cv3)(25000)\qmacvisual(cv3)2022.9.21(25000)\qmacvisual(cv3)\qplugins\geometrytools\fitline\x64\release\qt\uic\ui_frmfitline.h
g:\qmacvisual(cv3)(25000)\qmacvisual(cv3)2022.9.21(25000)\qmacvisual(cv3)\qplugins\geometrytools\fitline\x64\release\qt\rcc\qrc_sub_res.cpp
g:\qmacvisual(cv3)(25000)\qmacvisual(cv3)2022.9.21(25000)\qmacvisual(cv3)\qplugins\geometrytools\fitline\x64\release\qt\moc\moc_toolnterface.cpp
g:\qmacvisual(cv3)(25000)\qmacvisual(cv3)2022.9.21(25000)\qmacvisual(cv3)\qplugins\geometrytools\fitline\x64\release\qt\moc\moc_qtoolbase.cpp
g:\qmacvisual(cv3)(25000)\qmacvisual(cv3)2022.9.21(25000)\qmacvisual(cv3)\qplugins\geometrytools\fitline\x64\release\qt\moc\moc_mytitlebar.cpp
g:\qmacvisual(cv3)(25000)\qmacvisual(cv3)2022.9.21(25000)\qmacvisual(cv3)\qplugins\geometrytools\fitline\x64\release\qt\moc\moc_frmfitline.cpp
g:\qmacvisual(cv3)(25000)\qmacvisual(cv3)2022.9.21(25000)\qmacvisual(cv3)\qplugins\geometrytools\fitline\x64\release\qt\moc\moc_qgraphicsviews.cpp
g:\qmacvisual(cv3)(25000)\qmacvisual(cv3)2022.9.21(25000)\qmacvisual(cv3)\qplugins\geometrytools\fitline\x64\release\qt\moc\moc_qgraphicsscenes.cpp
g:\qmacvisual(cv3)(25000)\qmacvisual(cv3)2022.9.21(25000)\qmacvisual(cv3)\qplugins\geometrytools\fitline\x64\release\qt\moc\moc_imageitem.cpp
g:\qmacvisual(cv3)(25000)\qmacvisual(cv3)2022.9.21(25000)\qmacvisual(cv3)\qplugins\geometrytools\fitline\x64\release\qt\moc\moc_baseitem.cpp
g:\qmacvisual(cv3)(25000)\qmacvisual(cv3)2022.9.21(25000)\qmacvisual(cv3)\qplugins\geometrytools\fitline\x64\release\qt\moc\moc_controlitem.cpp
g:\qmacvisual(cv3)(25000)\qmacvisual(cv3)2022.9.21(25000)\qmacvisual(cv3)\qplugins\geometrytools\fitline\x64\release\qt\moc\moc_fitline.cpp
d:\opencv4workflow\opencv4workflow\qplugins\geometrytools\fitline\x64\release\qt\uic\ui_frmfitline.h
d:\opencv4workflow\opencv4workflow\qplugins\geometrytools\fitline\x64\release\qt\rcc\qrc_sub_res.cpp
d:\opencv4workflow\opencv4workflow\qplugins\geometrytools\fitline\x64\release\qt\moc\moc_toolnterface.cpp
d:\opencv4workflow\opencv4workflow\qplugins\geometrytools\fitline\x64\release\qt\moc\moc_qtoolbase.cpp
d:\opencv4workflow\opencv4workflow\qplugins\geometrytools\fitline\x64\release\qt\moc\moc_mytitlebar.cpp
d:\opencv4workflow\opencv4workflow\qplugins\geometrytools\fitline\x64\release\qt\moc\moc_frmfitline.cpp
d:\opencv4workflow\opencv4workflow\qplugins\geometrytools\fitline\x64\release\qt\moc\moc_qgraphicsviews.cpp
d:\opencv4workflow\opencv4workflow\qplugins\geometrytools\fitline\x64\release\qt\moc\moc_qgraphicsscenes.cpp
d:\opencv4workflow\opencv4workflow\qplugins\geometrytools\fitline\x64\release\qt\moc\moc_imageitem.cpp
d:\opencv4workflow\opencv4workflow\qplugins\geometrytools\fitline\x64\release\qt\moc\moc_baseitem.cpp
d:\opencv4workflow\opencv4workflow\qplugins\geometrytools\fitline\x64\release\qt\moc\moc_controlitem.cpp
d:\opencv4workflow\opencv4workflow\qplugins\geometrytools\fitline\x64\release\qt\moc\moc_fitline.cpp
g:\qmacvisual(cv3)(25000)\qmacvisual(cv3)2022.9.21(25000)\qmacvisual(cv3)\qsoftexe\release\plugins\fitline.dll
g:\qmacvisual(cv3)(25000)\qmacvisual(cv3)2022.9.21(25000)\qmacvisual(cv3)\qsoftexe\release\plugins\fitline.lib
g:\qmacvisual(cv3)(25000)\qmacvisual(cv3)2022.9.21(25000)\qmacvisual(cv3)\qsoftexe\release\plugins\fitline.exp
d:\opencv4workflow\opencv4workflow\qplugins\geometrytools\fitline\x64\release\baseitem.obj
d:\opencv4workflow\opencv4workflow\qplugins\geometrytools\fitline\x64\release\controlitem.obj
d:\opencv4workflow\opencv4workflow\qplugins\geometrytools\fitline\x64\release\fitline.obj
d:\opencv4workflow\opencv4workflow\qplugins\geometrytools\fitline\x64\release\frmfitline.obj
d:\opencv4workflow\opencv4workflow\qplugins\geometrytools\fitline\x64\release\imageitem.obj
d:\opencv4workflow\opencv4workflow\qplugins\geometrytools\fitline\x64\release\moc_baseitem.obj
d:\opencv4workflow\opencv4workflow\qplugins\geometrytools\fitline\x64\release\moc_controlitem.obj
d:\opencv4workflow\opencv4workflow\qplugins\geometrytools\fitline\x64\release\moc_fitline.obj
d:\opencv4workflow\opencv4workflow\qplugins\geometrytools\fitline\x64\release\moc_frmfitline.obj
d:\opencv4workflow\opencv4workflow\qplugins\geometrytools\fitline\x64\release\moc_imageitem.obj
d:\opencv4workflow\opencv4workflow\qplugins\geometrytools\fitline\x64\release\moc_mytitlebar.obj
d:\opencv4workflow\opencv4workflow\qplugins\geometrytools\fitline\x64\release\moc_qgraphicsscenes.obj
d:\opencv4workflow\opencv4workflow\qplugins\geometrytools\fitline\x64\release\moc_qgraphicsviews.obj
d:\opencv4workflow\opencv4workflow\qplugins\geometrytools\fitline\x64\release\moc_qtoolbase.obj
d:\opencv4workflow\opencv4workflow\qplugins\geometrytools\fitline\x64\release\moc_toolnterface.obj
d:\opencv4workflow\opencv4workflow\qplugins\geometrytools\fitline\x64\release\mytitlebar.obj
d:\opencv4workflow\opencv4workflow\qplugins\geometrytools\fitline\x64\release\qgraphicsscenes.obj
d:\opencv4workflow\opencv4workflow\qplugins\geometrytools\fitline\x64\release\qgraphicsviews.obj
d:\opencv4workflow\opencv4workflow\qplugins\geometrytools\fitline\x64\release\qrc_sub_res.obj
d:\opencv4workflow\opencv4workflow\qplugins\geometrytools\fitline\x64\release\toolnterface.obj
d:\opencv4workflow\opencv4workflow\qplugins\geometrytools\fitline\x64\release\vc143.pdb
d:\opencv4workflow\opencv4workflow\qsoftexe\release\plugins\fitline.dll
d:\opencv4workflow\opencv4workflow\qplugins\geometrytools\fitline\x64\release\fitline.tlog\cl.command.1.tlog
d:\opencv4workflow\opencv4workflow\qplugins\geometrytools\fitline\x64\release\fitline.tlog\cl.items.tlog
d:\opencv4workflow\opencv4workflow\qplugins\geometrytools\fitline\x64\release\fitline.tlog\cl.read.1.tlog
d:\opencv4workflow\opencv4workflow\qplugins\geometrytools\fitline\x64\release\fitline.tlog\cl.write.1.tlog
d:\opencv4workflow\opencv4workflow\qplugins\geometrytools\fitline\x64\release\fitline.tlog\fitline.write.1u.tlog
d:\opencv4workflow\opencv4workflow\qplugins\geometrytools\fitline\x64\release\fitline.tlog\link.command.1.tlog
d:\opencv4workflow\opencv4workflow\qplugins\geometrytools\fitline\x64\release\fitline.tlog\link.read.1.tlog
d:\opencv4workflow\opencv4workflow\qplugins\geometrytools\fitline\x64\release\fitline.tlog\link.secondary.1.tlog
d:\opencv4workflow\opencv4workflow\qplugins\geometrytools\fitline\x64\release\fitline.tlog\link.write.1.tlog
d:\opencv4workflow\opencv4workflow\qplugins\geometrytools\fitline\x64\release\fitline.tlog\moc.read.1u.tlog
d:\opencv4workflow\opencv4workflow\qplugins\geometrytools\fitline\x64\release\fitline.tlog\moc.write.1u.tlog
d:\opencv4workflow\opencv4workflow\qplugins\geometrytools\fitline\x64\release\fitline.tlog\rcc.read.1u.tlog
d:\opencv4workflow\opencv4workflow\qplugins\geometrytools\fitline\x64\release\fitline.tlog\rcc.write.1u.tlog
d:\opencv4workflow\opencv4workflow\qplugins\geometrytools\fitline\x64\release\fitline.tlog\uic.read.1u.tlog
d:\opencv4workflow\opencv4workflow\qplugins\geometrytools\fitline\x64\release\fitline.tlog\uic.write.1u.tlog
