   Qt/MSBuild: 3.4.1.0
  Reading Qt configuration (E:/Qt/Qt5.14.2/5.14.2/msvc2017_64/bin/qmake)
   Qt: 5.14.2
  uic frmExtensionLibrary.ui
  rcc sub_res.qrc
  moc Toolnterface.h
  moc QToolBase.h
  moc frmExtensionLibrary.h
  moc mytitlebar.h
  moc ExtensionLibrary.h
  frmExtensionLibrary.cpp
  mytitlebar.cpp
  Toolnterface.cpp
  ExtensionLibrary.cpp
  qrc_sub_res.cpp
  moc_Toolnterface.cpp
  moc_QToolBase.cpp
  moc_frmExtensionLibrary.cpp
  moc_mytitlebar.cpp
  moc_ExtensionLibrary.cpp
    正在创建库 ../../../QSoftExe/Release/Plugins/ExtensionLibrary.lib 和对象 ../../../QSoftExe/Release/Plugins/ExtensionLibrary.exp
  ExtensionLibrary.vcxproj -> D:\opencv4workflow\opencv4workflow\QSoftExe\Release\Plugins\ExtensionLibrary.dll
