g:\qmacvisual(cv3)(25000)\qmacvisual(cv3)2022.9.21(25000)\qmacvisual(cv3)\qplugins\calibrationtools\ertcalibration\x64\debug\vc143.pdb
g:\qmacvisual(cv3)(25000)\qmacvisual(cv3)2022.9.21(25000)\qmacvisual(cv3)\qplugins\calibrationtools\ertcalibration\x64\debug\qrc_sub_res.obj
g:\qmacvisual(cv3)(25000)\qmacvisual(cv3)2022.9.21(25000)\qmacvisual(cv3)\qplugins\calibrationtools\ertcalibration\x64\debug\frmertcalibration.obj
g:\qmacvisual(cv3)(25000)\qmacvisual(cv3)2022.9.21(25000)\qmacvisual(cv3)\qplugins\calibrationtools\ertcalibration\x64\debug\toolnterface.obj
g:\qmacvisual(cv3)(25000)\qmacvisual(cv3)2022.9.21(25000)\qmacvisual(cv3)\qplugins\calibrationtools\ertcalibration\x64\debug\qgraphicsscenes.obj
g:\qmacvisual(cv3)(25000)\qmacvisual(cv3)2022.9.21(25000)\qmacvisual(cv3)\qplugins\calibrationtools\ertcalibration\x64\debug\ertcalibration.obj
g:\qmacvisual(cv3)(25000)\qmacvisual(cv3)2022.9.21(25000)\qmacvisual(cv3)\qplugins\calibrationtools\ertcalibration\x64\debug\qgraphicsviews.obj
g:\qmacvisual(cv3)(25000)\qmacvisual(cv3)2022.9.21(25000)\qmacvisual(cv3)\qplugins\calibrationtools\ertcalibration\x64\debug\controlitem.obj
g:\qmacvisual(cv3)(25000)\qmacvisual(cv3)2022.9.21(25000)\qmacvisual(cv3)\qplugins\calibrationtools\ertcalibration\x64\debug\mytitlebar.obj
g:\qmacvisual(cv3)(25000)\qmacvisual(cv3)2022.9.21(25000)\qmacvisual(cv3)\qplugins\calibrationtools\ertcalibration\x64\debug\baseitem.obj
g:\qmacvisual(cv3)(25000)\qmacvisual(cv3)2022.9.21(25000)\qmacvisual(cv3)\qplugins\calibrationtools\ertcalibration\x64\debug\imageitem.obj
g:\qmacvisual(cv3)(25000)\qmacvisual(cv3)2022.9.21(25000)\qmacvisual(cv3)\qplugins\calibrationtools\ertcalibration\x64\debug\moc_toolnterface.obj
g:\qmacvisual(cv3)(25000)\qmacvisual(cv3)2022.9.21(25000)\qmacvisual(cv3)\qplugins\calibrationtools\ertcalibration\x64\debug\moc_imageitem.obj
g:\qmacvisual(cv3)(25000)\qmacvisual(cv3)2022.9.21(25000)\qmacvisual(cv3)\qplugins\calibrationtools\ertcalibration\x64\debug\moc_qgraphicsscenes.obj
g:\qmacvisual(cv3)(25000)\qmacvisual(cv3)2022.9.21(25000)\qmacvisual(cv3)\qplugins\calibrationtools\ertcalibration\x64\debug\moc_frmertcalibration.obj
g:\qmacvisual(cv3)(25000)\qmacvisual(cv3)2022.9.21(25000)\qmacvisual(cv3)\qplugins\calibrationtools\ertcalibration\x64\debug\moc_mytitlebar.obj
g:\qmacvisual(cv3)(25000)\qmacvisual(cv3)2022.9.21(25000)\qmacvisual(cv3)\qplugins\calibrationtools\ertcalibration\x64\debug\moc_baseitem.obj
g:\qmacvisual(cv3)(25000)\qmacvisual(cv3)2022.9.21(25000)\qmacvisual(cv3)\qplugins\calibrationtools\ertcalibration\x64\debug\moc_qtoolbase.obj
g:\qmacvisual(cv3)(25000)\qmacvisual(cv3)2022.9.21(25000)\qmacvisual(cv3)\qplugins\calibrationtools\ertcalibration\x64\debug\moc_controlitem.obj
g:\qmacvisual(cv3)(25000)\qmacvisual(cv3)2022.9.21(25000)\qmacvisual(cv3)\qplugins\calibrationtools\ertcalibration\x64\debug\moc_qgraphicsviews.obj
g:\qmacvisual(cv3)(25000)\qmacvisual(cv3)2022.9.21(25000)\qmacvisual(cv3)\qplugins\calibrationtools\ertcalibration\x64\debug\moc_ertcalibration.obj
g:\qmacvisual(cv3)(25000)\qmacvisual(cv3)2022.9.21(25000)\qmacvisual(cv3)\qplugins\calibrationtools\ertcalibration\x64\debug\qt\uic\ui_frmertcalibration.h
g:\qmacvisual(cv3)(25000)\qmacvisual(cv3)2022.9.21(25000)\qmacvisual(cv3)\qplugins\calibrationtools\ertcalibration\x64\debug\qt\rcc\qrc_sub_res.cpp
g:\qmacvisual(cv3)(25000)\qmacvisual(cv3)2022.9.21(25000)\qmacvisual(cv3)\qplugins\calibrationtools\ertcalibration\x64\debug\qt\moc\moc_qtoolbase.cpp
g:\qmacvisual(cv3)(25000)\qmacvisual(cv3)2022.9.21(25000)\qmacvisual(cv3)\qplugins\calibrationtools\ertcalibration\x64\debug\qt\moc\moc_toolnterface.cpp
g:\qmacvisual(cv3)(25000)\qmacvisual(cv3)2022.9.21(25000)\qmacvisual(cv3)\qplugins\calibrationtools\ertcalibration\x64\debug\qt\moc\moc_frmertcalibration.cpp
g:\qmacvisual(cv3)(25000)\qmacvisual(cv3)2022.9.21(25000)\qmacvisual(cv3)\qplugins\calibrationtools\ertcalibration\x64\debug\qt\moc\moc_imageitem.cpp
g:\qmacvisual(cv3)(25000)\qmacvisual(cv3)2022.9.21(25000)\qmacvisual(cv3)\qplugins\calibrationtools\ertcalibration\x64\debug\qt\moc\moc_mytitlebar.cpp
g:\qmacvisual(cv3)(25000)\qmacvisual(cv3)2022.9.21(25000)\qmacvisual(cv3)\qplugins\calibrationtools\ertcalibration\x64\debug\qt\moc\moc_qgraphicsviews.cpp
g:\qmacvisual(cv3)(25000)\qmacvisual(cv3)2022.9.21(25000)\qmacvisual(cv3)\qplugins\calibrationtools\ertcalibration\x64\debug\qt\moc\moc_qgraphicsscenes.cpp
g:\qmacvisual(cv3)(25000)\qmacvisual(cv3)2022.9.21(25000)\qmacvisual(cv3)\qplugins\calibrationtools\ertcalibration\x64\debug\qt\moc\moc_baseitem.cpp
g:\qmacvisual(cv3)(25000)\qmacvisual(cv3)2022.9.21(25000)\qmacvisual(cv3)\qplugins\calibrationtools\ertcalibration\x64\debug\qt\moc\moc_controlitem.cpp
g:\qmacvisual(cv3)(25000)\qmacvisual(cv3)2022.9.21(25000)\qmacvisual(cv3)\qplugins\calibrationtools\ertcalibration\x64\debug\qt\moc\moc_ertcalibration.cpp
d:\opencv4workflow\opencv4workflow\qplugins\calibrationtools\ertcalibration\x64\debug\qt\uic\ui_frmertcalibration.h
d:\opencv4workflow\opencv4workflow\qplugins\calibrationtools\ertcalibration\x64\debug\qt\rcc\qrc_sub_res.cpp
d:\opencv4workflow\opencv4workflow\qplugins\calibrationtools\ertcalibration\x64\debug\qt\moc\moc_qtoolbase.cpp
d:\opencv4workflow\opencv4workflow\qplugins\calibrationtools\ertcalibration\x64\debug\qt\moc\moc_toolnterface.cpp
d:\opencv4workflow\opencv4workflow\qplugins\calibrationtools\ertcalibration\x64\debug\qt\moc\moc_frmertcalibration.cpp
d:\opencv4workflow\opencv4workflow\qplugins\calibrationtools\ertcalibration\x64\debug\qt\moc\moc_imageitem.cpp
d:\opencv4workflow\opencv4workflow\qplugins\calibrationtools\ertcalibration\x64\debug\qt\moc\moc_mytitlebar.cpp
d:\opencv4workflow\opencv4workflow\qplugins\calibrationtools\ertcalibration\x64\debug\qt\moc\moc_qgraphicsviews.cpp
d:\opencv4workflow\opencv4workflow\qplugins\calibrationtools\ertcalibration\x64\debug\qt\moc\moc_qgraphicsscenes.cpp
d:\opencv4workflow\opencv4workflow\qplugins\calibrationtools\ertcalibration\x64\debug\qt\moc\moc_baseitem.cpp
d:\opencv4workflow\opencv4workflow\qplugins\calibrationtools\ertcalibration\x64\debug\qt\moc\moc_controlitem.cpp
d:\opencv4workflow\opencv4workflow\qplugins\calibrationtools\ertcalibration\x64\debug\qt\moc\moc_ertcalibration.cpp
g:\qmacvisual(cv3)(25000)\qmacvisual(cv3)2022.9.21(25000)\qmacvisual(cv3)\qsoftexe\debug\plugins\ertcalibration.dll
g:\qmacvisual(cv3)(25000)\qmacvisual(cv3)2022.9.21(25000)\qmacvisual(cv3)\qsoftexe\debug\plugins\ertcalibration.pdb
g:\qmacvisual(cv3)(25000)\qmacvisual(cv3)2022.9.21(25000)\qmacvisual(cv3)\qsoftexe\debug\plugins\ertcalibration.lib
g:\qmacvisual(cv3)(25000)\qmacvisual(cv3)2022.9.21(25000)\qmacvisual(cv3)\qsoftexe\debug\plugins\ertcalibration.exp
g:\qmacvisual(cv3)(25000)\qmacvisual(cv3)2022.9.21(25000)\qmacvisual(cv3)\qsoftexe\debug\plugins\ertcalibration.ilk
d:\opencv4workflow\opencv4workflow\qplugins\calibrationtools\ertcalibration\x64\debug\baseitem.obj
d:\opencv4workflow\opencv4workflow\qplugins\calibrationtools\ertcalibration\x64\debug\controlitem.obj
d:\opencv4workflow\opencv4workflow\qplugins\calibrationtools\ertcalibration\x64\debug\ertcalibration.obj
d:\opencv4workflow\opencv4workflow\qplugins\calibrationtools\ertcalibration\x64\debug\frmertcalibration.obj
d:\opencv4workflow\opencv4workflow\qplugins\calibrationtools\ertcalibration\x64\debug\imageitem.obj
d:\opencv4workflow\opencv4workflow\qplugins\calibrationtools\ertcalibration\x64\debug\moc_baseitem.obj
d:\opencv4workflow\opencv4workflow\qplugins\calibrationtools\ertcalibration\x64\debug\moc_controlitem.obj
d:\opencv4workflow\opencv4workflow\qplugins\calibrationtools\ertcalibration\x64\debug\moc_ertcalibration.obj
d:\opencv4workflow\opencv4workflow\qplugins\calibrationtools\ertcalibration\x64\debug\moc_frmertcalibration.obj
d:\opencv4workflow\opencv4workflow\qplugins\calibrationtools\ertcalibration\x64\debug\moc_imageitem.obj
d:\opencv4workflow\opencv4workflow\qplugins\calibrationtools\ertcalibration\x64\debug\moc_mytitlebar.obj
d:\opencv4workflow\opencv4workflow\qplugins\calibrationtools\ertcalibration\x64\debug\moc_qgraphicsscenes.obj
d:\opencv4workflow\opencv4workflow\qplugins\calibrationtools\ertcalibration\x64\debug\moc_qgraphicsviews.obj
d:\opencv4workflow\opencv4workflow\qplugins\calibrationtools\ertcalibration\x64\debug\moc_qtoolbase.obj
d:\opencv4workflow\opencv4workflow\qplugins\calibrationtools\ertcalibration\x64\debug\moc_toolnterface.obj
d:\opencv4workflow\opencv4workflow\qplugins\calibrationtools\ertcalibration\x64\debug\mytitlebar.obj
d:\opencv4workflow\opencv4workflow\qplugins\calibrationtools\ertcalibration\x64\debug\qgraphicsscenes.obj
d:\opencv4workflow\opencv4workflow\qplugins\calibrationtools\ertcalibration\x64\debug\qgraphicsviews.obj
d:\opencv4workflow\opencv4workflow\qplugins\calibrationtools\ertcalibration\x64\debug\qrc_sub_res.obj
d:\opencv4workflow\opencv4workflow\qplugins\calibrationtools\ertcalibration\x64\debug\toolnterface.obj
d:\opencv4workflow\opencv4workflow\qplugins\calibrationtools\ertcalibration\x64\debug\vc142.pdb
d:\opencv4workflow\opencv4workflow\qplugins\calibrationtools\ertcalibration\x64\debug\vc143.pdb
d:\opencv4workflow\opencv4workflow\qsoftexe\debug\plugins\ertcalibration.dll
d:\opencv4workflow\opencv4workflow\qplugins\calibrationtools\ertcalibration\x64\debug\ertcalibration.tlog\cl.command.1.tlog
d:\opencv4workflow\opencv4workflow\qplugins\calibrationtools\ertcalibration\x64\debug\ertcalibration.tlog\cl.items.tlog
d:\opencv4workflow\opencv4workflow\qplugins\calibrationtools\ertcalibration\x64\debug\ertcalibration.tlog\cl.read.1.tlog
d:\opencv4workflow\opencv4workflow\qplugins\calibrationtools\ertcalibration\x64\debug\ertcalibration.tlog\cl.write.1.tlog
d:\opencv4workflow\opencv4workflow\qplugins\calibrationtools\ertcalibration\x64\debug\ertcalibration.tlog\ertcalibration.write.1u.tlog
d:\opencv4workflow\opencv4workflow\qplugins\calibrationtools\ertcalibration\x64\debug\ertcalibration.tlog\link.command.1.tlog
d:\opencv4workflow\opencv4workflow\qplugins\calibrationtools\ertcalibration\x64\debug\ertcalibration.tlog\link.read.1.tlog
d:\opencv4workflow\opencv4workflow\qplugins\calibrationtools\ertcalibration\x64\debug\ertcalibration.tlog\link.secondary.1.tlog
d:\opencv4workflow\opencv4workflow\qplugins\calibrationtools\ertcalibration\x64\debug\ertcalibration.tlog\link.write.1.tlog
d:\opencv4workflow\opencv4workflow\qplugins\calibrationtools\ertcalibration\x64\debug\ertcalibration.tlog\moc.read.1u.tlog
d:\opencv4workflow\opencv4workflow\qplugins\calibrationtools\ertcalibration\x64\debug\ertcalibration.tlog\moc.write.1u.tlog
d:\opencv4workflow\opencv4workflow\qplugins\calibrationtools\ertcalibration\x64\debug\ertcalibration.tlog\rcc.read.1u.tlog
d:\opencv4workflow\opencv4workflow\qplugins\calibrationtools\ertcalibration\x64\debug\ertcalibration.tlog\rcc.write.1u.tlog
d:\opencv4workflow\opencv4workflow\qplugins\calibrationtools\ertcalibration\x64\debug\ertcalibration.tlog\uic.read.1u.tlog
d:\opencv4workflow\opencv4workflow\qplugins\calibrationtools\ertcalibration\x64\debug\ertcalibration.tlog\uic.write.1u.tlog
