g:\qmacvisual(cv3)(25000)\qmacvisual(cv3)2022.9.21(25000)\qmacvisual(cv3)\qplugins\imageprocess\exportimage\x64\release\vc143.pdb
g:\qmacvisual(cv3)(25000)\qmacvisual(cv3)2022.9.21(25000)\qmacvisual(cv3)\qplugins\imageprocess\exportimage\x64\release\qrc_sub_res.obj
g:\qmacvisual(cv3)(25000)\qmacvisual(cv3)2022.9.21(25000)\qmacvisual(cv3)\qplugins\imageprocess\exportimage\x64\release\toolnterface.obj
g:\qmacvisual(cv3)(25000)\qmacvisual(cv3)2022.9.21(25000)\qmacvisual(cv3)\qplugins\imageprocess\exportimage\x64\release\exportimage.obj
g:\qmacvisual(cv3)(25000)\qmacvisual(cv3)2022.9.21(25000)\qmacvisual(cv3)\qplugins\imageprocess\exportimage\x64\release\mytitlebar.obj
g:\qmacvisual(cv3)(25000)\qmacvisual(cv3)2022.9.21(25000)\qmacvisual(cv3)\qplugins\imageprocess\exportimage\x64\release\frmexportimage.obj
g:\qmacvisual(cv3)(25000)\qmacvisual(cv3)2022.9.21(25000)\qmacvisual(cv3)\qplugins\imageprocess\exportimage\x64\release\moc_mytitlebar.obj
g:\qmacvisual(cv3)(25000)\qmacvisual(cv3)2022.9.21(25000)\qmacvisual(cv3)\qplugins\imageprocess\exportimage\x64\release\moc_qtoolbase.obj
g:\qmacvisual(cv3)(25000)\qmacvisual(cv3)2022.9.21(25000)\qmacvisual(cv3)\qplugins\imageprocess\exportimage\x64\release\moc_toolnterface.obj
g:\qmacvisual(cv3)(25000)\qmacvisual(cv3)2022.9.21(25000)\qmacvisual(cv3)\qplugins\imageprocess\exportimage\x64\release\moc_exportimage.obj
g:\qmacvisual(cv3)(25000)\qmacvisual(cv3)2022.9.21(25000)\qmacvisual(cv3)\qplugins\imageprocess\exportimage\x64\release\moc_frmexportimage.obj
g:\qmacvisual(cv3)(25000)\qmacvisual(cv3)2022.9.21(25000)\qmacvisual(cv3)\qsoftexe\release\plugins\z_exportimage.dll
g:\qmacvisual(cv3)(25000)\qmacvisual(cv3)2022.9.21(25000)\qmacvisual(cv3)\qplugins\imageprocess\exportimage\x64\release\qt\moc\moc_toolnterface.cpp
g:\qmacvisual(cv3)(25000)\qmacvisual(cv3)2022.9.21(25000)\qmacvisual(cv3)\qplugins\imageprocess\exportimage\x64\release\qt\moc\moc_qtoolbase.cpp
g:\qmacvisual(cv3)(25000)\qmacvisual(cv3)2022.9.21(25000)\qmacvisual(cv3)\qplugins\imageprocess\exportimage\x64\release\qt\moc\moc_frmexportimage.cpp
g:\qmacvisual(cv3)(25000)\qmacvisual(cv3)2022.9.21(25000)\qmacvisual(cv3)\qplugins\imageprocess\exportimage\x64\release\qt\moc\moc_mytitlebar.cpp
g:\qmacvisual(cv3)(25000)\qmacvisual(cv3)2022.9.21(25000)\qmacvisual(cv3)\qplugins\imageprocess\exportimage\x64\release\qt\moc\moc_exportimage.cpp
g:\qmacvisual(cv3)(25000)\qmacvisual(cv3)2022.9.21(25000)\qmacvisual(cv3)\qplugins\imageprocess\exportimage\x64\release\qt\rcc\qrc_sub_res.cpp
g:\qmacvisual(cv3)(25000)\qmacvisual(cv3)2022.9.21(25000)\qmacvisual(cv3)\qplugins\imageprocess\exportimage\x64\release\qt\uic\ui_frmexportimage.h
g:\qmacvisual(cv3)(25000)\qmacvisual(cv3)2022.9.21(25000)\qmacvisual(cv3)\qsoftexe\release\plugins\z_exportimage.lib
g:\qmacvisual(cv3)(25000)\qmacvisual(cv3)2022.9.21(25000)\qmacvisual(cv3)\qsoftexe\release\plugins\z_exportimage.exp
g:\qmacvisual(cv3)(25000)\qmacvisual(cv3)2022.9.21(25000)\qmacvisual(cv3)\qplugins\imageprocess\exportimage\x64\release\z_exportimage.tlog\cl.command.1.tlog
g:\qmacvisual(cv3)(25000)\qmacvisual(cv3)2022.9.21(25000)\qmacvisual(cv3)\qplugins\imageprocess\exportimage\x64\release\z_exportimage.tlog\cl.items.tlog
g:\qmacvisual(cv3)(25000)\qmacvisual(cv3)2022.9.21(25000)\qmacvisual(cv3)\qplugins\imageprocess\exportimage\x64\release\z_exportimage.tlog\cl.read.1.tlog
g:\qmacvisual(cv3)(25000)\qmacvisual(cv3)2022.9.21(25000)\qmacvisual(cv3)\qplugins\imageprocess\exportimage\x64\release\z_exportimage.tlog\cl.write.1.tlog
g:\qmacvisual(cv3)(25000)\qmacvisual(cv3)2022.9.21(25000)\qmacvisual(cv3)\qplugins\imageprocess\exportimage\x64\release\z_exportimage.tlog\link.command.1.tlog
g:\qmacvisual(cv3)(25000)\qmacvisual(cv3)2022.9.21(25000)\qmacvisual(cv3)\qplugins\imageprocess\exportimage\x64\release\z_exportimage.tlog\link.read.1.tlog
g:\qmacvisual(cv3)(25000)\qmacvisual(cv3)2022.9.21(25000)\qmacvisual(cv3)\qplugins\imageprocess\exportimage\x64\release\z_exportimage.tlog\link.secondary.1.tlog
g:\qmacvisual(cv3)(25000)\qmacvisual(cv3)2022.9.21(25000)\qmacvisual(cv3)\qplugins\imageprocess\exportimage\x64\release\z_exportimage.tlog\link.write.1.tlog
g:\qmacvisual(cv3)(25000)\qmacvisual(cv3)2022.9.21(25000)\qmacvisual(cv3)\qplugins\imageprocess\exportimage\x64\release\z_exportimage.tlog\moc.read.1u.tlog
g:\qmacvisual(cv3)(25000)\qmacvisual(cv3)2022.9.21(25000)\qmacvisual(cv3)\qplugins\imageprocess\exportimage\x64\release\z_exportimage.tlog\moc.write.1u.tlog
g:\qmacvisual(cv3)(25000)\qmacvisual(cv3)2022.9.21(25000)\qmacvisual(cv3)\qplugins\imageprocess\exportimage\x64\release\z_exportimage.tlog\rcc.read.1u.tlog
g:\qmacvisual(cv3)(25000)\qmacvisual(cv3)2022.9.21(25000)\qmacvisual(cv3)\qplugins\imageprocess\exportimage\x64\release\z_exportimage.tlog\rcc.write.1u.tlog
g:\qmacvisual(cv3)(25000)\qmacvisual(cv3)2022.9.21(25000)\qmacvisual(cv3)\qplugins\imageprocess\exportimage\x64\release\z_exportimage.tlog\uic.read.1u.tlog
g:\qmacvisual(cv3)(25000)\qmacvisual(cv3)2022.9.21(25000)\qmacvisual(cv3)\qplugins\imageprocess\exportimage\x64\release\z_exportimage.tlog\uic.write.1u.tlog
g:\qmacvisual(cv3)(25000)\qmacvisual(cv3)2022.9.21(25000)\qmacvisual(cv3)\qplugins\imageprocess\exportimage\x64\release\z_exportimage.tlog\z_exportimage.write.1u.tlog
