g:\qmacvisual(cv3)(25000)\qmacvisual(cv3)2022.9.21(25000)\qmacvisual(cv3)\qplugins\logicaltools\logicgoto\x64\release\vc143.pdb
g:\qmacvisual(cv3)(25000)\qmacvisual(cv3)2022.9.21(25000)\qmacvisual(cv3)\qplugins\logicaltools\logicgoto\x64\release\qrc_sub_res.obj
g:\qmacvisual(cv3)(25000)\qmacvisual(cv3)2022.9.21(25000)\qmacvisual(cv3)\qplugins\logicaltools\logicgoto\x64\release\mytitlebar.obj
g:\qmacvisual(cv3)(25000)\qmacvisual(cv3)2022.9.21(25000)\qmacvisual(cv3)\qplugins\logicaltools\logicgoto\x64\release\logicgoto.obj
g:\qmacvisual(cv3)(25000)\qmacvisual(cv3)2022.9.21(25000)\qmacvisual(cv3)\qplugins\logicaltools\logicgoto\x64\release\frmlogicgoto.obj
g:\qmacvisual(cv3)(25000)\qmacvisual(cv3)2022.9.21(25000)\qmacvisual(cv3)\qplugins\logicaltools\logicgoto\x64\release\toolnterface.obj
g:\qmacvisual(cv3)(25000)\qmacvisual(cv3)2022.9.21(25000)\qmacvisual(cv3)\qplugins\logicaltools\logicgoto\x64\release\moc_toolnterface.obj
g:\qmacvisual(cv3)(25000)\qmacvisual(cv3)2022.9.21(25000)\qmacvisual(cv3)\qplugins\logicaltools\logicgoto\x64\release\moc_frmlogicgoto.obj
g:\qmacvisual(cv3)(25000)\qmacvisual(cv3)2022.9.21(25000)\qmacvisual(cv3)\qplugins\logicaltools\logicgoto\x64\release\moc_qtoolbase.obj
g:\qmacvisual(cv3)(25000)\qmacvisual(cv3)2022.9.21(25000)\qmacvisual(cv3)\qplugins\logicaltools\logicgoto\x64\release\moc_logicgoto.obj
g:\qmacvisual(cv3)(25000)\qmacvisual(cv3)2022.9.21(25000)\qmacvisual(cv3)\qplugins\logicaltools\logicgoto\x64\release\moc_mytitlebar.obj
g:\qmacvisual(cv3)(25000)\qmacvisual(cv3)2022.9.21(25000)\qmacvisual(cv3)\qsoftexe\release\plugins\logicgoto.dll
g:\qmacvisual(cv3)(25000)\qmacvisual(cv3)2022.9.21(25000)\qmacvisual(cv3)\qplugins\logicaltools\logicgoto\x64\release\qt\uic\ui_frmlogicgoto.h
g:\qmacvisual(cv3)(25000)\qmacvisual(cv3)2022.9.21(25000)\qmacvisual(cv3)\qplugins\logicaltools\logicgoto\x64\release\qt\rcc\qrc_sub_res.cpp
g:\qmacvisual(cv3)(25000)\qmacvisual(cv3)2022.9.21(25000)\qmacvisual(cv3)\qplugins\logicaltools\logicgoto\x64\release\qt\moc\moc_toolnterface.cpp
g:\qmacvisual(cv3)(25000)\qmacvisual(cv3)2022.9.21(25000)\qmacvisual(cv3)\qplugins\logicaltools\logicgoto\x64\release\qt\moc\moc_qtoolbase.cpp
g:\qmacvisual(cv3)(25000)\qmacvisual(cv3)2022.9.21(25000)\qmacvisual(cv3)\qplugins\logicaltools\logicgoto\x64\release\qt\moc\moc_mytitlebar.cpp
g:\qmacvisual(cv3)(25000)\qmacvisual(cv3)2022.9.21(25000)\qmacvisual(cv3)\qplugins\logicaltools\logicgoto\x64\release\qt\moc\moc_frmlogicgoto.cpp
g:\qmacvisual(cv3)(25000)\qmacvisual(cv3)2022.9.21(25000)\qmacvisual(cv3)\qplugins\logicaltools\logicgoto\x64\release\qt\moc\moc_logicgoto.cpp
d:\opencv4workflow\opencv4workflow\qplugins\logicaltools\logicgoto\x64\release\qt\uic\ui_frmlogicgoto.h
d:\opencv4workflow\opencv4workflow\qplugins\logicaltools\logicgoto\x64\release\qt\rcc\qrc_sub_res.cpp
d:\opencv4workflow\opencv4workflow\qplugins\logicaltools\logicgoto\x64\release\qt\moc\moc_toolnterface.cpp
d:\opencv4workflow\opencv4workflow\qplugins\logicaltools\logicgoto\x64\release\qt\moc\moc_qtoolbase.cpp
d:\opencv4workflow\opencv4workflow\qplugins\logicaltools\logicgoto\x64\release\qt\moc\moc_mytitlebar.cpp
d:\opencv4workflow\opencv4workflow\qplugins\logicaltools\logicgoto\x64\release\qt\moc\moc_frmlogicgoto.cpp
d:\opencv4workflow\opencv4workflow\qplugins\logicaltools\logicgoto\x64\release\qt\moc\moc_logicgoto.cpp
g:\qmacvisual(cv3)(25000)\qmacvisual(cv3)2022.9.21(25000)\qmacvisual(cv3)\qsoftexe\release\plugins\logicgoto.lib
g:\qmacvisual(cv3)(25000)\qmacvisual(cv3)2022.9.21(25000)\qmacvisual(cv3)\qsoftexe\release\plugins\logicgoto.exp
d:\opencv4workflow\opencv4workflow\qplugins\logicaltools\logicgoto\x64\release\frmlogicgoto.obj
d:\opencv4workflow\opencv4workflow\qplugins\logicaltools\logicgoto\x64\release\logicgoto.obj
d:\opencv4workflow\opencv4workflow\qplugins\logicaltools\logicgoto\x64\release\moc_frmlogicgoto.obj
d:\opencv4workflow\opencv4workflow\qplugins\logicaltools\logicgoto\x64\release\moc_logicgoto.obj
d:\opencv4workflow\opencv4workflow\qplugins\logicaltools\logicgoto\x64\release\moc_mytitlebar.obj
d:\opencv4workflow\opencv4workflow\qplugins\logicaltools\logicgoto\x64\release\moc_qtoolbase.obj
d:\opencv4workflow\opencv4workflow\qplugins\logicaltools\logicgoto\x64\release\moc_toolnterface.obj
d:\opencv4workflow\opencv4workflow\qplugins\logicaltools\logicgoto\x64\release\mytitlebar.obj
d:\opencv4workflow\opencv4workflow\qplugins\logicaltools\logicgoto\x64\release\qrc_sub_res.obj
d:\opencv4workflow\opencv4workflow\qplugins\logicaltools\logicgoto\x64\release\toolnterface.obj
d:\opencv4workflow\opencv4workflow\qplugins\logicaltools\logicgoto\x64\release\vc143.pdb
d:\opencv4workflow\opencv4workflow\qsoftexe\release\plugins\logicgoto.dll
d:\opencv4workflow\opencv4workflow\qplugins\logicaltools\logicgoto\x64\release\logicgoto.tlog\cl.command.1.tlog
d:\opencv4workflow\opencv4workflow\qplugins\logicaltools\logicgoto\x64\release\logicgoto.tlog\cl.items.tlog
d:\opencv4workflow\opencv4workflow\qplugins\logicaltools\logicgoto\x64\release\logicgoto.tlog\cl.read.1.tlog
d:\opencv4workflow\opencv4workflow\qplugins\logicaltools\logicgoto\x64\release\logicgoto.tlog\cl.write.1.tlog
d:\opencv4workflow\opencv4workflow\qplugins\logicaltools\logicgoto\x64\release\logicgoto.tlog\link.command.1.tlog
d:\opencv4workflow\opencv4workflow\qplugins\logicaltools\logicgoto\x64\release\logicgoto.tlog\link.read.1.tlog
d:\opencv4workflow\opencv4workflow\qplugins\logicaltools\logicgoto\x64\release\logicgoto.tlog\link.secondary.1.tlog
d:\opencv4workflow\opencv4workflow\qplugins\logicaltools\logicgoto\x64\release\logicgoto.tlog\link.write.1.tlog
d:\opencv4workflow\opencv4workflow\qplugins\logicaltools\logicgoto\x64\release\logicgoto.tlog\logicgoto.write.1u.tlog
d:\opencv4workflow\opencv4workflow\qplugins\logicaltools\logicgoto\x64\release\logicgoto.tlog\moc.read.1u.tlog
d:\opencv4workflow\opencv4workflow\qplugins\logicaltools\logicgoto\x64\release\logicgoto.tlog\moc.write.1u.tlog
d:\opencv4workflow\opencv4workflow\qplugins\logicaltools\logicgoto\x64\release\logicgoto.tlog\rcc.read.1u.tlog
d:\opencv4workflow\opencv4workflow\qplugins\logicaltools\logicgoto\x64\release\logicgoto.tlog\rcc.write.1u.tlog
d:\opencv4workflow\opencv4workflow\qplugins\logicaltools\logicgoto\x64\release\logicgoto.tlog\uic.read.1u.tlog
d:\opencv4workflow\opencv4workflow\qplugins\logicaltools\logicgoto\x64\release\logicgoto.tlog\uic.write.1u.tlog
