d:\opencv4workflow\opencv4workflow\qplugins\logicaltools\extensionlibrary\x64\debug\vc143.pdb
d:\opencv4workflow\opencv4workflow\qplugins\logicaltools\extensionlibrary\x64\debug\qrc_sub_res.obj
d:\opencv4workflow\opencv4workflow\qplugins\logicaltools\extensionlibrary\x64\debug\toolnterface.obj
d:\opencv4workflow\opencv4workflow\qplugins\logicaltools\extensionlibrary\x64\debug\mytitlebar.obj
d:\opencv4workflow\opencv4workflow\qplugins\logicaltools\extensionlibrary\x64\debug\frmextensionlibrary.obj
d:\opencv4workflow\opencv4workflow\qplugins\logicaltools\extensionlibrary\x64\debug\extensionlibrary.obj
d:\opencv4workflow\opencv4workflow\qplugins\logicaltools\extensionlibrary\x64\debug\moc_extensionlibrary.obj
d:\opencv4workflow\opencv4workflow\qplugins\logicaltools\extensionlibrary\x64\debug\moc_toolnterface.obj
d:\opencv4workflow\opencv4workflow\qplugins\logicaltools\extensionlibrary\x64\debug\moc_qtoolbase.obj
d:\opencv4workflow\opencv4workflow\qplugins\logicaltools\extensionlibrary\x64\debug\moc_mytitlebar.obj
d:\opencv4workflow\opencv4workflow\qplugins\logicaltools\extensionlibrary\x64\debug\moc_frmextensionlibrary.obj
d:\opencv4workflow\opencv4workflow\qplugins\logicaltools\extensionlibrary\x64\debug\qt\uic\ui_frmextensionlibrary.h
d:\opencv4workflow\opencv4workflow\qplugins\logicaltools\extensionlibrary\x64\debug\qt\rcc\qrc_sub_res.cpp
d:\opencv4workflow\opencv4workflow\qplugins\logicaltools\extensionlibrary\x64\debug\qt\moc\moc_toolnterface.cpp
d:\opencv4workflow\opencv4workflow\qplugins\logicaltools\extensionlibrary\x64\debug\qt\moc\moc_qtoolbase.cpp
d:\opencv4workflow\opencv4workflow\qplugins\logicaltools\extensionlibrary\x64\debug\qt\moc\moc_frmextensionlibrary.cpp
d:\opencv4workflow\opencv4workflow\qplugins\logicaltools\extensionlibrary\x64\debug\qt\moc\moc_mytitlebar.cpp
d:\opencv4workflow\opencv4workflow\qplugins\logicaltools\extensionlibrary\x64\debug\qt\moc\moc_extensionlibrary.cpp
g:\qmacvisual(cv3)(25000)\qmacvisual(cv3)2022.9.21(25000)\qmacvisual(cv3)\qplugins\logicaltools\extensionlibrary\x64\debug\qt\uic\ui_frmextensionlibrary.h
g:\qmacvisual(cv3)(25000)\qmacvisual(cv3)2022.9.21(25000)\qmacvisual(cv3)\qplugins\logicaltools\extensionlibrary\x64\debug\qt\rcc\qrc_sub_res.cpp
g:\qmacvisual(cv3)(25000)\qmacvisual(cv3)2022.9.21(25000)\qmacvisual(cv3)\qplugins\logicaltools\extensionlibrary\x64\debug\qt\moc\moc_toolnterface.cpp
g:\qmacvisual(cv3)(25000)\qmacvisual(cv3)2022.9.21(25000)\qmacvisual(cv3)\qplugins\logicaltools\extensionlibrary\x64\debug\qt\moc\moc_qtoolbase.cpp
g:\qmacvisual(cv3)(25000)\qmacvisual(cv3)2022.9.21(25000)\qmacvisual(cv3)\qplugins\logicaltools\extensionlibrary\x64\debug\qt\moc\moc_frmextensionlibrary.cpp
g:\qmacvisual(cv3)(25000)\qmacvisual(cv3)2022.9.21(25000)\qmacvisual(cv3)\qplugins\logicaltools\extensionlibrary\x64\debug\qt\moc\moc_mytitlebar.cpp
g:\qmacvisual(cv3)(25000)\qmacvisual(cv3)2022.9.21(25000)\qmacvisual(cv3)\qplugins\logicaltools\extensionlibrary\x64\debug\qt\moc\moc_extensionlibrary.cpp
d:\opencv4workflow\opencv4workflow\qsoftexe\debug\plugins\extensionlibrary.dll
d:\opencv4workflow\opencv4workflow\qsoftexe\debug\plugins\extensionlibrary.pdb
d:\opencv4workflow\opencv4workflow\qsoftexe\debug\plugins\extensionlibrary.lib
d:\opencv4workflow\opencv4workflow\qsoftexe\debug\plugins\extensionlibrary.exp
d:\opencv4workflow\opencv4workflow\qsoftexe\debug\plugins\extensionlibrary.ilk
g:\qmacvisual(cv3)(25000)\qmacvisual(cv3)2022.9.21(25000)\qmacvisual(cv3)\qplugins\logicaltools\extensionlibrary\x64\debug\extensionlibrary.obj
g:\qmacvisual(cv3)(25000)\qmacvisual(cv3)2022.9.21(25000)\qmacvisual(cv3)\qplugins\logicaltools\extensionlibrary\x64\debug\frmextensionlibrary.obj
g:\qmacvisual(cv3)(25000)\qmacvisual(cv3)2022.9.21(25000)\qmacvisual(cv3)\qplugins\logicaltools\extensionlibrary\x64\debug\moc_extensionlibrary.obj
g:\qmacvisual(cv3)(25000)\qmacvisual(cv3)2022.9.21(25000)\qmacvisual(cv3)\qplugins\logicaltools\extensionlibrary\x64\debug\moc_frmextensionlibrary.obj
g:\qmacvisual(cv3)(25000)\qmacvisual(cv3)2022.9.21(25000)\qmacvisual(cv3)\qplugins\logicaltools\extensionlibrary\x64\debug\moc_mytitlebar.obj
g:\qmacvisual(cv3)(25000)\qmacvisual(cv3)2022.9.21(25000)\qmacvisual(cv3)\qplugins\logicaltools\extensionlibrary\x64\debug\moc_qtoolbase.obj
g:\qmacvisual(cv3)(25000)\qmacvisual(cv3)2022.9.21(25000)\qmacvisual(cv3)\qplugins\logicaltools\extensionlibrary\x64\debug\moc_toolnterface.obj
g:\qmacvisual(cv3)(25000)\qmacvisual(cv3)2022.9.21(25000)\qmacvisual(cv3)\qplugins\logicaltools\extensionlibrary\x64\debug\mytitlebar.obj
g:\qmacvisual(cv3)(25000)\qmacvisual(cv3)2022.9.21(25000)\qmacvisual(cv3)\qplugins\logicaltools\extensionlibrary\x64\debug\qrc_sub_res.obj
g:\qmacvisual(cv3)(25000)\qmacvisual(cv3)2022.9.21(25000)\qmacvisual(cv3)\qplugins\logicaltools\extensionlibrary\x64\debug\toolnterface.obj
g:\qmacvisual(cv3)(25000)\qmacvisual(cv3)2022.9.21(25000)\qmacvisual(cv3)\qplugins\logicaltools\extensionlibrary\x64\debug\vc143.pdb
g:\qmacvisual(cv3)(25000)\qmacvisual(cv3)2022.9.21(25000)\qmacvisual(cv3)\qsoftexe\debug\plugins\extensionlibrary.dll
g:\qmacvisual(cv3)(25000)\qmacvisual(cv3)2022.9.21(25000)\qmacvisual(cv3)\qplugins\logicaltools\extensionlibrary\x64\debug\extensionlibrary.tlog\cl.command.1.tlog
g:\qmacvisual(cv3)(25000)\qmacvisual(cv3)2022.9.21(25000)\qmacvisual(cv3)\qplugins\logicaltools\extensionlibrary\x64\debug\extensionlibrary.tlog\cl.items.tlog
g:\qmacvisual(cv3)(25000)\qmacvisual(cv3)2022.9.21(25000)\qmacvisual(cv3)\qplugins\logicaltools\extensionlibrary\x64\debug\extensionlibrary.tlog\cl.read.1.tlog
g:\qmacvisual(cv3)(25000)\qmacvisual(cv3)2022.9.21(25000)\qmacvisual(cv3)\qplugins\logicaltools\extensionlibrary\x64\debug\extensionlibrary.tlog\cl.write.1.tlog
g:\qmacvisual(cv3)(25000)\qmacvisual(cv3)2022.9.21(25000)\qmacvisual(cv3)\qplugins\logicaltools\extensionlibrary\x64\debug\extensionlibrary.tlog\extensionlibrary.write.1u.tlog
g:\qmacvisual(cv3)(25000)\qmacvisual(cv3)2022.9.21(25000)\qmacvisual(cv3)\qplugins\logicaltools\extensionlibrary\x64\debug\extensionlibrary.tlog\link.command.1.tlog
g:\qmacvisual(cv3)(25000)\qmacvisual(cv3)2022.9.21(25000)\qmacvisual(cv3)\qplugins\logicaltools\extensionlibrary\x64\debug\extensionlibrary.tlog\link.read.1.tlog
g:\qmacvisual(cv3)(25000)\qmacvisual(cv3)2022.9.21(25000)\qmacvisual(cv3)\qplugins\logicaltools\extensionlibrary\x64\debug\extensionlibrary.tlog\link.secondary.1.tlog
g:\qmacvisual(cv3)(25000)\qmacvisual(cv3)2022.9.21(25000)\qmacvisual(cv3)\qplugins\logicaltools\extensionlibrary\x64\debug\extensionlibrary.tlog\link.write.1.tlog
g:\qmacvisual(cv3)(25000)\qmacvisual(cv3)2022.9.21(25000)\qmacvisual(cv3)\qplugins\logicaltools\extensionlibrary\x64\debug\extensionlibrary.tlog\moc.read.1u.tlog
g:\qmacvisual(cv3)(25000)\qmacvisual(cv3)2022.9.21(25000)\qmacvisual(cv3)\qplugins\logicaltools\extensionlibrary\x64\debug\extensionlibrary.tlog\moc.write.1u.tlog
g:\qmacvisual(cv3)(25000)\qmacvisual(cv3)2022.9.21(25000)\qmacvisual(cv3)\qplugins\logicaltools\extensionlibrary\x64\debug\extensionlibrary.tlog\rcc.read.1u.tlog
g:\qmacvisual(cv3)(25000)\qmacvisual(cv3)2022.9.21(25000)\qmacvisual(cv3)\qplugins\logicaltools\extensionlibrary\x64\debug\extensionlibrary.tlog\rcc.write.1u.tlog
g:\qmacvisual(cv3)(25000)\qmacvisual(cv3)2022.9.21(25000)\qmacvisual(cv3)\qplugins\logicaltools\extensionlibrary\x64\debug\extensionlibrary.tlog\uic.read.1u.tlog
g:\qmacvisual(cv3)(25000)\qmacvisual(cv3)2022.9.21(25000)\qmacvisual(cv3)\qplugins\logicaltools\extensionlibrary\x64\debug\extensionlibrary.tlog\uic.write.1u.tlog
