d:\opencv4workflow\opencv4workflow\qplugins\detectidentify\coloridentify\x64\debug\vc143.pdb
d:\opencv4workflow\opencv4workflow\qplugins\detectidentify\coloridentify\x64\debug\qrc_sub_res.obj
d:\opencv4workflow\opencv4workflow\qplugins\detectidentify\coloridentify\x64\debug\qgraphicsviews.obj
d:\opencv4workflow\opencv4workflow\qplugins\detectidentify\coloridentify\x64\debug\imageitem.obj
d:\opencv4workflow\opencv4workflow\qplugins\detectidentify\coloridentify\x64\debug\qgraphicsscenes.obj
d:\opencv4workflow\opencv4workflow\qplugins\detectidentify\coloridentify\x64\debug\frmcoloridentify.obj
d:\opencv4workflow\opencv4workflow\qplugins\detectidentify\coloridentify\x64\debug\controlitem.obj
d:\opencv4workflow\opencv4workflow\qplugins\detectidentify\coloridentify\x64\debug\mytitlebar.obj
d:\opencv4workflow\opencv4workflow\qplugins\detectidentify\coloridentify\x64\debug\baseitem.obj
d:\opencv4workflow\opencv4workflow\qplugins\detectidentify\coloridentify\x64\debug\toolnterface.obj
d:\opencv4workflow\opencv4workflow\qplugins\detectidentify\coloridentify\x64\debug\coloridentify.obj
d:\opencv4workflow\opencv4workflow\qplugins\detectidentify\coloridentify\x64\debug\moc_imageitem.obj
d:\opencv4workflow\opencv4workflow\qplugins\detectidentify\coloridentify\x64\debug\moc_controlitem.obj
d:\opencv4workflow\opencv4workflow\qplugins\detectidentify\coloridentify\x64\debug\moc_coloridentify.obj
d:\opencv4workflow\opencv4workflow\qplugins\detectidentify\coloridentify\x64\debug\moc_baseitem.obj
d:\opencv4workflow\opencv4workflow\qplugins\detectidentify\coloridentify\x64\debug\moc_toolnterface.obj
d:\opencv4workflow\opencv4workflow\qplugins\detectidentify\coloridentify\x64\debug\moc_frmcoloridentify.obj
d:\opencv4workflow\opencv4workflow\qplugins\detectidentify\coloridentify\x64\debug\moc_qgraphicsscenes.obj
d:\opencv4workflow\opencv4workflow\qplugins\detectidentify\coloridentify\x64\debug\moc_mytitlebar.obj
d:\opencv4workflow\opencv4workflow\qplugins\detectidentify\coloridentify\x64\debug\moc_qtoolbase.obj
d:\opencv4workflow\opencv4workflow\qplugins\detectidentify\coloridentify\x64\debug\moc_qgraphicsviews.obj
d:\opencv4workflow\opencv4workflow\qplugins\detectidentify\coloridentify\x64\debug\qt\uic\ui_frmcoloridentify.h
d:\opencv4workflow\opencv4workflow\qplugins\detectidentify\coloridentify\x64\debug\qt\rcc\qrc_sub_res.cpp
d:\opencv4workflow\opencv4workflow\qplugins\detectidentify\coloridentify\x64\debug\qt\moc\moc_toolnterface.cpp
d:\opencv4workflow\opencv4workflow\qplugins\detectidentify\coloridentify\x64\debug\qt\moc\moc_qtoolbase.cpp
d:\opencv4workflow\opencv4workflow\qplugins\detectidentify\coloridentify\x64\debug\qt\moc\moc_mytitlebar.cpp
d:\opencv4workflow\opencv4workflow\qplugins\detectidentify\coloridentify\x64\debug\qt\moc\moc_frmcoloridentify.cpp
d:\opencv4workflow\opencv4workflow\qplugins\detectidentify\coloridentify\x64\debug\qt\moc\moc_qgraphicsviews.cpp
d:\opencv4workflow\opencv4workflow\qplugins\detectidentify\coloridentify\x64\debug\qt\moc\moc_qgraphicsscenes.cpp
d:\opencv4workflow\opencv4workflow\qplugins\detectidentify\coloridentify\x64\debug\qt\moc\moc_imageitem.cpp
d:\opencv4workflow\opencv4workflow\qplugins\detectidentify\coloridentify\x64\debug\qt\moc\moc_controlitem.cpp
d:\opencv4workflow\opencv4workflow\qplugins\detectidentify\coloridentify\x64\debug\qt\moc\moc_baseitem.cpp
d:\opencv4workflow\opencv4workflow\qplugins\detectidentify\coloridentify\x64\debug\qt\moc\moc_coloridentify.cpp
g:\qmacvisual(cv3)(25000)\qmacvisual(cv3)2022.9.21(25000)\qmacvisual(cv3)\qplugins\detectidentify\coloridentify\x64\debug\qt\uic\ui_frmcoloridentify.h
g:\qmacvisual(cv3)(25000)\qmacvisual(cv3)2022.9.21(25000)\qmacvisual(cv3)\qplugins\detectidentify\coloridentify\x64\debug\qt\rcc\qrc_sub_res.cpp
g:\qmacvisual(cv3)(25000)\qmacvisual(cv3)2022.9.21(25000)\qmacvisual(cv3)\qplugins\detectidentify\coloridentify\x64\debug\qt\moc\moc_toolnterface.cpp
g:\qmacvisual(cv3)(25000)\qmacvisual(cv3)2022.9.21(25000)\qmacvisual(cv3)\qplugins\detectidentify\coloridentify\x64\debug\qt\moc\moc_qtoolbase.cpp
g:\qmacvisual(cv3)(25000)\qmacvisual(cv3)2022.9.21(25000)\qmacvisual(cv3)\qplugins\detectidentify\coloridentify\x64\debug\qt\moc\moc_mytitlebar.cpp
g:\qmacvisual(cv3)(25000)\qmacvisual(cv3)2022.9.21(25000)\qmacvisual(cv3)\qplugins\detectidentify\coloridentify\x64\debug\qt\moc\moc_frmcoloridentify.cpp
g:\qmacvisual(cv3)(25000)\qmacvisual(cv3)2022.9.21(25000)\qmacvisual(cv3)\qplugins\detectidentify\coloridentify\x64\debug\qt\moc\moc_qgraphicsviews.cpp
g:\qmacvisual(cv3)(25000)\qmacvisual(cv3)2022.9.21(25000)\qmacvisual(cv3)\qplugins\detectidentify\coloridentify\x64\debug\qt\moc\moc_qgraphicsscenes.cpp
g:\qmacvisual(cv3)(25000)\qmacvisual(cv3)2022.9.21(25000)\qmacvisual(cv3)\qplugins\detectidentify\coloridentify\x64\debug\qt\moc\moc_imageitem.cpp
g:\qmacvisual(cv3)(25000)\qmacvisual(cv3)2022.9.21(25000)\qmacvisual(cv3)\qplugins\detectidentify\coloridentify\x64\debug\qt\moc\moc_controlitem.cpp
g:\qmacvisual(cv3)(25000)\qmacvisual(cv3)2022.9.21(25000)\qmacvisual(cv3)\qplugins\detectidentify\coloridentify\x64\debug\qt\moc\moc_baseitem.cpp
g:\qmacvisual(cv3)(25000)\qmacvisual(cv3)2022.9.21(25000)\qmacvisual(cv3)\qplugins\detectidentify\coloridentify\x64\debug\qt\moc\moc_coloridentify.cpp
d:\opencv4workflow\opencv4workflow\qsoftexe\debug\plugins\coloridentify.dll
d:\opencv4workflow\opencv4workflow\qsoftexe\debug\plugins\coloridentify.pdb
d:\opencv4workflow\opencv4workflow\qsoftexe\debug\plugins\coloridentify.lib
d:\opencv4workflow\opencv4workflow\qsoftexe\debug\plugins\coloridentify.exp
d:\opencv4workflow\opencv4workflow\qsoftexe\debug\plugins\coloridentify.ilk
g:\qmacvisual(cv3)(25000)\qmacvisual(cv3)2022.9.21(25000)\qmacvisual(cv3)\qplugins\detectidentify\coloridentify\x64\debug\baseitem.obj
g:\qmacvisual(cv3)(25000)\qmacvisual(cv3)2022.9.21(25000)\qmacvisual(cv3)\qplugins\detectidentify\coloridentify\x64\debug\coloridentify.obj
g:\qmacvisual(cv3)(25000)\qmacvisual(cv3)2022.9.21(25000)\qmacvisual(cv3)\qplugins\detectidentify\coloridentify\x64\debug\controlitem.obj
g:\qmacvisual(cv3)(25000)\qmacvisual(cv3)2022.9.21(25000)\qmacvisual(cv3)\qplugins\detectidentify\coloridentify\x64\debug\frmcoloridentify.obj
g:\qmacvisual(cv3)(25000)\qmacvisual(cv3)2022.9.21(25000)\qmacvisual(cv3)\qplugins\detectidentify\coloridentify\x64\debug\imageitem.obj
g:\qmacvisual(cv3)(25000)\qmacvisual(cv3)2022.9.21(25000)\qmacvisual(cv3)\qplugins\detectidentify\coloridentify\x64\debug\moc_baseitem.obj
g:\qmacvisual(cv3)(25000)\qmacvisual(cv3)2022.9.21(25000)\qmacvisual(cv3)\qplugins\detectidentify\coloridentify\x64\debug\moc_coloridentify.obj
g:\qmacvisual(cv3)(25000)\qmacvisual(cv3)2022.9.21(25000)\qmacvisual(cv3)\qplugins\detectidentify\coloridentify\x64\debug\moc_controlitem.obj
g:\qmacvisual(cv3)(25000)\qmacvisual(cv3)2022.9.21(25000)\qmacvisual(cv3)\qplugins\detectidentify\coloridentify\x64\debug\moc_frmcoloridentify.obj
g:\qmacvisual(cv3)(25000)\qmacvisual(cv3)2022.9.21(25000)\qmacvisual(cv3)\qplugins\detectidentify\coloridentify\x64\debug\moc_imageitem.obj
g:\qmacvisual(cv3)(25000)\qmacvisual(cv3)2022.9.21(25000)\qmacvisual(cv3)\qplugins\detectidentify\coloridentify\x64\debug\moc_mytitlebar.obj
g:\qmacvisual(cv3)(25000)\qmacvisual(cv3)2022.9.21(25000)\qmacvisual(cv3)\qplugins\detectidentify\coloridentify\x64\debug\moc_qgraphicsscenes.obj
g:\qmacvisual(cv3)(25000)\qmacvisual(cv3)2022.9.21(25000)\qmacvisual(cv3)\qplugins\detectidentify\coloridentify\x64\debug\moc_qgraphicsviews.obj
g:\qmacvisual(cv3)(25000)\qmacvisual(cv3)2022.9.21(25000)\qmacvisual(cv3)\qplugins\detectidentify\coloridentify\x64\debug\moc_qtoolbase.obj
g:\qmacvisual(cv3)(25000)\qmacvisual(cv3)2022.9.21(25000)\qmacvisual(cv3)\qplugins\detectidentify\coloridentify\x64\debug\moc_toolnterface.obj
g:\qmacvisual(cv3)(25000)\qmacvisual(cv3)2022.9.21(25000)\qmacvisual(cv3)\qplugins\detectidentify\coloridentify\x64\debug\mytitlebar.obj
g:\qmacvisual(cv3)(25000)\qmacvisual(cv3)2022.9.21(25000)\qmacvisual(cv3)\qplugins\detectidentify\coloridentify\x64\debug\qgraphicsscenes.obj
g:\qmacvisual(cv3)(25000)\qmacvisual(cv3)2022.9.21(25000)\qmacvisual(cv3)\qplugins\detectidentify\coloridentify\x64\debug\qgraphicsviews.obj
g:\qmacvisual(cv3)(25000)\qmacvisual(cv3)2022.9.21(25000)\qmacvisual(cv3)\qplugins\detectidentify\coloridentify\x64\debug\qrc_sub_res.obj
g:\qmacvisual(cv3)(25000)\qmacvisual(cv3)2022.9.21(25000)\qmacvisual(cv3)\qplugins\detectidentify\coloridentify\x64\debug\toolnterface.obj
g:\qmacvisual(cv3)(25000)\qmacvisual(cv3)2022.9.21(25000)\qmacvisual(cv3)\qplugins\detectidentify\coloridentify\x64\debug\vc143.pdb
g:\qmacvisual(cv3)(25000)\qmacvisual(cv3)2022.9.21(25000)\qmacvisual(cv3)\qsoftexe\debug\plugins\coloridentify.dll
g:\qmacvisual(cv3)(25000)\qmacvisual(cv3)2022.9.21(25000)\qmacvisual(cv3)\qplugins\detectidentify\coloridentify\x64\debug\coloridentify.tlog\cl.command.1.tlog
g:\qmacvisual(cv3)(25000)\qmacvisual(cv3)2022.9.21(25000)\qmacvisual(cv3)\qplugins\detectidentify\coloridentify\x64\debug\coloridentify.tlog\cl.items.tlog
g:\qmacvisual(cv3)(25000)\qmacvisual(cv3)2022.9.21(25000)\qmacvisual(cv3)\qplugins\detectidentify\coloridentify\x64\debug\coloridentify.tlog\cl.read.1.tlog
g:\qmacvisual(cv3)(25000)\qmacvisual(cv3)2022.9.21(25000)\qmacvisual(cv3)\qplugins\detectidentify\coloridentify\x64\debug\coloridentify.tlog\cl.write.1.tlog
g:\qmacvisual(cv3)(25000)\qmacvisual(cv3)2022.9.21(25000)\qmacvisual(cv3)\qplugins\detectidentify\coloridentify\x64\debug\coloridentify.tlog\coloridentify.write.1u.tlog
g:\qmacvisual(cv3)(25000)\qmacvisual(cv3)2022.9.21(25000)\qmacvisual(cv3)\qplugins\detectidentify\coloridentify\x64\debug\coloridentify.tlog\link.command.1.tlog
g:\qmacvisual(cv3)(25000)\qmacvisual(cv3)2022.9.21(25000)\qmacvisual(cv3)\qplugins\detectidentify\coloridentify\x64\debug\coloridentify.tlog\link.read.1.tlog
g:\qmacvisual(cv3)(25000)\qmacvisual(cv3)2022.9.21(25000)\qmacvisual(cv3)\qplugins\detectidentify\coloridentify\x64\debug\coloridentify.tlog\link.secondary.1.tlog
g:\qmacvisual(cv3)(25000)\qmacvisual(cv3)2022.9.21(25000)\qmacvisual(cv3)\qplugins\detectidentify\coloridentify\x64\debug\coloridentify.tlog\link.write.1.tlog
g:\qmacvisual(cv3)(25000)\qmacvisual(cv3)2022.9.21(25000)\qmacvisual(cv3)\qplugins\detectidentify\coloridentify\x64\debug\coloridentify.tlog\moc.read.1u.tlog
g:\qmacvisual(cv3)(25000)\qmacvisual(cv3)2022.9.21(25000)\qmacvisual(cv3)\qplugins\detectidentify\coloridentify\x64\debug\coloridentify.tlog\moc.write.1u.tlog
g:\qmacvisual(cv3)(25000)\qmacvisual(cv3)2022.9.21(25000)\qmacvisual(cv3)\qplugins\detectidentify\coloridentify\x64\debug\coloridentify.tlog\rcc.read.1u.tlog
g:\qmacvisual(cv3)(25000)\qmacvisual(cv3)2022.9.21(25000)\qmacvisual(cv3)\qplugins\detectidentify\coloridentify\x64\debug\coloridentify.tlog\rcc.write.1u.tlog
g:\qmacvisual(cv3)(25000)\qmacvisual(cv3)2022.9.21(25000)\qmacvisual(cv3)\qplugins\detectidentify\coloridentify\x64\debug\coloridentify.tlog\uic.read.1u.tlog
g:\qmacvisual(cv3)(25000)\qmacvisual(cv3)2022.9.21(25000)\qmacvisual(cv3)\qplugins\detectidentify\coloridentify\x64\debug\coloridentify.tlog\uic.write.1u.tlog
