   Qt/MSBuild: 3.4.1.0
  Reading Qt configuration (E:/Qt/Qt5.14.2/5.14.2/msvc2017_64/bin/qmake)
   Qt: 5.14.2
  uic frmLogicJudgeEnd.ui
  rcc sub_res.qrc
  moc Toolnterface.h
  moc QToolBase.h
  moc mytitlebar.h
  moc frmLogicJudgeEnd.h
  moc LogicJudgeEnd.h
  mytitlebar.cpp
  Toolnterface.cpp
  frmLogicJudgeEnd.cpp
  LogicJudgeEnd.cpp
  qrc_sub_res.cpp
  moc_Toolnterface.cpp
  moc_QToolBase.cpp
  moc_mytitlebar.cpp
  moc_frmLogicJudgeEnd.cpp
  moc_LogicJudgeEnd.cpp
    正在创建库 ../../../QSoftExe/Release/Plugins/LogicJudgeEnd.lib 和对象 ../../../QSoftExe/Release/Plugins/LogicJudgeEnd.exp
  LogicJudgeEnd.vcxproj -> D:\opencv4workflow\opencv4workflow\QSoftExe\Release\Plugins\LogicJudgeEnd.dll
