d:\opencv4workflow\opencv4workflow\qplugins\communicatetools\serialport\x64\debug\vc143.pdb
d:\opencv4workflow\opencv4workflow\qplugins\communicatetools\serialport\x64\debug\qrc_sub_res.obj
d:\opencv4workflow\opencv4workflow\qplugins\communicatetools\serialport\x64\debug\toolnterface.obj
d:\opencv4workflow\opencv4workflow\qplugins\communicatetools\serialport\x64\debug\serialport.obj
d:\opencv4workflow\opencv4workflow\qplugins\communicatetools\serialport\x64\debug\frmserialport.obj
d:\opencv4workflow\opencv4workflow\qplugins\communicatetools\serialport\x64\debug\mytitlebar.obj
d:\opencv4workflow\opencv4workflow\qplugins\communicatetools\serialport\x64\debug\moc_toolnterface.obj
d:\opencv4workflow\opencv4workflow\qplugins\communicatetools\serialport\x64\debug\moc_frmserialport.obj
d:\opencv4workflow\opencv4workflow\qplugins\communicatetools\serialport\x64\debug\moc_mytitlebar.obj
d:\opencv4workflow\opencv4workflow\qplugins\communicatetools\serialport\x64\debug\moc_qtoolbase.obj
d:\opencv4workflow\opencv4workflow\qplugins\communicatetools\serialport\x64\debug\moc_serialport.obj
d:\opencv4workflow\opencv4workflow\qsoftexe\debug\plugins\serialport.dll
d:\opencv4workflow\opencv4workflow\qsoftexe\debug\plugins\serialport.pdb
d:\opencv4workflow\opencv4workflow\qplugins\communicatetools\serialport\x64\debug\qt\moc\moc_toolnterface.cpp
d:\opencv4workflow\opencv4workflow\qplugins\communicatetools\serialport\x64\debug\qt\moc\moc_frmserialport.cpp
d:\opencv4workflow\opencv4workflow\qplugins\communicatetools\serialport\x64\debug\qt\moc\moc_mytitlebar.cpp
d:\opencv4workflow\opencv4workflow\qplugins\communicatetools\serialport\x64\debug\qt\moc\moc_qtoolbase.cpp
d:\opencv4workflow\opencv4workflow\qplugins\communicatetools\serialport\x64\debug\qt\moc\moc_serialport.cpp
d:\opencv4workflow\opencv4workflow\qplugins\communicatetools\serialport\x64\debug\qt\rcc\qrc_sub_res.cpp
d:\opencv4workflow\opencv4workflow\qplugins\communicatetools\serialport\x64\debug\qt\uic\ui_frmserialport.h
g:\qmacvisual(cv3)(25000)\qmacvisual(cv3)2022.9.21(25000)\qmacvisual(cv3)\qplugins\communicatetools\serialport\x64\debug\qt\uic\ui_frmserialport.h
g:\qmacvisual(cv3)(25000)\qmacvisual(cv3)2022.9.21(25000)\qmacvisual(cv3)\qplugins\communicatetools\serialport\x64\debug\qt\rcc\qrc_sub_res.cpp
g:\qmacvisual(cv3)(25000)\qmacvisual(cv3)2022.9.21(25000)\qmacvisual(cv3)\qplugins\communicatetools\serialport\x64\debug\qt\moc\moc_toolnterface.cpp
g:\qmacvisual(cv3)(25000)\qmacvisual(cv3)2022.9.21(25000)\qmacvisual(cv3)\qplugins\communicatetools\serialport\x64\debug\qt\moc\moc_frmserialport.cpp
g:\qmacvisual(cv3)(25000)\qmacvisual(cv3)2022.9.21(25000)\qmacvisual(cv3)\qplugins\communicatetools\serialport\x64\debug\qt\moc\moc_mytitlebar.cpp
g:\qmacvisual(cv3)(25000)\qmacvisual(cv3)2022.9.21(25000)\qmacvisual(cv3)\qplugins\communicatetools\serialport\x64\debug\qt\moc\moc_qtoolbase.cpp
g:\qmacvisual(cv3)(25000)\qmacvisual(cv3)2022.9.21(25000)\qmacvisual(cv3)\qplugins\communicatetools\serialport\x64\debug\qt\moc\moc_serialport.cpp
d:\opencv4workflow\opencv4workflow\qsoftexe\debug\plugins\serialport.lib
d:\opencv4workflow\opencv4workflow\qsoftexe\debug\plugins\serialport.exp
d:\opencv4workflow\opencv4workflow\qsoftexe\debug\plugins\serialport.ilk
g:\qmacvisual(cv3)(25000)\qmacvisual(cv3)2022.9.21(25000)\qmacvisual(cv3)\qplugins\communicatetools\serialport\x64\debug\frmserialport.obj
g:\qmacvisual(cv3)(25000)\qmacvisual(cv3)2022.9.21(25000)\qmacvisual(cv3)\qplugins\communicatetools\serialport\x64\debug\moc_frmserialport.obj
g:\qmacvisual(cv3)(25000)\qmacvisual(cv3)2022.9.21(25000)\qmacvisual(cv3)\qplugins\communicatetools\serialport\x64\debug\moc_mytitlebar.obj
g:\qmacvisual(cv3)(25000)\qmacvisual(cv3)2022.9.21(25000)\qmacvisual(cv3)\qplugins\communicatetools\serialport\x64\debug\moc_qtoolbase.obj
g:\qmacvisual(cv3)(25000)\qmacvisual(cv3)2022.9.21(25000)\qmacvisual(cv3)\qplugins\communicatetools\serialport\x64\debug\moc_serialport.obj
g:\qmacvisual(cv3)(25000)\qmacvisual(cv3)2022.9.21(25000)\qmacvisual(cv3)\qplugins\communicatetools\serialport\x64\debug\moc_toolnterface.obj
g:\qmacvisual(cv3)(25000)\qmacvisual(cv3)2022.9.21(25000)\qmacvisual(cv3)\qplugins\communicatetools\serialport\x64\debug\mytitlebar.obj
g:\qmacvisual(cv3)(25000)\qmacvisual(cv3)2022.9.21(25000)\qmacvisual(cv3)\qplugins\communicatetools\serialport\x64\debug\qrc_sub_res.obj
g:\qmacvisual(cv3)(25000)\qmacvisual(cv3)2022.9.21(25000)\qmacvisual(cv3)\qplugins\communicatetools\serialport\x64\debug\serialport.obj
g:\qmacvisual(cv3)(25000)\qmacvisual(cv3)2022.9.21(25000)\qmacvisual(cv3)\qplugins\communicatetools\serialport\x64\debug\toolnterface.obj
g:\qmacvisual(cv3)(25000)\qmacvisual(cv3)2022.9.21(25000)\qmacvisual(cv3)\qplugins\communicatetools\serialport\x64\debug\vc143.pdb
g:\qmacvisual(cv3)(25000)\qmacvisual(cv3)2022.9.21(25000)\qmacvisual(cv3)\qsoftexe\debug\plugins\serialport.dll
g:\qmacvisual(cv3)(25000)\qmacvisual(cv3)2022.9.21(25000)\qmacvisual(cv3)\qplugins\communicatetools\serialport\x64\debug\serialport.tlog\cl.command.1.tlog
g:\qmacvisual(cv3)(25000)\qmacvisual(cv3)2022.9.21(25000)\qmacvisual(cv3)\qplugins\communicatetools\serialport\x64\debug\serialport.tlog\cl.items.tlog
g:\qmacvisual(cv3)(25000)\qmacvisual(cv3)2022.9.21(25000)\qmacvisual(cv3)\qplugins\communicatetools\serialport\x64\debug\serialport.tlog\cl.read.1.tlog
g:\qmacvisual(cv3)(25000)\qmacvisual(cv3)2022.9.21(25000)\qmacvisual(cv3)\qplugins\communicatetools\serialport\x64\debug\serialport.tlog\cl.write.1.tlog
g:\qmacvisual(cv3)(25000)\qmacvisual(cv3)2022.9.21(25000)\qmacvisual(cv3)\qplugins\communicatetools\serialport\x64\debug\serialport.tlog\link.command.1.tlog
g:\qmacvisual(cv3)(25000)\qmacvisual(cv3)2022.9.21(25000)\qmacvisual(cv3)\qplugins\communicatetools\serialport\x64\debug\serialport.tlog\link.read.1.tlog
g:\qmacvisual(cv3)(25000)\qmacvisual(cv3)2022.9.21(25000)\qmacvisual(cv3)\qplugins\communicatetools\serialport\x64\debug\serialport.tlog\link.secondary.1.tlog
g:\qmacvisual(cv3)(25000)\qmacvisual(cv3)2022.9.21(25000)\qmacvisual(cv3)\qplugins\communicatetools\serialport\x64\debug\serialport.tlog\link.write.1.tlog
g:\qmacvisual(cv3)(25000)\qmacvisual(cv3)2022.9.21(25000)\qmacvisual(cv3)\qplugins\communicatetools\serialport\x64\debug\serialport.tlog\moc.read.1u.tlog
g:\qmacvisual(cv3)(25000)\qmacvisual(cv3)2022.9.21(25000)\qmacvisual(cv3)\qplugins\communicatetools\serialport\x64\debug\serialport.tlog\moc.write.1u.tlog
g:\qmacvisual(cv3)(25000)\qmacvisual(cv3)2022.9.21(25000)\qmacvisual(cv3)\qplugins\communicatetools\serialport\x64\debug\serialport.tlog\rcc.read.1u.tlog
g:\qmacvisual(cv3)(25000)\qmacvisual(cv3)2022.9.21(25000)\qmacvisual(cv3)\qplugins\communicatetools\serialport\x64\debug\serialport.tlog\rcc.write.1u.tlog
g:\qmacvisual(cv3)(25000)\qmacvisual(cv3)2022.9.21(25000)\qmacvisual(cv3)\qplugins\communicatetools\serialport\x64\debug\serialport.tlog\serialport.write.1u.tlog
g:\qmacvisual(cv3)(25000)\qmacvisual(cv3)2022.9.21(25000)\qmacvisual(cv3)\qplugins\communicatetools\serialport\x64\debug\serialport.tlog\uic.read.1u.tlog
g:\qmacvisual(cv3)(25000)\qmacvisual(cv3)2022.9.21(25000)\qmacvisual(cv3)\qplugins\communicatetools\serialport\x64\debug\serialport.tlog\uic.write.1u.tlog
