   Qt/MSBuild: 3.4.1.0
  Reading Qt configuration (C:/Qt/Qt5.14.2/5.14.2/msvc2017_64/bin/qmake)
   Qt: 5.14.2
  uic frmSerialPort.ui
  rcc sub_res.qrc
  moc Toolnterface.h
  moc frmSerialPort.h
  moc mytitlebar.h
  moc QToolBase.h
  moc SerialPort.h
  Toolnterface.cpp
  frmSerialPort.cpp
  mytitlebar.cpp
  SerialPort.cpp
  qrc_sub_res.cpp
  moc_Toolnterface.cpp
  moc_frmSerialPort.cpp
  moc_mytitlebar.cpp
  moc_QToolBase.cpp
  moc_SerialPort.cpp
    正在创建库 ../../../QSoftExe/Release/Plugins/SerialPort.lib 和对象 ../../../QSoftExe/Release/Plugins/SerialPort.exp
  SerialPort.vcxproj -> G:\QMacVisual(CV3)(25000)\QMacVisual(CV3)2022.9.21(25000)\QMacVisual(CV3)\QSoftExe\Release\Plugins\SerialPort.dll
