d:\opencv4workflow\opencv4workflow\qmainpro\qmacvisual\x64\debug\vc143.pdb
d:\opencv4workflow\opencv4workflow\qmainpro\qmacvisual\x64\debug\qrc_res.obj
d:\opencv4workflow\opencv4workflow\qmainpro\qmacvisual\x64\debug\clogmodel.obj
d:\opencv4workflow\opencv4workflow\qmainpro\qmacvisual\x64\debug\frmtoolstree.obj
d:\opencv4workflow\opencv4workflow\qmainpro\qmacvisual\x64\debug\softkey.obj
d:\opencv4workflow\opencv4workflow\qmainpro\qmacvisual\x64\debug\frmpermis.obj
d:\opencv4workflow\opencv4workflow\qmainpro\qmacvisual\x64\debug\datavar.obj
d:\opencv4workflow\opencv4workflow\qmainpro\qmacvisual\x64\debug\frminstrumentation.obj
d:\opencv4workflow\opencv4workflow\qmainpro\qmacvisual\x64\debug\xml.obj
d:\opencv4workflow\opencv4workflow\qmainpro\qmacvisual\x64\debug\frmlog.obj
d:\opencv4workflow\opencv4workflow\qmainpro\qmacvisual\x64\debug\frmregister.obj
d:\opencv4workflow\opencv4workflow\qmainpro\qmacvisual\x64\debug\frmquit.obj
d:\opencv4workflow\opencv4workflow\qmainpro\qmacvisual\x64\debug\sqlite.obj
d:\opencv4workflow\opencv4workflow\qmainpro\qmacvisual\x64\debug\dockwidget.obj
d:\opencv4workflow\opencv4workflow\qmainpro\qmacvisual\x64\debug\ipaddress.obj
d:\opencv4workflow\opencv4workflow\qmainpro\qmacvisual\x64\debug\manualthread.obj
d:\opencv4workflow\opencv4workflow\qmainpro\qmacvisual\x64\debug\flowlistwidget.obj
d:\opencv4workflow\opencv4workflow\qmainpro\qmacvisual\x64\debug\frmvisuallogo.obj
d:\opencv4workflow\opencv4workflow\qmainpro\qmacvisual\x64\debug\frmglobalvariable.obj
d:\opencv4workflow\opencv4workflow\qmainpro\qmacvisual\x64\debug\headwidget.obj
d:\opencv4workflow\opencv4workflow\qmainpro\qmacvisual\x64\debug\frmcamerasetup.obj
d:\opencv4workflow\opencv4workflow\qmainpro\qmacvisual\x64\debug\showcpumemory.obj
d:\opencv4workflow\opencv4workflow\qmainpro\qmacvisual\x64\debug\frmprocesssetup.obj
d:\opencv4workflow\opencv4workflow\qmainpro\qmacvisual\x64\debug\qroundprogressbar.obj
d:\opencv4workflow\opencv4workflow\qmainpro\qmacvisual\x64\debug\main.obj
d:\opencv4workflow\opencv4workflow\qmainpro\qmacvisual\x64\debug\frmimageview.obj
d:\opencv4workflow\opencv4workflow\qmainpro\qmacvisual\x64\debug\toolnterface.obj
d:\opencv4workflow\opencv4workflow\qmainpro\qmacvisual\x64\debug\frmlogin.obj
d:\opencv4workflow\opencv4workflow\qmainpro\qmacvisual\x64\debug\qtoolbase.obj
d:\opencv4workflow\opencv4workflow\qmainpro\qmacvisual\x64\debug\frmsystemsetup.obj
d:\opencv4workflow\opencv4workflow\qmainpro\qmacvisual\x64\debug\qtwidgetssaveload.obj
d:\opencv4workflow\opencv4workflow\qmainpro\qmacvisual\x64\debug\frmproitemtab.obj
d:\opencv4workflow\opencv4workflow\qmainpro\qmacvisual\x64\debug\mainwidget.obj
d:\opencv4workflow\opencv4workflow\qmainpro\qmacvisual\x64\debug\autothread.obj
d:\opencv4workflow\opencv4workflow\qmainpro\qmacvisual\x64\debug\qgraphicsviews.obj
d:\opencv4workflow\opencv4workflow\qmainpro\qmacvisual\x64\debug\cmysplashscreen.obj
d:\opencv4workflow\opencv4workflow\qmainpro\qmacvisual\x64\debug\savelog.obj
d:\opencv4workflow\opencv4workflow\qmainpro\qmacvisual\x64\debug\basemainwindow.obj
d:\opencv4workflow\opencv4workflow\qmainpro\qmacvisual\x64\debug\globalvariable.obj
d:\opencv4workflow\opencv4workflow\qmainpro\qmacvisual\x64\debug\folderoperation.obj
d:\opencv4workflow\opencv4workflow\qmainpro\qmacvisual\x64\debug\frmimagelayout.obj
d:\opencv4workflow\opencv4workflow\qmainpro\qmacvisual\x64\debug\qttreewidget.obj
d:\opencv4workflow\opencv4workflow\qmainpro\qmacvisual\x64\debug\frmlink.obj
d:\opencv4workflow\opencv4workflow\qmainpro\qmacvisual\x64\debug\frmabout.obj
d:\opencv4workflow\opencv4workflow\qmainpro\qmacvisual\x64\debug\gvariable.obj
d:\opencv4workflow\opencv4workflow\qmainpro\qmacvisual\x64\debug\mvcamera.obj
d:\opencv4workflow\opencv4workflow\qmainpro\qmacvisual\x64\debug\mytitlebar.obj
d:\opencv4workflow\opencv4workflow\qmainpro\qmacvisual\x64\debug\mainwindow.obj
d:\opencv4workflow\opencv4workflow\qmainpro\qmacvisual\x64\debug\moc_basemainwindow.obj
d:\opencv4workflow\opencv4workflow\qmainpro\qmacvisual\x64\debug\moc_frmglobalvariable.obj
d:\opencv4workflow\opencv4workflow\qmainpro\qmacvisual\x64\debug\moc_dockwidget.obj
d:\opencv4workflow\opencv4workflow\qmainpro\qmacvisual\x64\debug\moc_frmcamerasetup.obj
d:\opencv4workflow\opencv4workflow\qmainpro\qmacvisual\x64\debug\moc_frmabout.obj
d:\opencv4workflow\opencv4workflow\qmainpro\qmacvisual\x64\debug\moc_frmquit.obj
d:\opencv4workflow\opencv4workflow\qmainpro\qmacvisual\x64\debug\moc_frmtoolstree.obj
d:\opencv4workflow\opencv4workflow\qmainpro\qmacvisual\x64\debug\moc_ipaddress.obj
d:\opencv4workflow\opencv4workflow\qmainpro\qmacvisual\x64\debug\moc_frmpermis.obj
d:\opencv4workflow\opencv4workflow\qmainpro\qmacvisual\x64\debug\moc_frmvisuallogo.obj
d:\opencv4workflow\opencv4workflow\qmainpro\qmacvisual\x64\debug\moc_toolnterface.obj
d:\opencv4workflow\opencv4workflow\qmainpro\qmacvisual\x64\debug\moc_showcpumemory.obj
d:\opencv4workflow\opencv4workflow\qmainpro\qmacvisual\x64\debug\moc_qtoolbase.obj
d:\opencv4workflow\opencv4workflow\qmainpro\qmacvisual\x64\debug\moc_frmproitemtab.obj
d:\opencv4workflow\opencv4workflow\qmainpro\qmacvisual\x64\debug\moc_globalvariable.obj
d:\opencv4workflow\opencv4workflow\qmainpro\qmacvisual\x64\debug\moc_flowlistwidget.obj
d:\opencv4workflow\opencv4workflow\qmainpro\qmacvisual\x64\debug\moc_qgraphicsviews.obj
d:\opencv4workflow\opencv4workflow\qmainpro\qmacvisual\x64\debug\moc_frmimageview.obj
d:\opencv4workflow\opencv4workflow\qmainpro\qmacvisual\x64\debug\moc_frmlink.obj
d:\opencv4workflow\opencv4workflow\qmainpro\qmacvisual\x64\debug\moc_mainwidget.obj
d:\opencv4workflow\opencv4workflow\qmainpro\qmacvisual\x64\debug\moc_frmlog.obj
d:\opencv4workflow\opencv4workflow\qmainpro\qmacvisual\x64\debug\moc_manualthread.obj
d:\opencv4workflow\opencv4workflow\qmainpro\qmacvisual\x64\debug\moc_clogmodel.obj
d:\opencv4workflow\opencv4workflow\qmainpro\qmacvisual\x64\debug\moc_frmprocesssetup.obj
d:\opencv4workflow\opencv4workflow\qmainpro\qmacvisual\x64\debug\moc_cmysplashscreen.obj
d:\opencv4workflow\opencv4workflow\qmainpro\qmacvisual\x64\debug\moc_frmimagelayout.obj
d:\opencv4workflow\opencv4workflow\qmainpro\qmacvisual\x64\debug\moc_autothread.obj
d:\opencv4workflow\opencv4workflow\qmainpro\qmacvisual\x64\debug\moc_frmsystemsetup.obj
d:\opencv4workflow\opencv4workflow\qmainpro\qmacvisual\x64\debug\moc_savelog.obj
d:\opencv4workflow\opencv4workflow\qmainpro\qmacvisual\x64\debug\moc_mytitlebar.obj
d:\opencv4workflow\opencv4workflow\qmainpro\qmacvisual\x64\debug\moc_frmregister.obj
d:\opencv4workflow\opencv4workflow\qmainpro\qmacvisual\x64\debug\moc_frmlogin.obj
d:\opencv4workflow\opencv4workflow\qmainpro\qmacvisual\x64\debug\moc_qroundprogressbar.obj
d:\opencv4workflow\opencv4workflow\qmainpro\qmacvisual\x64\debug\moc_headwidget.obj
d:\opencv4workflow\opencv4workflow\qmainpro\qmacvisual\x64\debug\moc_frminstrumentation.obj
d:\opencv4workflow\opencv4workflow\qmainpro\qmacvisual\x64\debug\moc_mainwindow.obj
d:\opencv4workflow\opencv4workflow\qmainpro\qmacvisual\x64\debug\moc_qttreewidget.obj
d:\opencv4workflow\opencv4workflow\qsoftexe\debug\qmacvisual.exe
d:\opencv4workflow\opencv4workflow\qsoftexe\debug\qmacvisual.pdb
d:\opencv4workflow\opencv4workflow\qmainpro\qmacvisual\x64\debug\qt\moc\moc_savelog.cpp
d:\opencv4workflow\opencv4workflow\qmainpro\qmacvisual\x64\debug\qt\moc\moc_toolnterface.cpp
d:\opencv4workflow\opencv4workflow\qmainpro\qmacvisual\x64\debug\qt\moc\moc_showcpumemory.cpp
d:\opencv4workflow\opencv4workflow\qmainpro\qmacvisual\x64\debug\qt\moc\moc_frmlog.cpp
d:\opencv4workflow\opencv4workflow\qmainpro\qmacvisual\x64\debug\qt\moc\moc_clogmodel.cpp
d:\opencv4workflow\opencv4workflow\qmainpro\qmacvisual\x64\debug\qt\moc\moc_basemainwindow.cpp
d:\opencv4workflow\opencv4workflow\qmainpro\qmacvisual\x64\debug\qt\moc\moc_cmysplashscreen.cpp
d:\opencv4workflow\opencv4workflow\qmainpro\qmacvisual\x64\debug\qt\moc\moc_autothread.cpp
d:\opencv4workflow\opencv4workflow\qmainpro\qmacvisual\x64\debug\qt\moc\moc_frmlogin.cpp
d:\opencv4workflow\opencv4workflow\qmainpro\qmacvisual\x64\debug\qt\moc\moc_dockwidget.cpp
d:\opencv4workflow\opencv4workflow\qmainpro\qmacvisual\x64\debug\qt\moc\moc_headwidget.cpp
d:\opencv4workflow\opencv4workflow\qmainpro\qmacvisual\x64\debug\qt\moc\moc_frmabout.cpp
d:\opencv4workflow\opencv4workflow\qmainpro\qmacvisual\x64\debug\qt\moc\moc_frmimageview.cpp
d:\opencv4workflow\opencv4workflow\qmainpro\qmacvisual\x64\debug\qt\moc\moc_flowlistwidget.cpp
d:\opencv4workflow\opencv4workflow\qmainpro\qmacvisual\x64\debug\qt\moc\moc_globalvariable.cpp
d:\opencv4workflow\opencv4workflow\qmainpro\qmacvisual\x64\debug\qt\moc\moc_frmtoolstree.cpp
d:\opencv4workflow\opencv4workflow\qmainpro\qmacvisual\x64\debug\qt\moc\moc_frmproitemtab.cpp
d:\opencv4workflow\opencv4workflow\qmainpro\qmacvisual\x64\debug\qt\moc\moc_frmpermis.cpp
d:\opencv4workflow\opencv4workflow\qmainpro\qmacvisual\x64\debug\qt\moc\moc_mainwidget.cpp
d:\opencv4workflow\opencv4workflow\qmainpro\qmacvisual\x64\debug\qt\moc\moc_mainwindow.cpp
d:\opencv4workflow\opencv4workflow\qmainpro\qmacvisual\x64\debug\qt\moc\moc_mytitlebar.cpp
d:\opencv4workflow\opencv4workflow\qmainpro\qmacvisual\x64\debug\qt\moc\moc_frmprocesssetup.cpp
d:\opencv4workflow\opencv4workflow\qmainpro\qmacvisual\x64\debug\qt\moc\moc_frmsystemsetup.cpp
d:\opencv4workflow\opencv4workflow\qmainpro\qmacvisual\x64\debug\qt\moc\moc_frmimagelayout.cpp
d:\opencv4workflow\opencv4workflow\qmainpro\qmacvisual\x64\debug\qt\moc\moc_frmglobalvariable.cpp
d:\opencv4workflow\opencv4workflow\qmainpro\qmacvisual\x64\debug\qt\moc\moc_frmcamerasetup.cpp
d:\opencv4workflow\opencv4workflow\qmainpro\qmacvisual\x64\debug\qt\moc\moc_frminstrumentation.cpp
d:\opencv4workflow\opencv4workflow\qmainpro\qmacvisual\x64\debug\qt\moc\moc_frmquit.cpp
d:\opencv4workflow\opencv4workflow\qmainpro\qmacvisual\x64\debug\qt\moc\moc_frmlink.cpp
d:\opencv4workflow\opencv4workflow\qmainpro\qmacvisual\x64\debug\qt\moc\moc_ipaddress.cpp
d:\opencv4workflow\opencv4workflow\qmainpro\qmacvisual\x64\debug\qt\moc\moc_manualthread.cpp
d:\opencv4workflow\opencv4workflow\qmainpro\qmacvisual\x64\debug\qt\moc\moc_qgraphicsviews.cpp
d:\opencv4workflow\opencv4workflow\qmainpro\qmacvisual\x64\debug\qt\moc\moc_qtoolbase.cpp
d:\opencv4workflow\opencv4workflow\qmainpro\qmacvisual\x64\debug\qt\moc\moc_qttreewidget.cpp
d:\opencv4workflow\opencv4workflow\qmainpro\qmacvisual\x64\debug\qt\moc\moc_qroundprogressbar.cpp
d:\opencv4workflow\opencv4workflow\qmainpro\qmacvisual\x64\debug\qt\moc\moc_frmvisuallogo.cpp
d:\opencv4workflow\opencv4workflow\qmainpro\qmacvisual\x64\debug\qt\moc\moc_frmregister.cpp
d:\opencv4workflow\opencv4workflow\qmainpro\qmacvisual\x64\debug\qt\uic\ui_frmabout.h
d:\opencv4workflow\opencv4workflow\qmainpro\qmacvisual\x64\debug\qt\uic\ui_frmcamerasetup.h
d:\opencv4workflow\opencv4workflow\qmainpro\qmacvisual\x64\debug\qt\uic\ui_frmglobalvariable.h
d:\opencv4workflow\opencv4workflow\qmainpro\qmacvisual\x64\debug\qt\uic\ui_frmimagelayout.h
d:\opencv4workflow\opencv4workflow\qmainpro\qmacvisual\x64\debug\qt\uic\ui_frmimageview.h
d:\opencv4workflow\opencv4workflow\qmainpro\qmacvisual\x64\debug\qt\uic\ui_frminstrumentation.h
d:\opencv4workflow\opencv4workflow\qmainpro\qmacvisual\x64\debug\qt\uic\ui_frmlink.h
d:\opencv4workflow\opencv4workflow\qmainpro\qmacvisual\x64\debug\qt\uic\ui_frmlogin.h
d:\opencv4workflow\opencv4workflow\qmainpro\qmacvisual\x64\debug\qt\uic\ui_frmpermis.h
d:\opencv4workflow\opencv4workflow\qmainpro\qmacvisual\x64\debug\qt\uic\ui_frmprocesssetup.h
d:\opencv4workflow\opencv4workflow\qmainpro\qmacvisual\x64\debug\qt\uic\ui_frmproitemtab.h
d:\opencv4workflow\opencv4workflow\qmainpro\qmacvisual\x64\debug\qt\uic\ui_frmquit.h
d:\opencv4workflow\opencv4workflow\qmainpro\qmacvisual\x64\debug\qt\uic\ui_frmregister.h
d:\opencv4workflow\opencv4workflow\qmainpro\qmacvisual\x64\debug\qt\uic\ui_frmsystemsetup.h
d:\opencv4workflow\opencv4workflow\qmainpro\qmacvisual\x64\debug\qt\uic\ui_frmtoolstree.h
d:\opencv4workflow\opencv4workflow\qmainpro\qmacvisual\x64\debug\qt\uic\ui_frmlog.h
d:\opencv4workflow\opencv4workflow\qmainpro\qmacvisual\x64\debug\qt\rcc\qrc_res.cpp
d:\opencv4workflow\opencv4workflow\qmainpro\qmacvisual\x64\debug\qmacvisual.res
d:\opencv4workflow\opencv4workflow\qsoftexe\debug\qmacvisual.ilk
d:\opencv4workflow\opencv4workflow\qmainpro\qmacvisual\x64\debug\qmacvisual.tlog\cl.command.1.tlog
d:\opencv4workflow\opencv4workflow\qmainpro\qmacvisual\x64\debug\qmacvisual.tlog\cl.items.tlog
d:\opencv4workflow\opencv4workflow\qmainpro\qmacvisual\x64\debug\qmacvisual.tlog\cl.read.1.tlog
d:\opencv4workflow\opencv4workflow\qmainpro\qmacvisual\x64\debug\qmacvisual.tlog\cl.write.1.tlog
d:\opencv4workflow\opencv4workflow\qmainpro\qmacvisual\x64\debug\qmacvisual.tlog\link.command.1.tlog
d:\opencv4workflow\opencv4workflow\qmainpro\qmacvisual\x64\debug\qmacvisual.tlog\link.read.1.tlog
d:\opencv4workflow\opencv4workflow\qmainpro\qmacvisual\x64\debug\qmacvisual.tlog\link.secondary.1.tlog
d:\opencv4workflow\opencv4workflow\qmainpro\qmacvisual\x64\debug\qmacvisual.tlog\link.write.1.tlog
d:\opencv4workflow\opencv4workflow\qmainpro\qmacvisual\x64\debug\qmacvisual.tlog\moc.read.1u.tlog
d:\opencv4workflow\opencv4workflow\qmainpro\qmacvisual\x64\debug\qmacvisual.tlog\moc.write.1u.tlog
d:\opencv4workflow\opencv4workflow\qmainpro\qmacvisual\x64\debug\qmacvisual.tlog\qmacvisual.write.1u.tlog
d:\opencv4workflow\opencv4workflow\qmainpro\qmacvisual\x64\debug\qmacvisual.tlog\rc.command.1.tlog
d:\opencv4workflow\opencv4workflow\qmainpro\qmacvisual\x64\debug\qmacvisual.tlog\rc.read.1.tlog
d:\opencv4workflow\opencv4workflow\qmainpro\qmacvisual\x64\debug\qmacvisual.tlog\rc.write.1.tlog
d:\opencv4workflow\opencv4workflow\qmainpro\qmacvisual\x64\debug\qmacvisual.tlog\rcc.read.1u.tlog
d:\opencv4workflow\opencv4workflow\qmainpro\qmacvisual\x64\debug\qmacvisual.tlog\rcc.write.1u.tlog
d:\opencv4workflow\opencv4workflow\qmainpro\qmacvisual\x64\debug\qmacvisual.tlog\uic.read.1u.tlog
d:\opencv4workflow\opencv4workflow\qmainpro\qmacvisual\x64\debug\qmacvisual.tlog\uic.write.1u.tlog
