g:\qmacvisual(cv3)(25000)\qmacvisual(cv3)2022.9.21(25000)\qmacvisual(cv3)\qplugins\communicatetools\sockettcpclient\x64\debug\vc143.pdb
g:\qmacvisual(cv3)(25000)\qmacvisual(cv3)2022.9.21(25000)\qmacvisual(cv3)\qplugins\communicatetools\sockettcpclient\x64\debug\qrc_sub_res.obj
g:\qmacvisual(cv3)(25000)\qmacvisual(cv3)2022.9.21(25000)\qmacvisual(cv3)\qplugins\communicatetools\sockettcpclient\x64\debug\toolnterface.obj
g:\qmacvisual(cv3)(25000)\qmacvisual(cv3)2022.9.21(25000)\qmacvisual(cv3)\qplugins\communicatetools\sockettcpclient\x64\debug\frmsockettcpclient.obj
g:\qmacvisual(cv3)(25000)\qmacvisual(cv3)2022.9.21(25000)\qmacvisual(cv3)\qplugins\communicatetools\sockettcpclient\x64\debug\mytitlebar.obj
g:\qmacvisual(cv3)(25000)\qmacvisual(cv3)2022.9.21(25000)\qmacvisual(cv3)\qplugins\communicatetools\sockettcpclient\x64\debug\sockettcpclient.obj
g:\qmacvisual(cv3)(25000)\qmacvisual(cv3)2022.9.21(25000)\qmacvisual(cv3)\qplugins\communicatetools\sockettcpclient\x64\debug\moc_mytitlebar.obj
g:\qmacvisual(cv3)(25000)\qmacvisual(cv3)2022.9.21(25000)\qmacvisual(cv3)\qplugins\communicatetools\sockettcpclient\x64\debug\moc_toolnterface.obj
g:\qmacvisual(cv3)(25000)\qmacvisual(cv3)2022.9.21(25000)\qmacvisual(cv3)\qplugins\communicatetools\sockettcpclient\x64\debug\moc_frmsockettcpclient.obj
g:\qmacvisual(cv3)(25000)\qmacvisual(cv3)2022.9.21(25000)\qmacvisual(cv3)\qplugins\communicatetools\sockettcpclient\x64\debug\moc_qtoolbase.obj
g:\qmacvisual(cv3)(25000)\qmacvisual(cv3)2022.9.21(25000)\qmacvisual(cv3)\qplugins\communicatetools\sockettcpclient\x64\debug\moc_sockettcpclient.obj
g:\qmacvisual(cv3)(25000)\qmacvisual(cv3)2022.9.21(25000)\qmacvisual(cv3)\qsoftexe\debug\plugins\sockettcpclient.dll
g:\qmacvisual(cv3)(25000)\qmacvisual(cv3)2022.9.21(25000)\qmacvisual(cv3)\qsoftexe\debug\plugins\sockettcpclient.pdb
g:\qmacvisual(cv3)(25000)\qmacvisual(cv3)2022.9.21(25000)\qmacvisual(cv3)\qplugins\communicatetools\sockettcpclient\x64\debug\qt\moc\moc_toolnterface.cpp
g:\qmacvisual(cv3)(25000)\qmacvisual(cv3)2022.9.21(25000)\qmacvisual(cv3)\qplugins\communicatetools\sockettcpclient\x64\debug\qt\moc\moc_frmsockettcpclient.cpp
g:\qmacvisual(cv3)(25000)\qmacvisual(cv3)2022.9.21(25000)\qmacvisual(cv3)\qplugins\communicatetools\sockettcpclient\x64\debug\qt\moc\moc_mytitlebar.cpp
g:\qmacvisual(cv3)(25000)\qmacvisual(cv3)2022.9.21(25000)\qmacvisual(cv3)\qplugins\communicatetools\sockettcpclient\x64\debug\qt\moc\moc_qtoolbase.cpp
g:\qmacvisual(cv3)(25000)\qmacvisual(cv3)2022.9.21(25000)\qmacvisual(cv3)\qplugins\communicatetools\sockettcpclient\x64\debug\qt\moc\moc_sockettcpclient.cpp
g:\qmacvisual(cv3)(25000)\qmacvisual(cv3)2022.9.21(25000)\qmacvisual(cv3)\qplugins\communicatetools\sockettcpclient\x64\debug\qt\rcc\qrc_sub_res.cpp
g:\qmacvisual(cv3)(25000)\qmacvisual(cv3)2022.9.21(25000)\qmacvisual(cv3)\qplugins\communicatetools\sockettcpclient\x64\debug\qt\uic\ui_frmsockettcpclient.h
d:\opencv4workflow\opencv4workflow\qplugins\communicatetools\sockettcpclient\x64\debug\qt\uic\ui_frmsockettcpclient.h
d:\opencv4workflow\opencv4workflow\qplugins\communicatetools\sockettcpclient\x64\debug\qt\rcc\qrc_sub_res.cpp
d:\opencv4workflow\opencv4workflow\qplugins\communicatetools\sockettcpclient\x64\debug\qt\moc\moc_toolnterface.cpp
d:\opencv4workflow\opencv4workflow\qplugins\communicatetools\sockettcpclient\x64\debug\qt\moc\moc_frmsockettcpclient.cpp
d:\opencv4workflow\opencv4workflow\qplugins\communicatetools\sockettcpclient\x64\debug\qt\moc\moc_mytitlebar.cpp
d:\opencv4workflow\opencv4workflow\qplugins\communicatetools\sockettcpclient\x64\debug\qt\moc\moc_qtoolbase.cpp
d:\opencv4workflow\opencv4workflow\qplugins\communicatetools\sockettcpclient\x64\debug\qt\moc\moc_sockettcpclient.cpp
g:\qmacvisual(cv3)(25000)\qmacvisual(cv3)2022.9.21(25000)\qmacvisual(cv3)\qsoftexe\debug\plugins\sockettcpclient.lib
g:\qmacvisual(cv3)(25000)\qmacvisual(cv3)2022.9.21(25000)\qmacvisual(cv3)\qsoftexe\debug\plugins\sockettcpclient.exp
g:\qmacvisual(cv3)(25000)\qmacvisual(cv3)2022.9.21(25000)\qmacvisual(cv3)\qsoftexe\debug\plugins\sockettcpclient.ilk
d:\opencv4workflow\opencv4workflow\qplugins\communicatetools\sockettcpclient\x64\debug\frmsockettcpclient.obj
d:\opencv4workflow\opencv4workflow\qplugins\communicatetools\sockettcpclient\x64\debug\moc_frmsockettcpclient.obj
d:\opencv4workflow\opencv4workflow\qplugins\communicatetools\sockettcpclient\x64\debug\moc_mytitlebar.obj
d:\opencv4workflow\opencv4workflow\qplugins\communicatetools\sockettcpclient\x64\debug\moc_qtoolbase.obj
d:\opencv4workflow\opencv4workflow\qplugins\communicatetools\sockettcpclient\x64\debug\moc_sockettcpclient.obj
d:\opencv4workflow\opencv4workflow\qplugins\communicatetools\sockettcpclient\x64\debug\moc_toolnterface.obj
d:\opencv4workflow\opencv4workflow\qplugins\communicatetools\sockettcpclient\x64\debug\mytitlebar.obj
d:\opencv4workflow\opencv4workflow\qplugins\communicatetools\sockettcpclient\x64\debug\qrc_sub_res.obj
d:\opencv4workflow\opencv4workflow\qplugins\communicatetools\sockettcpclient\x64\debug\sockettcpclient.obj
d:\opencv4workflow\opencv4workflow\qplugins\communicatetools\sockettcpclient\x64\debug\toolnterface.obj
d:\opencv4workflow\opencv4workflow\qplugins\communicatetools\sockettcpclient\x64\debug\vc142.pdb
d:\opencv4workflow\opencv4workflow\qplugins\communicatetools\sockettcpclient\x64\debug\vc143.pdb
d:\opencv4workflow\opencv4workflow\qsoftexe\debug\plugins\sockettcpclient.dll
d:\opencv4workflow\opencv4workflow\qplugins\communicatetools\sockettcpclient\x64\debug\sockettcpclient.tlog\cl.command.1.tlog
d:\opencv4workflow\opencv4workflow\qplugins\communicatetools\sockettcpclient\x64\debug\sockettcpclient.tlog\cl.items.tlog
d:\opencv4workflow\opencv4workflow\qplugins\communicatetools\sockettcpclient\x64\debug\sockettcpclient.tlog\cl.read.1.tlog
d:\opencv4workflow\opencv4workflow\qplugins\communicatetools\sockettcpclient\x64\debug\sockettcpclient.tlog\cl.write.1.tlog
d:\opencv4workflow\opencv4workflow\qplugins\communicatetools\sockettcpclient\x64\debug\sockettcpclient.tlog\link.command.1.tlog
d:\opencv4workflow\opencv4workflow\qplugins\communicatetools\sockettcpclient\x64\debug\sockettcpclient.tlog\link.read.1.tlog
d:\opencv4workflow\opencv4workflow\qplugins\communicatetools\sockettcpclient\x64\debug\sockettcpclient.tlog\link.secondary.1.tlog
d:\opencv4workflow\opencv4workflow\qplugins\communicatetools\sockettcpclient\x64\debug\sockettcpclient.tlog\link.write.1.tlog
d:\opencv4workflow\opencv4workflow\qplugins\communicatetools\sockettcpclient\x64\debug\sockettcpclient.tlog\moc.read.1u.tlog
d:\opencv4workflow\opencv4workflow\qplugins\communicatetools\sockettcpclient\x64\debug\sockettcpclient.tlog\moc.write.1u.tlog
d:\opencv4workflow\opencv4workflow\qplugins\communicatetools\sockettcpclient\x64\debug\sockettcpclient.tlog\rcc.read.1u.tlog
d:\opencv4workflow\opencv4workflow\qplugins\communicatetools\sockettcpclient\x64\debug\sockettcpclient.tlog\rcc.write.1u.tlog
d:\opencv4workflow\opencv4workflow\qplugins\communicatetools\sockettcpclient\x64\debug\sockettcpclient.tlog\sockettcpclient.write.1u.tlog
d:\opencv4workflow\opencv4workflow\qplugins\communicatetools\sockettcpclient\x64\debug\sockettcpclient.tlog\uic.read.1u.tlog
d:\opencv4workflow\opencv4workflow\qplugins\communicatetools\sockettcpclient\x64\debug\sockettcpclient.tlog\uic.write.1u.tlog
