   Qt/MSBuild: 3.4.1.0
  Reading Qt configuration (C:/Qt/Qt5.14.2/5.14.2/msvc2017_64/bin/qmake)
   Qt: 5.14.2
  uic frmSocketTcpClient.ui
  rcc sub_res.qrc
  moc Toolnterface.h
  moc frmSocketTcpClient.h
  moc mytitlebar.h
  moc QToolBase.h
  moc SocketTcpClient.h
  Toolnterface.cpp
  frmSocketTcpClient.cpp
  mytitlebar.cpp
  SocketTcpClient.cpp
  qrc_sub_res.cpp
  moc_Toolnterface.cpp
  moc_frmSocketTcpClient.cpp
  moc_mytitlebar.cpp
  moc_QToolBase.cpp
  moc_SocketTcpClient.cpp
  LINK : 没有找到 ..\..\..\QSoftExe\Debug\Plugins\SocketTcpClient.dll 或上一个增量链接没有生成它；正在执行完全链接
    正在创建库 ../../../QSoftExe/Debug/Plugins/SocketTcpClient.lib 和对象 ../../../QSoftExe/Debug/Plugins/SocketTcpClient.exp
  SocketTcpClient.vcxproj -> G:\QMacVisual(CV3)(25000)\QMacVisual(CV3)2022.9.21(25000)\QMacVisual(CV3)\QSoftExe\Debug\Plugins\SocketTcpClient.dll
