g:\qmacvisual(cv3)(25000)\qmacvisual(cv3)2022.9.21(25000)\qmacvisual(cv3)\qplugins\calibrationtools\distortioncalibration\x64\release\vc143.pdb
g:\qmacvisual(cv3)(25000)\qmacvisual(cv3)2022.9.21(25000)\qmacvisual(cv3)\qplugins\calibrationtools\distortioncalibration\x64\release\qrc_sub_res.obj
g:\qmacvisual(cv3)(25000)\qmacvisual(cv3)2022.9.21(25000)\qmacvisual(cv3)\qplugins\calibrationtools\distortioncalibration\x64\release\mytitlebar.obj
g:\qmacvisual(cv3)(25000)\qmacvisual(cv3)2022.9.21(25000)\qmacvisual(cv3)\qplugins\calibrationtools\distortioncalibration\x64\release\controlitem.obj
g:\qmacvisual(cv3)(25000)\qmacvisual(cv3)2022.9.21(25000)\qmacvisual(cv3)\qplugins\calibrationtools\distortioncalibration\x64\release\imageitem.obj
g:\qmacvisual(cv3)(25000)\qmacvisual(cv3)2022.9.21(25000)\qmacvisual(cv3)\qplugins\calibrationtools\distortioncalibration\x64\release\distortioncalibration.obj
g:\qmacvisual(cv3)(25000)\qmacvisual(cv3)2022.9.21(25000)\qmacvisual(cv3)\qplugins\calibrationtools\distortioncalibration\x64\release\frmdistortioncalibration.obj
g:\qmacvisual(cv3)(25000)\qmacvisual(cv3)2022.9.21(25000)\qmacvisual(cv3)\qplugins\calibrationtools\distortioncalibration\x64\release\qgraphicsviews.obj
g:\qmacvisual(cv3)(25000)\qmacvisual(cv3)2022.9.21(25000)\qmacvisual(cv3)\qplugins\calibrationtools\distortioncalibration\x64\release\toolnterface.obj
g:\qmacvisual(cv3)(25000)\qmacvisual(cv3)2022.9.21(25000)\qmacvisual(cv3)\qplugins\calibrationtools\distortioncalibration\x64\release\qgraphicsscenes.obj
g:\qmacvisual(cv3)(25000)\qmacvisual(cv3)2022.9.21(25000)\qmacvisual(cv3)\qplugins\calibrationtools\distortioncalibration\x64\release\baseitem.obj
g:\qmacvisual(cv3)(25000)\qmacvisual(cv3)2022.9.21(25000)\qmacvisual(cv3)\qplugins\calibrationtools\distortioncalibration\x64\release\moc_qtoolbase.obj
g:\qmacvisual(cv3)(25000)\qmacvisual(cv3)2022.9.21(25000)\qmacvisual(cv3)\qplugins\calibrationtools\distortioncalibration\x64\release\moc_baseitem.obj
g:\qmacvisual(cv3)(25000)\qmacvisual(cv3)2022.9.21(25000)\qmacvisual(cv3)\qplugins\calibrationtools\distortioncalibration\x64\release\moc_mytitlebar.obj
g:\qmacvisual(cv3)(25000)\qmacvisual(cv3)2022.9.21(25000)\qmacvisual(cv3)\qplugins\calibrationtools\distortioncalibration\x64\release\moc_qgraphicsscenes.obj
g:\qmacvisual(cv3)(25000)\qmacvisual(cv3)2022.9.21(25000)\qmacvisual(cv3)\qplugins\calibrationtools\distortioncalibration\x64\release\moc_frmdistortioncalibration.obj
g:\qmacvisual(cv3)(25000)\qmacvisual(cv3)2022.9.21(25000)\qmacvisual(cv3)\qplugins\calibrationtools\distortioncalibration\x64\release\moc_distortioncalibration.obj
g:\qmacvisual(cv3)(25000)\qmacvisual(cv3)2022.9.21(25000)\qmacvisual(cv3)\qplugins\calibrationtools\distortioncalibration\x64\release\moc_toolnterface.obj
g:\qmacvisual(cv3)(25000)\qmacvisual(cv3)2022.9.21(25000)\qmacvisual(cv3)\qplugins\calibrationtools\distortioncalibration\x64\release\moc_imageitem.obj
g:\qmacvisual(cv3)(25000)\qmacvisual(cv3)2022.9.21(25000)\qmacvisual(cv3)\qplugins\calibrationtools\distortioncalibration\x64\release\moc_controlitem.obj
g:\qmacvisual(cv3)(25000)\qmacvisual(cv3)2022.9.21(25000)\qmacvisual(cv3)\qplugins\calibrationtools\distortioncalibration\x64\release\moc_qgraphicsviews.obj
g:\qmacvisual(cv3)(25000)\qmacvisual(cv3)2022.9.21(25000)\qmacvisual(cv3)\qplugins\calibrationtools\distortioncalibration\x64\release\qt\uic\ui_frmdistortioncalibration.h
g:\qmacvisual(cv3)(25000)\qmacvisual(cv3)2022.9.21(25000)\qmacvisual(cv3)\qplugins\calibrationtools\distortioncalibration\x64\release\qt\rcc\qrc_sub_res.cpp
g:\qmacvisual(cv3)(25000)\qmacvisual(cv3)2022.9.21(25000)\qmacvisual(cv3)\qplugins\calibrationtools\distortioncalibration\x64\release\qt\moc\moc_qtoolbase.cpp
g:\qmacvisual(cv3)(25000)\qmacvisual(cv3)2022.9.21(25000)\qmacvisual(cv3)\qplugins\calibrationtools\distortioncalibration\x64\release\qt\moc\moc_toolnterface.cpp
g:\qmacvisual(cv3)(25000)\qmacvisual(cv3)2022.9.21(25000)\qmacvisual(cv3)\qplugins\calibrationtools\distortioncalibration\x64\release\qt\moc\moc_frmdistortioncalibration.cpp
g:\qmacvisual(cv3)(25000)\qmacvisual(cv3)2022.9.21(25000)\qmacvisual(cv3)\qplugins\calibrationtools\distortioncalibration\x64\release\qt\moc\moc_imageitem.cpp
g:\qmacvisual(cv3)(25000)\qmacvisual(cv3)2022.9.21(25000)\qmacvisual(cv3)\qplugins\calibrationtools\distortioncalibration\x64\release\qt\moc\moc_mytitlebar.cpp
g:\qmacvisual(cv3)(25000)\qmacvisual(cv3)2022.9.21(25000)\qmacvisual(cv3)\qplugins\calibrationtools\distortioncalibration\x64\release\qt\moc\moc_qgraphicsviews.cpp
g:\qmacvisual(cv3)(25000)\qmacvisual(cv3)2022.9.21(25000)\qmacvisual(cv3)\qplugins\calibrationtools\distortioncalibration\x64\release\qt\moc\moc_qgraphicsscenes.cpp
g:\qmacvisual(cv3)(25000)\qmacvisual(cv3)2022.9.21(25000)\qmacvisual(cv3)\qplugins\calibrationtools\distortioncalibration\x64\release\qt\moc\moc_baseitem.cpp
g:\qmacvisual(cv3)(25000)\qmacvisual(cv3)2022.9.21(25000)\qmacvisual(cv3)\qplugins\calibrationtools\distortioncalibration\x64\release\qt\moc\moc_controlitem.cpp
g:\qmacvisual(cv3)(25000)\qmacvisual(cv3)2022.9.21(25000)\qmacvisual(cv3)\qplugins\calibrationtools\distortioncalibration\x64\release\qt\moc\moc_distortioncalibration.cpp
d:\opencv4workflow\opencv4workflow\qplugins\calibrationtools\distortioncalibration\x64\release\qt\uic\ui_frmdistortioncalibration.h
d:\opencv4workflow\opencv4workflow\qplugins\calibrationtools\distortioncalibration\x64\release\qt\rcc\qrc_sub_res.cpp
d:\opencv4workflow\opencv4workflow\qplugins\calibrationtools\distortioncalibration\x64\release\qt\moc\moc_qtoolbase.cpp
d:\opencv4workflow\opencv4workflow\qplugins\calibrationtools\distortioncalibration\x64\release\qt\moc\moc_toolnterface.cpp
d:\opencv4workflow\opencv4workflow\qplugins\calibrationtools\distortioncalibration\x64\release\qt\moc\moc_frmdistortioncalibration.cpp
d:\opencv4workflow\opencv4workflow\qplugins\calibrationtools\distortioncalibration\x64\release\qt\moc\moc_imageitem.cpp
d:\opencv4workflow\opencv4workflow\qplugins\calibrationtools\distortioncalibration\x64\release\qt\moc\moc_mytitlebar.cpp
d:\opencv4workflow\opencv4workflow\qplugins\calibrationtools\distortioncalibration\x64\release\qt\moc\moc_qgraphicsviews.cpp
d:\opencv4workflow\opencv4workflow\qplugins\calibrationtools\distortioncalibration\x64\release\qt\moc\moc_qgraphicsscenes.cpp
d:\opencv4workflow\opencv4workflow\qplugins\calibrationtools\distortioncalibration\x64\release\qt\moc\moc_baseitem.cpp
d:\opencv4workflow\opencv4workflow\qplugins\calibrationtools\distortioncalibration\x64\release\qt\moc\moc_controlitem.cpp
d:\opencv4workflow\opencv4workflow\qplugins\calibrationtools\distortioncalibration\x64\release\qt\moc\moc_distortioncalibration.cpp
g:\qmacvisual(cv3)(25000)\qmacvisual(cv3)2022.9.21(25000)\qmacvisual(cv3)\qsoftexe\release\plugins\distortioncalibration.dll
g:\qmacvisual(cv3)(25000)\qmacvisual(cv3)2022.9.21(25000)\qmacvisual(cv3)\qsoftexe\release\plugins\distortioncalibration.lib
g:\qmacvisual(cv3)(25000)\qmacvisual(cv3)2022.9.21(25000)\qmacvisual(cv3)\qsoftexe\release\plugins\distortioncalibration.exp
d:\opencv4workflow\opencv4workflow\qplugins\calibrationtools\distortioncalibration\x64\release\baseitem.obj
d:\opencv4workflow\opencv4workflow\qplugins\calibrationtools\distortioncalibration\x64\release\controlitem.obj
d:\opencv4workflow\opencv4workflow\qplugins\calibrationtools\distortioncalibration\x64\release\distortioncalibration.obj
d:\opencv4workflow\opencv4workflow\qplugins\calibrationtools\distortioncalibration\x64\release\frmdistortioncalibration.obj
d:\opencv4workflow\opencv4workflow\qplugins\calibrationtools\distortioncalibration\x64\release\imageitem.obj
d:\opencv4workflow\opencv4workflow\qplugins\calibrationtools\distortioncalibration\x64\release\moc_baseitem.obj
d:\opencv4workflow\opencv4workflow\qplugins\calibrationtools\distortioncalibration\x64\release\moc_controlitem.obj
d:\opencv4workflow\opencv4workflow\qplugins\calibrationtools\distortioncalibration\x64\release\moc_distortioncalibration.obj
d:\opencv4workflow\opencv4workflow\qplugins\calibrationtools\distortioncalibration\x64\release\moc_frmdistortioncalibration.obj
d:\opencv4workflow\opencv4workflow\qplugins\calibrationtools\distortioncalibration\x64\release\moc_imageitem.obj
d:\opencv4workflow\opencv4workflow\qplugins\calibrationtools\distortioncalibration\x64\release\moc_mytitlebar.obj
d:\opencv4workflow\opencv4workflow\qplugins\calibrationtools\distortioncalibration\x64\release\moc_qgraphicsscenes.obj
d:\opencv4workflow\opencv4workflow\qplugins\calibrationtools\distortioncalibration\x64\release\moc_qgraphicsviews.obj
d:\opencv4workflow\opencv4workflow\qplugins\calibrationtools\distortioncalibration\x64\release\moc_qtoolbase.obj
d:\opencv4workflow\opencv4workflow\qplugins\calibrationtools\distortioncalibration\x64\release\moc_toolnterface.obj
d:\opencv4workflow\opencv4workflow\qplugins\calibrationtools\distortioncalibration\x64\release\mytitlebar.obj
d:\opencv4workflow\opencv4workflow\qplugins\calibrationtools\distortioncalibration\x64\release\qgraphicsscenes.obj
d:\opencv4workflow\opencv4workflow\qplugins\calibrationtools\distortioncalibration\x64\release\qgraphicsviews.obj
d:\opencv4workflow\opencv4workflow\qplugins\calibrationtools\distortioncalibration\x64\release\qrc_sub_res.obj
d:\opencv4workflow\opencv4workflow\qplugins\calibrationtools\distortioncalibration\x64\release\toolnterface.obj
d:\opencv4workflow\opencv4workflow\qplugins\calibrationtools\distortioncalibration\x64\release\vc143.pdb
d:\opencv4workflow\opencv4workflow\qsoftexe\release\plugins\distortioncalibration.dll
d:\opencv4workflow\opencv4workflow\qplugins\calibrationtools\distortioncalibration\x64\release\distorti.3b875f15.tlog\cl.command.1.tlog
d:\opencv4workflow\opencv4workflow\qplugins\calibrationtools\distortioncalibration\x64\release\distorti.3b875f15.tlog\cl.items.tlog
d:\opencv4workflow\opencv4workflow\qplugins\calibrationtools\distortioncalibration\x64\release\distorti.3b875f15.tlog\cl.read.1.tlog
d:\opencv4workflow\opencv4workflow\qplugins\calibrationtools\distortioncalibration\x64\release\distorti.3b875f15.tlog\cl.write.1.tlog
d:\opencv4workflow\opencv4workflow\qplugins\calibrationtools\distortioncalibration\x64\release\distorti.3b875f15.tlog\distortioncalibration.write.1u.tlog
d:\opencv4workflow\opencv4workflow\qplugins\calibrationtools\distortioncalibration\x64\release\distorti.3b875f15.tlog\link.command.1.tlog
d:\opencv4workflow\opencv4workflow\qplugins\calibrationtools\distortioncalibration\x64\release\distorti.3b875f15.tlog\link.read.1.tlog
d:\opencv4workflow\opencv4workflow\qplugins\calibrationtools\distortioncalibration\x64\release\distorti.3b875f15.tlog\link.secondary.1.tlog
d:\opencv4workflow\opencv4workflow\qplugins\calibrationtools\distortioncalibration\x64\release\distorti.3b875f15.tlog\link.write.1.tlog
d:\opencv4workflow\opencv4workflow\qplugins\calibrationtools\distortioncalibration\x64\release\distorti.3b875f15.tlog\moc.read.1u.tlog
d:\opencv4workflow\opencv4workflow\qplugins\calibrationtools\distortioncalibration\x64\release\distorti.3b875f15.tlog\moc.write.1u.tlog
d:\opencv4workflow\opencv4workflow\qplugins\calibrationtools\distortioncalibration\x64\release\distorti.3b875f15.tlog\rcc.read.1u.tlog
d:\opencv4workflow\opencv4workflow\qplugins\calibrationtools\distortioncalibration\x64\release\distorti.3b875f15.tlog\rcc.write.1u.tlog
d:\opencv4workflow\opencv4workflow\qplugins\calibrationtools\distortioncalibration\x64\release\distorti.3b875f15.tlog\uic.read.1u.tlog
d:\opencv4workflow\opencv4workflow\qplugins\calibrationtools\distortioncalibration\x64\release\distorti.3b875f15.tlog\uic.write.1u.tlog
