   Qt/MSBuild: 3.4.1.0
  Reading Qt configuration (C:/Qt/Qt5.14.2/5.14.2/msvc2017_64/bin/qmake)
   Qt: 5.14.2
  uic frmImageView.ui
  rcc sub_res.qrc
  moc QToolBase.h
  moc Toolnterface.h
  moc frmImageView.h
  moc ImageItem.h
  moc mytitlebar.h
  moc QGraphicsViews.h
  moc QGraphicsScenes.h
  moc BaseItem.h
  moc ControlItem.h
  moc ImageView.h
  frmImageView.cpp
  ImageItem.cpp
  mytitlebar.cpp
  QGraphicsScenes.cpp
  QGraphicsViews.cpp
  Toolnterface.cpp
  BaseItem.cpp
  ControlItem.cpp
  ImageView.cpp
  qrc_sub_res.cpp
  moc_QToolBase.cpp
  moc_Toolnterface.cpp
  moc_frmImageView.cpp
  moc_ImageItem.cpp
  moc_mytitlebar.cpp
  moc_QGraphicsViews.cpp
  moc_QGraphicsScenes.cpp
  moc_BaseItem.cpp
  moc_ControlItem.cpp
  moc_ImageView.cpp
  LINK : 没有找到 ..\..\..\QSoftExe\Debug\Plugins\ImageView.dll 或上一个增量链接没有生成它；正在执行完全链接
    正在创建库 ../../../QSoftExe/Debug/Plugins/ImageView.lib 和对象 ../../../QSoftExe/Debug/Plugins/ImageView.exp
  ImageView.vcxproj -> G:\QMacVisual(CV3)(25000)\QMacVisual(CV3)2022.9.21(25000)\QMacVisual(CV3)\QSoftExe\Debug\Plugins\ImageView.dll
