   Qt/MSBuild: 3.4.1.0
  Reading Qt configuration (C:/Qt/Qt5.14.2/5.14.2/msvc2017_64/bin/qmake)
   Qt: 5.14.2
  uic frmLinearCalculation.ui
  rcc sub_res.qrc
  moc Toolnterface.h
  moc QToolBase.h
  moc mytitlebar.h
  moc frmLinearCalculation.h
  moc LinearCalculation.h
  mytitlebar.cpp
  Toolnterface.cpp
  frmLinearCalculation.cpp
  LinearCalculation.cpp
  qrc_sub_res.cpp
  moc_Toolnterface.cpp
  moc_QToolBase.cpp
  moc_mytitlebar.cpp
  moc_frmLinearCalculation.cpp
  moc_LinearCalculation.cpp
    正在创建库 ../../../QSoftExe/Release/Plugins/LinearCalculation.lib 和对象 ../../../QSoftExe/Release/Plugins/LinearCalculation.exp
  LinearCalculation.vcxproj -> G:\QMacVisual(CV3)(25000)\QMacVisual(CV3)2022.9.21(25000)\QMacVisual(CV3)\QSoftExe\Release\Plugins\LinearCalculation.dll
