g:\qmacvisual(cv3)(25000)\qmacvisual(cv3)2022.9.21(25000)\qmacvisual(cv3)\qplugins\calibrationtools\ertcalibration\x64\release\vc143.pdb
g:\qmacvisual(cv3)(25000)\qmacvisual(cv3)2022.9.21(25000)\qmacvisual(cv3)\qplugins\calibrationtools\ertcalibration\x64\release\qrc_sub_res.obj
g:\qmacvisual(cv3)(25000)\qmacvisual(cv3)2022.9.21(25000)\qmacvisual(cv3)\qplugins\calibrationtools\ertcalibration\x64\release\qgraphicsscenes.obj
g:\qmacvisual(cv3)(25000)\qmacvisual(cv3)2022.9.21(25000)\qmacvisual(cv3)\qplugins\calibrationtools\ertcalibration\x64\release\ertcalibration.obj
g:\qmacvisual(cv3)(25000)\qmacvisual(cv3)2022.9.21(25000)\qmacvisual(cv3)\qplugins\calibrationtools\ertcalibration\x64\release\mytitlebar.obj
g:\qmacvisual(cv3)(25000)\qmacvisual(cv3)2022.9.21(25000)\qmacvisual(cv3)\qplugins\calibrationtools\ertcalibration\x64\release\controlitem.obj
g:\qmacvisual(cv3)(25000)\qmacvisual(cv3)2022.9.21(25000)\qmacvisual(cv3)\qplugins\calibrationtools\ertcalibration\x64\release\qgraphicsviews.obj
g:\qmacvisual(cv3)(25000)\qmacvisual(cv3)2022.9.21(25000)\qmacvisual(cv3)\qplugins\calibrationtools\ertcalibration\x64\release\imageitem.obj
g:\qmacvisual(cv3)(25000)\qmacvisual(cv3)2022.9.21(25000)\qmacvisual(cv3)\qplugins\calibrationtools\ertcalibration\x64\release\baseitem.obj
g:\qmacvisual(cv3)(25000)\qmacvisual(cv3)2022.9.21(25000)\qmacvisual(cv3)\qplugins\calibrationtools\ertcalibration\x64\release\toolnterface.obj
g:\qmacvisual(cv3)(25000)\qmacvisual(cv3)2022.9.21(25000)\qmacvisual(cv3)\qplugins\calibrationtools\ertcalibration\x64\release\frmertcalibration.obj
g:\qmacvisual(cv3)(25000)\qmacvisual(cv3)2022.9.21(25000)\qmacvisual(cv3)\qplugins\calibrationtools\ertcalibration\x64\release\moc_qgraphicsviews.obj
g:\qmacvisual(cv3)(25000)\qmacvisual(cv3)2022.9.21(25000)\qmacvisual(cv3)\qplugins\calibrationtools\ertcalibration\x64\release\moc_ertcalibration.obj
g:\qmacvisual(cv3)(25000)\qmacvisual(cv3)2022.9.21(25000)\qmacvisual(cv3)\qplugins\calibrationtools\ertcalibration\x64\release\moc_toolnterface.obj
g:\qmacvisual(cv3)(25000)\qmacvisual(cv3)2022.9.21(25000)\qmacvisual(cv3)\qplugins\calibrationtools\ertcalibration\x64\release\moc_qtoolbase.obj
g:\qmacvisual(cv3)(25000)\qmacvisual(cv3)2022.9.21(25000)\qmacvisual(cv3)\qplugins\calibrationtools\ertcalibration\x64\release\moc_imageitem.obj
g:\qmacvisual(cv3)(25000)\qmacvisual(cv3)2022.9.21(25000)\qmacvisual(cv3)\qplugins\calibrationtools\ertcalibration\x64\release\moc_baseitem.obj
g:\qmacvisual(cv3)(25000)\qmacvisual(cv3)2022.9.21(25000)\qmacvisual(cv3)\qplugins\calibrationtools\ertcalibration\x64\release\moc_frmertcalibration.obj
g:\qmacvisual(cv3)(25000)\qmacvisual(cv3)2022.9.21(25000)\qmacvisual(cv3)\qplugins\calibrationtools\ertcalibration\x64\release\moc_mytitlebar.obj
g:\qmacvisual(cv3)(25000)\qmacvisual(cv3)2022.9.21(25000)\qmacvisual(cv3)\qplugins\calibrationtools\ertcalibration\x64\release\moc_qgraphicsscenes.obj
g:\qmacvisual(cv3)(25000)\qmacvisual(cv3)2022.9.21(25000)\qmacvisual(cv3)\qplugins\calibrationtools\ertcalibration\x64\release\moc_controlitem.obj
g:\qmacvisual(cv3)(25000)\qmacvisual(cv3)2022.9.21(25000)\qmacvisual(cv3)\qplugins\calibrationtools\ertcalibration\x64\release\qt\uic\ui_frmertcalibration.h
g:\qmacvisual(cv3)(25000)\qmacvisual(cv3)2022.9.21(25000)\qmacvisual(cv3)\qplugins\calibrationtools\ertcalibration\x64\release\qt\rcc\qrc_sub_res.cpp
g:\qmacvisual(cv3)(25000)\qmacvisual(cv3)2022.9.21(25000)\qmacvisual(cv3)\qplugins\calibrationtools\ertcalibration\x64\release\qt\moc\moc_qtoolbase.cpp
g:\qmacvisual(cv3)(25000)\qmacvisual(cv3)2022.9.21(25000)\qmacvisual(cv3)\qplugins\calibrationtools\ertcalibration\x64\release\qt\moc\moc_toolnterface.cpp
g:\qmacvisual(cv3)(25000)\qmacvisual(cv3)2022.9.21(25000)\qmacvisual(cv3)\qplugins\calibrationtools\ertcalibration\x64\release\qt\moc\moc_frmertcalibration.cpp
g:\qmacvisual(cv3)(25000)\qmacvisual(cv3)2022.9.21(25000)\qmacvisual(cv3)\qplugins\calibrationtools\ertcalibration\x64\release\qt\moc\moc_imageitem.cpp
g:\qmacvisual(cv3)(25000)\qmacvisual(cv3)2022.9.21(25000)\qmacvisual(cv3)\qplugins\calibrationtools\ertcalibration\x64\release\qt\moc\moc_mytitlebar.cpp
g:\qmacvisual(cv3)(25000)\qmacvisual(cv3)2022.9.21(25000)\qmacvisual(cv3)\qplugins\calibrationtools\ertcalibration\x64\release\qt\moc\moc_qgraphicsviews.cpp
g:\qmacvisual(cv3)(25000)\qmacvisual(cv3)2022.9.21(25000)\qmacvisual(cv3)\qplugins\calibrationtools\ertcalibration\x64\release\qt\moc\moc_qgraphicsscenes.cpp
g:\qmacvisual(cv3)(25000)\qmacvisual(cv3)2022.9.21(25000)\qmacvisual(cv3)\qplugins\calibrationtools\ertcalibration\x64\release\qt\moc\moc_baseitem.cpp
g:\qmacvisual(cv3)(25000)\qmacvisual(cv3)2022.9.21(25000)\qmacvisual(cv3)\qplugins\calibrationtools\ertcalibration\x64\release\qt\moc\moc_controlitem.cpp
g:\qmacvisual(cv3)(25000)\qmacvisual(cv3)2022.9.21(25000)\qmacvisual(cv3)\qplugins\calibrationtools\ertcalibration\x64\release\qt\moc\moc_ertcalibration.cpp
d:\opencv4workflow\opencv4workflow\qplugins\calibrationtools\ertcalibration\x64\release\qt\uic\ui_frmertcalibration.h
d:\opencv4workflow\opencv4workflow\qplugins\calibrationtools\ertcalibration\x64\release\qt\rcc\qrc_sub_res.cpp
d:\opencv4workflow\opencv4workflow\qplugins\calibrationtools\ertcalibration\x64\release\qt\moc\moc_qtoolbase.cpp
d:\opencv4workflow\opencv4workflow\qplugins\calibrationtools\ertcalibration\x64\release\qt\moc\moc_toolnterface.cpp
d:\opencv4workflow\opencv4workflow\qplugins\calibrationtools\ertcalibration\x64\release\qt\moc\moc_frmertcalibration.cpp
d:\opencv4workflow\opencv4workflow\qplugins\calibrationtools\ertcalibration\x64\release\qt\moc\moc_imageitem.cpp
d:\opencv4workflow\opencv4workflow\qplugins\calibrationtools\ertcalibration\x64\release\qt\moc\moc_mytitlebar.cpp
d:\opencv4workflow\opencv4workflow\qplugins\calibrationtools\ertcalibration\x64\release\qt\moc\moc_qgraphicsviews.cpp
d:\opencv4workflow\opencv4workflow\qplugins\calibrationtools\ertcalibration\x64\release\qt\moc\moc_qgraphicsscenes.cpp
d:\opencv4workflow\opencv4workflow\qplugins\calibrationtools\ertcalibration\x64\release\qt\moc\moc_baseitem.cpp
d:\opencv4workflow\opencv4workflow\qplugins\calibrationtools\ertcalibration\x64\release\qt\moc\moc_controlitem.cpp
d:\opencv4workflow\opencv4workflow\qplugins\calibrationtools\ertcalibration\x64\release\qt\moc\moc_ertcalibration.cpp
g:\qmacvisual(cv3)(25000)\qmacvisual(cv3)2022.9.21(25000)\qmacvisual(cv3)\qsoftexe\release\plugins\ertcalibration.dll
g:\qmacvisual(cv3)(25000)\qmacvisual(cv3)2022.9.21(25000)\qmacvisual(cv3)\qsoftexe\release\plugins\ertcalibration.lib
g:\qmacvisual(cv3)(25000)\qmacvisual(cv3)2022.9.21(25000)\qmacvisual(cv3)\qsoftexe\release\plugins\ertcalibration.exp
d:\opencv4workflow\opencv4workflow\qplugins\calibrationtools\ertcalibration\x64\release\baseitem.obj
d:\opencv4workflow\opencv4workflow\qplugins\calibrationtools\ertcalibration\x64\release\controlitem.obj
d:\opencv4workflow\opencv4workflow\qplugins\calibrationtools\ertcalibration\x64\release\ertcalibration.obj
d:\opencv4workflow\opencv4workflow\qplugins\calibrationtools\ertcalibration\x64\release\frmertcalibration.obj
d:\opencv4workflow\opencv4workflow\qplugins\calibrationtools\ertcalibration\x64\release\imageitem.obj
d:\opencv4workflow\opencv4workflow\qplugins\calibrationtools\ertcalibration\x64\release\moc_baseitem.obj
d:\opencv4workflow\opencv4workflow\qplugins\calibrationtools\ertcalibration\x64\release\moc_controlitem.obj
d:\opencv4workflow\opencv4workflow\qplugins\calibrationtools\ertcalibration\x64\release\moc_ertcalibration.obj
d:\opencv4workflow\opencv4workflow\qplugins\calibrationtools\ertcalibration\x64\release\moc_frmertcalibration.obj
d:\opencv4workflow\opencv4workflow\qplugins\calibrationtools\ertcalibration\x64\release\moc_imageitem.obj
d:\opencv4workflow\opencv4workflow\qplugins\calibrationtools\ertcalibration\x64\release\moc_mytitlebar.obj
d:\opencv4workflow\opencv4workflow\qplugins\calibrationtools\ertcalibration\x64\release\moc_qgraphicsscenes.obj
d:\opencv4workflow\opencv4workflow\qplugins\calibrationtools\ertcalibration\x64\release\moc_qgraphicsviews.obj
d:\opencv4workflow\opencv4workflow\qplugins\calibrationtools\ertcalibration\x64\release\moc_qtoolbase.obj
d:\opencv4workflow\opencv4workflow\qplugins\calibrationtools\ertcalibration\x64\release\moc_toolnterface.obj
d:\opencv4workflow\opencv4workflow\qplugins\calibrationtools\ertcalibration\x64\release\mytitlebar.obj
d:\opencv4workflow\opencv4workflow\qplugins\calibrationtools\ertcalibration\x64\release\qgraphicsscenes.obj
d:\opencv4workflow\opencv4workflow\qplugins\calibrationtools\ertcalibration\x64\release\qgraphicsviews.obj
d:\opencv4workflow\opencv4workflow\qplugins\calibrationtools\ertcalibration\x64\release\qrc_sub_res.obj
d:\opencv4workflow\opencv4workflow\qplugins\calibrationtools\ertcalibration\x64\release\toolnterface.obj
d:\opencv4workflow\opencv4workflow\qplugins\calibrationtools\ertcalibration\x64\release\vc143.pdb
d:\opencv4workflow\opencv4workflow\qsoftexe\release\plugins\ertcalibration.dll
d:\opencv4workflow\opencv4workflow\qplugins\calibrationtools\ertcalibration\x64\release\ertcalibration.tlog\cl.command.1.tlog
d:\opencv4workflow\opencv4workflow\qplugins\calibrationtools\ertcalibration\x64\release\ertcalibration.tlog\cl.items.tlog
d:\opencv4workflow\opencv4workflow\qplugins\calibrationtools\ertcalibration\x64\release\ertcalibration.tlog\cl.read.1.tlog
d:\opencv4workflow\opencv4workflow\qplugins\calibrationtools\ertcalibration\x64\release\ertcalibration.tlog\cl.write.1.tlog
d:\opencv4workflow\opencv4workflow\qplugins\calibrationtools\ertcalibration\x64\release\ertcalibration.tlog\ertcalibration.write.1u.tlog
d:\opencv4workflow\opencv4workflow\qplugins\calibrationtools\ertcalibration\x64\release\ertcalibration.tlog\link.command.1.tlog
d:\opencv4workflow\opencv4workflow\qplugins\calibrationtools\ertcalibration\x64\release\ertcalibration.tlog\link.read.1.tlog
d:\opencv4workflow\opencv4workflow\qplugins\calibrationtools\ertcalibration\x64\release\ertcalibration.tlog\link.secondary.1.tlog
d:\opencv4workflow\opencv4workflow\qplugins\calibrationtools\ertcalibration\x64\release\ertcalibration.tlog\link.write.1.tlog
d:\opencv4workflow\opencv4workflow\qplugins\calibrationtools\ertcalibration\x64\release\ertcalibration.tlog\moc.read.1u.tlog
d:\opencv4workflow\opencv4workflow\qplugins\calibrationtools\ertcalibration\x64\release\ertcalibration.tlog\moc.write.1u.tlog
d:\opencv4workflow\opencv4workflow\qplugins\calibrationtools\ertcalibration\x64\release\ertcalibration.tlog\rcc.read.1u.tlog
d:\opencv4workflow\opencv4workflow\qplugins\calibrationtools\ertcalibration\x64\release\ertcalibration.tlog\rcc.write.1u.tlog
d:\opencv4workflow\opencv4workflow\qplugins\calibrationtools\ertcalibration\x64\release\ertcalibration.tlog\uic.read.1u.tlog
d:\opencv4workflow\opencv4workflow\qplugins\calibrationtools\ertcalibration\x64\release\ertcalibration.tlog\uic.write.1u.tlog
