   Qt/MSBuild: 3.4.1.0
  Reading Qt configuration (C:/Qt/Qt5.14.2/5.14.2/msvc2017_64/bin/qmake)
   Qt: 5.14.2
  uic frmImageRotate.ui
  rcc sub_res.qrc
  moc Toolnterface.h
  moc QToolBase.h
  moc mytitlebar.h
  moc QGraphicsViews.h
  moc QGraphicsScenes.h
  moc BaseItem.h
  moc ControlItem.h
  moc ImageItem.h
  moc frmImageRotate.h
  moc ImageRotate.h
  frmImageRotate.cpp
  mytitlebar.cpp
  QGraphicsScenes.cpp
  QGraphicsViews.cpp
  Toolnterface.cpp
  BaseItem.cpp
  ControlItem.cpp
  ImageItem.cpp
  ImageRotate.cpp
  qrc_sub_res.cpp
  moc_Toolnterface.cpp
  moc_QToolBase.cpp
  moc_mytitlebar.cpp
  moc_QGraphicsViews.cpp
  moc_QGraphicsScenes.cpp
  moc_BaseItem.cpp
  moc_ControlItem.cpp
  moc_ImageItem.cpp
  moc_frmImageRotate.cpp
  moc_ImageRotate.cpp
    正在创建库 ../../../QSoftExe/Release/Plugins/ImageRotate.lib 和对象 ../../../QSoftExe/Release/Plugins/ImageRotate.exp
  ImageRotate.vcxproj -> G:\QMacVisual(CV3)(25000)\QMacVisual(CV3)2022.9.21(25000)\QMacVisual(CV3)\QSoftExe\Release\Plugins\ImageRotate.dll
