   Qt/MSBuild: 3.4.1.0
  Reading Qt configuration (E:/Qt/Qt5.14.2/5.14.2/msvc2017_64/bin/qmake)
   Qt: 5.14.2
  uic frmCamShiftTrack.ui
  rcc sub_res.qrc
  moc Toolnterface.h
  moc QToolBase.h
  moc mytitlebar.h
  moc frmCamShiftTrack.h
  moc QGraphicsViews.h
  moc QGraphicsScenes.h
  moc ImageItem.h
  moc ControlItem.h
  moc BaseItem.h
  moc CamShiftTrack.h
  ControlItem.cpp
  frmCamShiftTrack.cpp
  ImageItem.cpp
  mytitlebar.cpp
  QGraphicsScenes.cpp
  QGraphicsViews.cpp
  Toolnterface.cpp
  BaseItem.cpp
  CamShiftTrack.cpp
  qrc_sub_res.cpp
  moc_Toolnterface.cpp
  moc_QToolBase.cpp
  moc_mytitlebar.cpp
  moc_frmCamShiftTrack.cpp
  moc_QGraphicsViews.cpp
  moc_QGraphicsScenes.cpp
  moc_ImageItem.cpp
  moc_ControlItem.cpp
  moc_BaseItem.cpp
  moc_CamShiftTrack.cpp
    正在创建库 ../../../QSoftExe/Debug/Plugins/CamShiftTrack.lib 和对象 ../../../QSoftExe/Debug/Plugins/CamShiftTrack.exp
  CamShiftTrack.vcxproj -> D:\opencv4workflow\opencv4workflow\QSoftExe\Debug\Plugins\CamShiftTrack.dll
