   Qt/MSBuild: 3.4.1.0
  Reading Qt configuration (C:/Qt/Qt5.14.2/5.14.2/msvc2017_64/bin/qmake)
   Qt: 5.14.2
  uic frmTemplateMatch.ui
  rcc sub_res.qrc
  moc Toolnterface.h
  moc BaseItem.h
  moc ControlItem.h
  moc QGraphicsScenes.h
  moc frmTemplateMatch.h
  moc ImageItem.h
  moc mytitlebar.h
  moc QGraphicsViews.h
  moc QToolBase.h
  moc TemplateMatch.h
  ImageItem.cpp
  Toolnterface.cpp
  BaseItem.cpp
  ControlItem.cpp
  frmTemplateMatch.cpp
  mytitlebar.cpp
  QGraphicsScenes.cpp
  QGraphicsViews.cpp
  TemplateMatch.cpp
  qrc_sub_res.cpp
  moc_Toolnterface.cpp
  moc_BaseItem.cpp
  moc_ControlItem.cpp
  moc_QGraphicsScenes.cpp
  moc_frmTemplateMatch.cpp
  moc_ImageItem.cpp
  moc_mytitlebar.cpp
  moc_QGraphicsViews.cpp
  moc_QToolBase.cpp
  moc_TemplateMatch.cpp
    正在创建库 ../../../QSoftExe/Release/Plugins/TemplateMatch.lib 和对象 ../../../QSoftExe/Release/Plugins/TemplateMatch.exp
  TemplateMatch.vcxproj -> G:\QMacVisual(CV3)(25000)\QMacVisual(CV3)2022.9.21(25000)\QMacVisual(CV3)\QSoftExe\Release\Plugins\TemplateMatch.dll
