d:\opencv4workflow\opencv4workflow\qplugins\detectidentify\blobdetector\x64\debug\qt\uic\ui_frmblobdetector.h
d:\opencv4workflow\opencv4workflow\qplugins\detectidentify\blobdetector\x64\debug\qt\rcc\qrc_sub_res.cpp
d:\opencv4workflow\opencv4workflow\qplugins\detectidentify\blobdetector\x64\debug\qt\moc\moc_qtoolbase.cpp
d:\opencv4workflow\opencv4workflow\qplugins\detectidentify\blobdetector\x64\debug\qt\moc\moc_toolnterface.cpp
d:\opencv4workflow\opencv4workflow\qplugins\detectidentify\blobdetector\x64\debug\qt\moc\moc_frmblobdetector.cpp
d:\opencv4workflow\opencv4workflow\qplugins\detectidentify\blobdetector\x64\debug\qt\moc\moc_imageitem.cpp
d:\opencv4workflow\opencv4workflow\qplugins\detectidentify\blobdetector\x64\debug\qt\moc\moc_mytitlebar.cpp
d:\opencv4workflow\opencv4workflow\qplugins\detectidentify\blobdetector\x64\debug\qt\moc\moc_qgraphicsviews.cpp
d:\opencv4workflow\opencv4workflow\qplugins\detectidentify\blobdetector\x64\debug\qt\moc\moc_qgraphicsscenes.cpp
d:\opencv4workflow\opencv4workflow\qplugins\detectidentify\blobdetector\x64\debug\qt\moc\moc_controlitem.cpp
d:\opencv4workflow\opencv4workflow\qplugins\detectidentify\blobdetector\x64\debug\qt\moc\moc_baseitem.cpp
d:\opencv4workflow\opencv4workflow\qplugins\detectidentify\blobdetector\x64\debug\qt\moc\moc_blobdetector.cpp
g:\qmacvisual(cv3)(25000)\qmacvisual(cv3)2022.9.21(25000)\qmacvisual(cv3)\qplugins\detectidentify\blobdetector\x64\debug\qt\uic\ui_frmblobdetector.h
g:\qmacvisual(cv3)(25000)\qmacvisual(cv3)2022.9.21(25000)\qmacvisual(cv3)\qplugins\detectidentify\blobdetector\x64\debug\qt\rcc\qrc_sub_res.cpp
g:\qmacvisual(cv3)(25000)\qmacvisual(cv3)2022.9.21(25000)\qmacvisual(cv3)\qplugins\detectidentify\blobdetector\x64\debug\qt\moc\moc_qtoolbase.cpp
g:\qmacvisual(cv3)(25000)\qmacvisual(cv3)2022.9.21(25000)\qmacvisual(cv3)\qplugins\detectidentify\blobdetector\x64\debug\qt\moc\moc_toolnterface.cpp
g:\qmacvisual(cv3)(25000)\qmacvisual(cv3)2022.9.21(25000)\qmacvisual(cv3)\qplugins\detectidentify\blobdetector\x64\debug\qt\moc\moc_frmblobdetector.cpp
g:\qmacvisual(cv3)(25000)\qmacvisual(cv3)2022.9.21(25000)\qmacvisual(cv3)\qplugins\detectidentify\blobdetector\x64\debug\qt\moc\moc_imageitem.cpp
g:\qmacvisual(cv3)(25000)\qmacvisual(cv3)2022.9.21(25000)\qmacvisual(cv3)\qplugins\detectidentify\blobdetector\x64\debug\qt\moc\moc_mytitlebar.cpp
g:\qmacvisual(cv3)(25000)\qmacvisual(cv3)2022.9.21(25000)\qmacvisual(cv3)\qplugins\detectidentify\blobdetector\x64\debug\qt\moc\moc_qgraphicsviews.cpp
g:\qmacvisual(cv3)(25000)\qmacvisual(cv3)2022.9.21(25000)\qmacvisual(cv3)\qplugins\detectidentify\blobdetector\x64\debug\qt\moc\moc_qgraphicsscenes.cpp
g:\qmacvisual(cv3)(25000)\qmacvisual(cv3)2022.9.21(25000)\qmacvisual(cv3)\qplugins\detectidentify\blobdetector\x64\debug\qt\moc\moc_controlitem.cpp
g:\qmacvisual(cv3)(25000)\qmacvisual(cv3)2022.9.21(25000)\qmacvisual(cv3)\qplugins\detectidentify\blobdetector\x64\debug\qt\moc\moc_baseitem.cpp
g:\qmacvisual(cv3)(25000)\qmacvisual(cv3)2022.9.21(25000)\qmacvisual(cv3)\qplugins\detectidentify\blobdetector\x64\debug\qt\moc\moc_blobdetector.cpp
d:\opencv4workflow\opencv4workflow\qplugins\detectidentify\blobdetector\x64\debug\vc143.pdb
d:\opencv4workflow\opencv4workflow\qplugins\detectidentify\blobdetector\x64\debug\qrc_sub_res.obj
d:\opencv4workflow\opencv4workflow\qplugins\detectidentify\blobdetector\x64\debug\imageitem.obj
d:\opencv4workflow\opencv4workflow\qplugins\detectidentify\blobdetector\x64\debug\frmblobdetector.obj
d:\opencv4workflow\opencv4workflow\qplugins\detectidentify\blobdetector\x64\debug\blobdetector.obj
d:\opencv4workflow\opencv4workflow\qplugins\detectidentify\blobdetector\x64\debug\baseitem.obj
d:\opencv4workflow\opencv4workflow\qplugins\detectidentify\blobdetector\x64\debug\toolnterface.obj
d:\opencv4workflow\opencv4workflow\qplugins\detectidentify\blobdetector\x64\debug\mytitlebar.obj
d:\opencv4workflow\opencv4workflow\qplugins\detectidentify\blobdetector\x64\debug\qgraphicsscenes.obj
d:\opencv4workflow\opencv4workflow\qplugins\detectidentify\blobdetector\x64\debug\qgraphicsviews.obj
d:\opencv4workflow\opencv4workflow\qplugins\detectidentify\blobdetector\x64\debug\controlitem.obj
d:\opencv4workflow\opencv4workflow\qplugins\detectidentify\blobdetector\x64\debug\moc_baseitem.obj
d:\opencv4workflow\opencv4workflow\qplugins\detectidentify\blobdetector\x64\debug\moc_blobdetector.obj
d:\opencv4workflow\opencv4workflow\qplugins\detectidentify\blobdetector\x64\debug\moc_frmblobdetector.obj
d:\opencv4workflow\opencv4workflow\qplugins\detectidentify\blobdetector\x64\debug\moc_controlitem.obj
d:\opencv4workflow\opencv4workflow\qplugins\detectidentify\blobdetector\x64\debug\moc_qgraphicsviews.obj
d:\opencv4workflow\opencv4workflow\qplugins\detectidentify\blobdetector\x64\debug\moc_toolnterface.obj
d:\opencv4workflow\opencv4workflow\qplugins\detectidentify\blobdetector\x64\debug\moc_mytitlebar.obj
d:\opencv4workflow\opencv4workflow\qplugins\detectidentify\blobdetector\x64\debug\moc_qgraphicsscenes.obj
d:\opencv4workflow\opencv4workflow\qplugins\detectidentify\blobdetector\x64\debug\moc_qtoolbase.obj
d:\opencv4workflow\opencv4workflow\qplugins\detectidentify\blobdetector\x64\debug\moc_imageitem.obj
d:\opencv4workflow\opencv4workflow\qsoftexe\debug\plugins\blobdetector.dll
d:\opencv4workflow\opencv4workflow\qsoftexe\debug\plugins\blobdetector.pdb
d:\opencv4workflow\opencv4workflow\qsoftexe\debug\plugins\blobdetector.lib
d:\opencv4workflow\opencv4workflow\qsoftexe\debug\plugins\blobdetector.exp
d:\opencv4workflow\opencv4workflow\qsoftexe\debug\plugins\blobdetector.ilk
g:\qmacvisual(cv3)(25000)\qmacvisual(cv3)2022.9.21(25000)\qmacvisual(cv3)\qplugins\detectidentify\blobdetector\x64\debug\baseitem.obj
g:\qmacvisual(cv3)(25000)\qmacvisual(cv3)2022.9.21(25000)\qmacvisual(cv3)\qplugins\detectidentify\blobdetector\x64\debug\blobdetector.obj
g:\qmacvisual(cv3)(25000)\qmacvisual(cv3)2022.9.21(25000)\qmacvisual(cv3)\qplugins\detectidentify\blobdetector\x64\debug\controlitem.obj
g:\qmacvisual(cv3)(25000)\qmacvisual(cv3)2022.9.21(25000)\qmacvisual(cv3)\qplugins\detectidentify\blobdetector\x64\debug\frmblobdetector.obj
g:\qmacvisual(cv3)(25000)\qmacvisual(cv3)2022.9.21(25000)\qmacvisual(cv3)\qplugins\detectidentify\blobdetector\x64\debug\imageitem.obj
g:\qmacvisual(cv3)(25000)\qmacvisual(cv3)2022.9.21(25000)\qmacvisual(cv3)\qplugins\detectidentify\blobdetector\x64\debug\moc_baseitem.obj
g:\qmacvisual(cv3)(25000)\qmacvisual(cv3)2022.9.21(25000)\qmacvisual(cv3)\qplugins\detectidentify\blobdetector\x64\debug\moc_blobdetector.obj
g:\qmacvisual(cv3)(25000)\qmacvisual(cv3)2022.9.21(25000)\qmacvisual(cv3)\qplugins\detectidentify\blobdetector\x64\debug\moc_controlitem.obj
g:\qmacvisual(cv3)(25000)\qmacvisual(cv3)2022.9.21(25000)\qmacvisual(cv3)\qplugins\detectidentify\blobdetector\x64\debug\moc_frmblobdetector.obj
g:\qmacvisual(cv3)(25000)\qmacvisual(cv3)2022.9.21(25000)\qmacvisual(cv3)\qplugins\detectidentify\blobdetector\x64\debug\moc_imageitem.obj
g:\qmacvisual(cv3)(25000)\qmacvisual(cv3)2022.9.21(25000)\qmacvisual(cv3)\qplugins\detectidentify\blobdetector\x64\debug\moc_mytitlebar.obj
g:\qmacvisual(cv3)(25000)\qmacvisual(cv3)2022.9.21(25000)\qmacvisual(cv3)\qplugins\detectidentify\blobdetector\x64\debug\moc_qgraphicsscenes.obj
g:\qmacvisual(cv3)(25000)\qmacvisual(cv3)2022.9.21(25000)\qmacvisual(cv3)\qplugins\detectidentify\blobdetector\x64\debug\moc_qgraphicsviews.obj
g:\qmacvisual(cv3)(25000)\qmacvisual(cv3)2022.9.21(25000)\qmacvisual(cv3)\qplugins\detectidentify\blobdetector\x64\debug\moc_qtoolbase.obj
g:\qmacvisual(cv3)(25000)\qmacvisual(cv3)2022.9.21(25000)\qmacvisual(cv3)\qplugins\detectidentify\blobdetector\x64\debug\moc_toolnterface.obj
g:\qmacvisual(cv3)(25000)\qmacvisual(cv3)2022.9.21(25000)\qmacvisual(cv3)\qplugins\detectidentify\blobdetector\x64\debug\mytitlebar.obj
g:\qmacvisual(cv3)(25000)\qmacvisual(cv3)2022.9.21(25000)\qmacvisual(cv3)\qplugins\detectidentify\blobdetector\x64\debug\qgraphicsscenes.obj
g:\qmacvisual(cv3)(25000)\qmacvisual(cv3)2022.9.21(25000)\qmacvisual(cv3)\qplugins\detectidentify\blobdetector\x64\debug\qgraphicsviews.obj
g:\qmacvisual(cv3)(25000)\qmacvisual(cv3)2022.9.21(25000)\qmacvisual(cv3)\qplugins\detectidentify\blobdetector\x64\debug\qrc_sub_res.obj
g:\qmacvisual(cv3)(25000)\qmacvisual(cv3)2022.9.21(25000)\qmacvisual(cv3)\qplugins\detectidentify\blobdetector\x64\debug\toolnterface.obj
g:\qmacvisual(cv3)(25000)\qmacvisual(cv3)2022.9.21(25000)\qmacvisual(cv3)\qplugins\detectidentify\blobdetector\x64\debug\vc143.pdb
g:\qmacvisual(cv3)(25000)\qmacvisual(cv3)2022.9.21(25000)\qmacvisual(cv3)\qsoftexe\debug\plugins\blobdetector.dll
g:\qmacvisual(cv3)(25000)\qmacvisual(cv3)2022.9.21(25000)\qmacvisual(cv3)\qplugins\detectidentify\blobdetector\x64\debug\blobdetector.tlog\blobdetector.write.1u.tlog
g:\qmacvisual(cv3)(25000)\qmacvisual(cv3)2022.9.21(25000)\qmacvisual(cv3)\qplugins\detectidentify\blobdetector\x64\debug\blobdetector.tlog\cl.command.1.tlog
g:\qmacvisual(cv3)(25000)\qmacvisual(cv3)2022.9.21(25000)\qmacvisual(cv3)\qplugins\detectidentify\blobdetector\x64\debug\blobdetector.tlog\cl.items.tlog
g:\qmacvisual(cv3)(25000)\qmacvisual(cv3)2022.9.21(25000)\qmacvisual(cv3)\qplugins\detectidentify\blobdetector\x64\debug\blobdetector.tlog\cl.read.1.tlog
g:\qmacvisual(cv3)(25000)\qmacvisual(cv3)2022.9.21(25000)\qmacvisual(cv3)\qplugins\detectidentify\blobdetector\x64\debug\blobdetector.tlog\cl.write.1.tlog
g:\qmacvisual(cv3)(25000)\qmacvisual(cv3)2022.9.21(25000)\qmacvisual(cv3)\qplugins\detectidentify\blobdetector\x64\debug\blobdetector.tlog\link.command.1.tlog
g:\qmacvisual(cv3)(25000)\qmacvisual(cv3)2022.9.21(25000)\qmacvisual(cv3)\qplugins\detectidentify\blobdetector\x64\debug\blobdetector.tlog\link.read.1.tlog
g:\qmacvisual(cv3)(25000)\qmacvisual(cv3)2022.9.21(25000)\qmacvisual(cv3)\qplugins\detectidentify\blobdetector\x64\debug\blobdetector.tlog\link.secondary.1.tlog
g:\qmacvisual(cv3)(25000)\qmacvisual(cv3)2022.9.21(25000)\qmacvisual(cv3)\qplugins\detectidentify\blobdetector\x64\debug\blobdetector.tlog\link.write.1.tlog
g:\qmacvisual(cv3)(25000)\qmacvisual(cv3)2022.9.21(25000)\qmacvisual(cv3)\qplugins\detectidentify\blobdetector\x64\debug\blobdetector.tlog\moc.read.1u.tlog
g:\qmacvisual(cv3)(25000)\qmacvisual(cv3)2022.9.21(25000)\qmacvisual(cv3)\qplugins\detectidentify\blobdetector\x64\debug\blobdetector.tlog\moc.write.1u.tlog
g:\qmacvisual(cv3)(25000)\qmacvisual(cv3)2022.9.21(25000)\qmacvisual(cv3)\qplugins\detectidentify\blobdetector\x64\debug\blobdetector.tlog\rcc.read.1u.tlog
g:\qmacvisual(cv3)(25000)\qmacvisual(cv3)2022.9.21(25000)\qmacvisual(cv3)\qplugins\detectidentify\blobdetector\x64\debug\blobdetector.tlog\rcc.write.1u.tlog
g:\qmacvisual(cv3)(25000)\qmacvisual(cv3)2022.9.21(25000)\qmacvisual(cv3)\qplugins\detectidentify\blobdetector\x64\debug\blobdetector.tlog\uic.read.1u.tlog
g:\qmacvisual(cv3)(25000)\qmacvisual(cv3)2022.9.21(25000)\qmacvisual(cv3)\qplugins\detectidentify\blobdetector\x64\debug\blobdetector.tlog\uic.write.1u.tlog
