   Qt/MSBuild: 3.4.1.0
  Reading Qt configuration (E:/Qt/Qt5.14.2/5.14.2/msvc2017_64/bin/qmake)
   Qt: 5.14.2
  uic frmBlobDetector.ui
  rcc sub_res.qrc
  moc QToolBase.h
  moc Toolnterface.h
  moc frmBlobDetector.h
  moc ImageItem.h
  moc mytitlebar.h
  moc QGraphicsViews.h
  moc QGraphicsScenes.h
  moc ControlItem.h
  moc BaseItem.h
  moc BlobDetector.h
  ControlItem.cpp
  frmBlobDetector.cpp
  ImageItem.cpp
  mytitlebar.cpp
  QGraphicsScenes.cpp
  QGraphicsViews.cpp
  Toolnterface.cpp
  BaseItem.cpp
  BlobDetector.cpp
  qrc_sub_res.cpp
  moc_QToolBase.cpp
  moc_Toolnterface.cpp
  moc_frmBlobDetector.cpp
  moc_ImageItem.cpp
  moc_mytitlebar.cpp
  moc_QGraphicsViews.cpp
  moc_QGraphicsScenes.cpp
  moc_ControlItem.cpp
  moc_BaseItem.cpp
  moc_BlobDetector.cpp
    正在创建库 ../../../QSoftExe/Debug/Plugins/BlobDetector.lib 和对象 ../../../QSoftExe/Debug/Plugins/BlobDetector.exp
  BlobDetector.vcxproj -> D:\opencv4workflow\opencv4workflow\QSoftExe\Debug\Plugins\BlobDetector.dll
