d:\opencv4workflow\opencv4workflow\qplugins\geometrymeasure\roundedcorners\x64\debug\vc143.pdb
d:\opencv4workflow\opencv4workflow\qplugins\geometrymeasure\roundedcorners\x64\debug\qrc_sub_res.obj
d:\opencv4workflow\opencv4workflow\qplugins\geometrymeasure\roundedcorners\x64\debug\qgraphicsscenes.obj
d:\opencv4workflow\opencv4workflow\qplugins\geometrymeasure\roundedcorners\x64\debug\frmroundedcorners.obj
d:\opencv4workflow\opencv4workflow\qplugins\geometrymeasure\roundedcorners\x64\debug\toolnterface.obj
d:\opencv4workflow\opencv4workflow\qplugins\geometrymeasure\roundedcorners\x64\debug\mytitlebar.obj
d:\opencv4workflow\opencv4workflow\qplugins\geometrymeasure\roundedcorners\x64\debug\qgraphicsviews.obj
d:\opencv4workflow\opencv4workflow\qplugins\geometrymeasure\roundedcorners\x64\debug\controlitem.obj
d:\opencv4workflow\opencv4workflow\qplugins\geometrymeasure\roundedcorners\x64\debug\imageitem.obj
d:\opencv4workflow\opencv4workflow\qplugins\geometrymeasure\roundedcorners\x64\debug\roundedcorners.obj
d:\opencv4workflow\opencv4workflow\qplugins\geometrymeasure\roundedcorners\x64\debug\baseitem.obj
d:\opencv4workflow\opencv4workflow\qplugins\geometrymeasure\roundedcorners\x64\debug\moc_qgraphicsviews.obj
d:\opencv4workflow\opencv4workflow\qplugins\geometrymeasure\roundedcorners\x64\debug\moc_toolnterface.obj
d:\opencv4workflow\opencv4workflow\qplugins\geometrymeasure\roundedcorners\x64\debug\moc_imageitem.obj
d:\opencv4workflow\opencv4workflow\qplugins\geometrymeasure\roundedcorners\x64\debug\moc_qtoolbase.obj
d:\opencv4workflow\opencv4workflow\qplugins\geometrymeasure\roundedcorners\x64\debug\moc_controlitem.obj
d:\opencv4workflow\opencv4workflow\qplugins\geometrymeasure\roundedcorners\x64\debug\moc_baseitem.obj
d:\opencv4workflow\opencv4workflow\qplugins\geometrymeasure\roundedcorners\x64\debug\moc_roundedcorners.obj
d:\opencv4workflow\opencv4workflow\qplugins\geometrymeasure\roundedcorners\x64\debug\moc_qgraphicsscenes.obj
d:\opencv4workflow\opencv4workflow\qplugins\geometrymeasure\roundedcorners\x64\debug\moc_mytitlebar.obj
d:\opencv4workflow\opencv4workflow\qplugins\geometrymeasure\roundedcorners\x64\debug\moc_frmroundedcorners.obj
d:\opencv4workflow\opencv4workflow\qsoftexe\debug\plugins\roundedcorners.dll
d:\opencv4workflow\opencv4workflow\qsoftexe\debug\plugins\roundedcorners.pdb
d:\opencv4workflow\opencv4workflow\qplugins\geometrymeasure\roundedcorners\x64\debug\qt\moc\moc_toolnterface.cpp
d:\opencv4workflow\opencv4workflow\qplugins\geometrymeasure\roundedcorners\x64\debug\qt\moc\moc_baseitem.cpp
d:\opencv4workflow\opencv4workflow\qplugins\geometrymeasure\roundedcorners\x64\debug\qt\moc\moc_controlitem.cpp
d:\opencv4workflow\opencv4workflow\qplugins\geometrymeasure\roundedcorners\x64\debug\qt\moc\moc_imageitem.cpp
d:\opencv4workflow\opencv4workflow\qplugins\geometrymeasure\roundedcorners\x64\debug\qt\moc\moc_qgraphicsscenes.cpp
d:\opencv4workflow\opencv4workflow\qplugins\geometrymeasure\roundedcorners\x64\debug\qt\moc\moc_qgraphicsviews.cpp
d:\opencv4workflow\opencv4workflow\qplugins\geometrymeasure\roundedcorners\x64\debug\qt\moc\moc_frmroundedcorners.cpp
d:\opencv4workflow\opencv4workflow\qplugins\geometrymeasure\roundedcorners\x64\debug\qt\moc\moc_mytitlebar.cpp
d:\opencv4workflow\opencv4workflow\qplugins\geometrymeasure\roundedcorners\x64\debug\qt\moc\moc_qtoolbase.cpp
d:\opencv4workflow\opencv4workflow\qplugins\geometrymeasure\roundedcorners\x64\debug\qt\moc\moc_roundedcorners.cpp
d:\opencv4workflow\opencv4workflow\qplugins\geometrymeasure\roundedcorners\x64\debug\qt\rcc\qrc_sub_res.cpp
d:\opencv4workflow\opencv4workflow\qplugins\geometrymeasure\roundedcorners\x64\debug\qt\uic\ui_frmroundedcorners.h
g:\qmacvisual(cv3)(25000)\qmacvisual(cv3)2022.9.21(25000)\qmacvisual(cv3)\qplugins\geometrymeasure\roundedcorners\x64\debug\qt\uic\ui_frmroundedcorners.h
g:\qmacvisual(cv3)(25000)\qmacvisual(cv3)2022.9.21(25000)\qmacvisual(cv3)\qplugins\geometrymeasure\roundedcorners\x64\debug\qt\rcc\qrc_sub_res.cpp
g:\qmacvisual(cv3)(25000)\qmacvisual(cv3)2022.9.21(25000)\qmacvisual(cv3)\qplugins\geometrymeasure\roundedcorners\x64\debug\qt\moc\moc_toolnterface.cpp
g:\qmacvisual(cv3)(25000)\qmacvisual(cv3)2022.9.21(25000)\qmacvisual(cv3)\qplugins\geometrymeasure\roundedcorners\x64\debug\qt\moc\moc_baseitem.cpp
g:\qmacvisual(cv3)(25000)\qmacvisual(cv3)2022.9.21(25000)\qmacvisual(cv3)\qplugins\geometrymeasure\roundedcorners\x64\debug\qt\moc\moc_controlitem.cpp
g:\qmacvisual(cv3)(25000)\qmacvisual(cv3)2022.9.21(25000)\qmacvisual(cv3)\qplugins\geometrymeasure\roundedcorners\x64\debug\qt\moc\moc_imageitem.cpp
g:\qmacvisual(cv3)(25000)\qmacvisual(cv3)2022.9.21(25000)\qmacvisual(cv3)\qplugins\geometrymeasure\roundedcorners\x64\debug\qt\moc\moc_qgraphicsscenes.cpp
g:\qmacvisual(cv3)(25000)\qmacvisual(cv3)2022.9.21(25000)\qmacvisual(cv3)\qplugins\geometrymeasure\roundedcorners\x64\debug\qt\moc\moc_qgraphicsviews.cpp
g:\qmacvisual(cv3)(25000)\qmacvisual(cv3)2022.9.21(25000)\qmacvisual(cv3)\qplugins\geometrymeasure\roundedcorners\x64\debug\qt\moc\moc_frmroundedcorners.cpp
g:\qmacvisual(cv3)(25000)\qmacvisual(cv3)2022.9.21(25000)\qmacvisual(cv3)\qplugins\geometrymeasure\roundedcorners\x64\debug\qt\moc\moc_mytitlebar.cpp
g:\qmacvisual(cv3)(25000)\qmacvisual(cv3)2022.9.21(25000)\qmacvisual(cv3)\qplugins\geometrymeasure\roundedcorners\x64\debug\qt\moc\moc_qtoolbase.cpp
g:\qmacvisual(cv3)(25000)\qmacvisual(cv3)2022.9.21(25000)\qmacvisual(cv3)\qplugins\geometrymeasure\roundedcorners\x64\debug\qt\moc\moc_roundedcorners.cpp
d:\opencv4workflow\opencv4workflow\qsoftexe\debug\plugins\roundedcorners.lib
d:\opencv4workflow\opencv4workflow\qsoftexe\debug\plugins\roundedcorners.exp
d:\opencv4workflow\opencv4workflow\qsoftexe\debug\plugins\roundedcorners.ilk
g:\qmacvisual(cv3)(25000)\qmacvisual(cv3)2022.9.21(25000)\qmacvisual(cv3)\qplugins\geometrymeasure\roundedcorners\x64\debug\baseitem.obj
g:\qmacvisual(cv3)(25000)\qmacvisual(cv3)2022.9.21(25000)\qmacvisual(cv3)\qplugins\geometrymeasure\roundedcorners\x64\debug\controlitem.obj
g:\qmacvisual(cv3)(25000)\qmacvisual(cv3)2022.9.21(25000)\qmacvisual(cv3)\qplugins\geometrymeasure\roundedcorners\x64\debug\frmroundedcorners.obj
g:\qmacvisual(cv3)(25000)\qmacvisual(cv3)2022.9.21(25000)\qmacvisual(cv3)\qplugins\geometrymeasure\roundedcorners\x64\debug\imageitem.obj
g:\qmacvisual(cv3)(25000)\qmacvisual(cv3)2022.9.21(25000)\qmacvisual(cv3)\qplugins\geometrymeasure\roundedcorners\x64\debug\moc_baseitem.obj
g:\qmacvisual(cv3)(25000)\qmacvisual(cv3)2022.9.21(25000)\qmacvisual(cv3)\qplugins\geometrymeasure\roundedcorners\x64\debug\moc_controlitem.obj
g:\qmacvisual(cv3)(25000)\qmacvisual(cv3)2022.9.21(25000)\qmacvisual(cv3)\qplugins\geometrymeasure\roundedcorners\x64\debug\moc_frmroundedcorners.obj
g:\qmacvisual(cv3)(25000)\qmacvisual(cv3)2022.9.21(25000)\qmacvisual(cv3)\qplugins\geometrymeasure\roundedcorners\x64\debug\moc_imageitem.obj
g:\qmacvisual(cv3)(25000)\qmacvisual(cv3)2022.9.21(25000)\qmacvisual(cv3)\qplugins\geometrymeasure\roundedcorners\x64\debug\moc_mytitlebar.obj
g:\qmacvisual(cv3)(25000)\qmacvisual(cv3)2022.9.21(25000)\qmacvisual(cv3)\qplugins\geometrymeasure\roundedcorners\x64\debug\moc_qgraphicsscenes.obj
g:\qmacvisual(cv3)(25000)\qmacvisual(cv3)2022.9.21(25000)\qmacvisual(cv3)\qplugins\geometrymeasure\roundedcorners\x64\debug\moc_qgraphicsviews.obj
g:\qmacvisual(cv3)(25000)\qmacvisual(cv3)2022.9.21(25000)\qmacvisual(cv3)\qplugins\geometrymeasure\roundedcorners\x64\debug\moc_qtoolbase.obj
g:\qmacvisual(cv3)(25000)\qmacvisual(cv3)2022.9.21(25000)\qmacvisual(cv3)\qplugins\geometrymeasure\roundedcorners\x64\debug\moc_roundedcorners.obj
g:\qmacvisual(cv3)(25000)\qmacvisual(cv3)2022.9.21(25000)\qmacvisual(cv3)\qplugins\geometrymeasure\roundedcorners\x64\debug\moc_toolnterface.obj
g:\qmacvisual(cv3)(25000)\qmacvisual(cv3)2022.9.21(25000)\qmacvisual(cv3)\qplugins\geometrymeasure\roundedcorners\x64\debug\mytitlebar.obj
g:\qmacvisual(cv3)(25000)\qmacvisual(cv3)2022.9.21(25000)\qmacvisual(cv3)\qplugins\geometrymeasure\roundedcorners\x64\debug\qgraphicsscenes.obj
g:\qmacvisual(cv3)(25000)\qmacvisual(cv3)2022.9.21(25000)\qmacvisual(cv3)\qplugins\geometrymeasure\roundedcorners\x64\debug\qgraphicsviews.obj
g:\qmacvisual(cv3)(25000)\qmacvisual(cv3)2022.9.21(25000)\qmacvisual(cv3)\qplugins\geometrymeasure\roundedcorners\x64\debug\qrc_sub_res.obj
g:\qmacvisual(cv3)(25000)\qmacvisual(cv3)2022.9.21(25000)\qmacvisual(cv3)\qplugins\geometrymeasure\roundedcorners\x64\debug\roundedcorners.obj
g:\qmacvisual(cv3)(25000)\qmacvisual(cv3)2022.9.21(25000)\qmacvisual(cv3)\qplugins\geometrymeasure\roundedcorners\x64\debug\toolnterface.obj
g:\qmacvisual(cv3)(25000)\qmacvisual(cv3)2022.9.21(25000)\qmacvisual(cv3)\qplugins\geometrymeasure\roundedcorners\x64\debug\vc143.pdb
g:\qmacvisual(cv3)(25000)\qmacvisual(cv3)2022.9.21(25000)\qmacvisual(cv3)\qsoftexe\debug\plugins\roundedcorners.dll
g:\qmacvisual(cv3)(25000)\qmacvisual(cv3)2022.9.21(25000)\qmacvisual(cv3)\qplugins\geometrymeasure\roundedcorners\x64\debug\roundedcorners.tlog\cl.command.1.tlog
g:\qmacvisual(cv3)(25000)\qmacvisual(cv3)2022.9.21(25000)\qmacvisual(cv3)\qplugins\geometrymeasure\roundedcorners\x64\debug\roundedcorners.tlog\cl.items.tlog
g:\qmacvisual(cv3)(25000)\qmacvisual(cv3)2022.9.21(25000)\qmacvisual(cv3)\qplugins\geometrymeasure\roundedcorners\x64\debug\roundedcorners.tlog\cl.read.1.tlog
g:\qmacvisual(cv3)(25000)\qmacvisual(cv3)2022.9.21(25000)\qmacvisual(cv3)\qplugins\geometrymeasure\roundedcorners\x64\debug\roundedcorners.tlog\cl.write.1.tlog
g:\qmacvisual(cv3)(25000)\qmacvisual(cv3)2022.9.21(25000)\qmacvisual(cv3)\qplugins\geometrymeasure\roundedcorners\x64\debug\roundedcorners.tlog\link.command.1.tlog
g:\qmacvisual(cv3)(25000)\qmacvisual(cv3)2022.9.21(25000)\qmacvisual(cv3)\qplugins\geometrymeasure\roundedcorners\x64\debug\roundedcorners.tlog\link.read.1.tlog
g:\qmacvisual(cv3)(25000)\qmacvisual(cv3)2022.9.21(25000)\qmacvisual(cv3)\qplugins\geometrymeasure\roundedcorners\x64\debug\roundedcorners.tlog\link.secondary.1.tlog
g:\qmacvisual(cv3)(25000)\qmacvisual(cv3)2022.9.21(25000)\qmacvisual(cv3)\qplugins\geometrymeasure\roundedcorners\x64\debug\roundedcorners.tlog\link.write.1.tlog
g:\qmacvisual(cv3)(25000)\qmacvisual(cv3)2022.9.21(25000)\qmacvisual(cv3)\qplugins\geometrymeasure\roundedcorners\x64\debug\roundedcorners.tlog\moc.read.1u.tlog
g:\qmacvisual(cv3)(25000)\qmacvisual(cv3)2022.9.21(25000)\qmacvisual(cv3)\qplugins\geometrymeasure\roundedcorners\x64\debug\roundedcorners.tlog\moc.write.1u.tlog
g:\qmacvisual(cv3)(25000)\qmacvisual(cv3)2022.9.21(25000)\qmacvisual(cv3)\qplugins\geometrymeasure\roundedcorners\x64\debug\roundedcorners.tlog\rcc.read.1u.tlog
g:\qmacvisual(cv3)(25000)\qmacvisual(cv3)2022.9.21(25000)\qmacvisual(cv3)\qplugins\geometrymeasure\roundedcorners\x64\debug\roundedcorners.tlog\rcc.write.1u.tlog
g:\qmacvisual(cv3)(25000)\qmacvisual(cv3)2022.9.21(25000)\qmacvisual(cv3)\qplugins\geometrymeasure\roundedcorners\x64\debug\roundedcorners.tlog\roundedcorners.write.1u.tlog
g:\qmacvisual(cv3)(25000)\qmacvisual(cv3)2022.9.21(25000)\qmacvisual(cv3)\qplugins\geometrymeasure\roundedcorners\x64\debug\roundedcorners.tlog\uic.read.1u.tlog
g:\qmacvisual(cv3)(25000)\qmacvisual(cv3)2022.9.21(25000)\qmacvisual(cv3)\qplugins\geometrymeasure\roundedcorners\x64\debug\roundedcorners.tlog\uic.write.1u.tlog
