g:\qmacvisual(cv3)(25000)\qmacvisual(cv3)2022.9.21(25000)\qmacvisual(cv3)\qplugins\detectidentify\qrcodeidentify\x64\debug\mytitlebar.obj
g:\qmacvisual(cv3)(25000)\qmacvisual(cv3)2022.9.21(25000)\qmacvisual(cv3)\qplugins\detectidentify\qrcodeidentify\x64\debug\qgraphicsviews.obj
g:\qmacvisual(cv3)(25000)\qmacvisual(cv3)2022.9.21(25000)\qmacvisual(cv3)\qplugins\detectidentify\qrcodeidentify\x64\debug\controlitem.obj
g:\qmacvisual(cv3)(25000)\qmacvisual(cv3)2022.9.21(25000)\qmacvisual(cv3)\qplugins\detectidentify\qrcodeidentify\x64\debug\qrcodeidentify.obj
g:\qmacvisual(cv3)(25000)\qmacvisual(cv3)2022.9.21(25000)\qmacvisual(cv3)\qplugins\detectidentify\qrcodeidentify\x64\debug\imageitem.obj
g:\qmacvisual(cv3)(25000)\qmacvisual(cv3)2022.9.21(25000)\qmacvisual(cv3)\qplugins\detectidentify\qrcodeidentify\x64\debug\qgraphicsscenes.obj
g:\qmacvisual(cv3)(25000)\qmacvisual(cv3)2022.9.21(25000)\qmacvisual(cv3)\qplugins\detectidentify\qrcodeidentify\x64\debug\toolnterface.obj
g:\qmacvisual(cv3)(25000)\qmacvisual(cv3)2022.9.21(25000)\qmacvisual(cv3)\qplugins\detectidentify\qrcodeidentify\x64\debug\baseitem.obj
g:\qmacvisual(cv3)(25000)\qmacvisual(cv3)2022.9.21(25000)\qmacvisual(cv3)\qplugins\detectidentify\qrcodeidentify\x64\debug\qt\moc\moc_qtoolbase.cpp
g:\qmacvisual(cv3)(25000)\qmacvisual(cv3)2022.9.21(25000)\qmacvisual(cv3)\qplugins\detectidentify\qrcodeidentify\x64\debug\qt\moc\moc_toolnterface.cpp
g:\qmacvisual(cv3)(25000)\qmacvisual(cv3)2022.9.21(25000)\qmacvisual(cv3)\qplugins\detectidentify\qrcodeidentify\x64\debug\qt\moc\moc_baseitem.cpp
g:\qmacvisual(cv3)(25000)\qmacvisual(cv3)2022.9.21(25000)\qmacvisual(cv3)\qplugins\detectidentify\qrcodeidentify\x64\debug\qt\moc\moc_controlitem.cpp
g:\qmacvisual(cv3)(25000)\qmacvisual(cv3)2022.9.21(25000)\qmacvisual(cv3)\qplugins\detectidentify\qrcodeidentify\x64\debug\qt\moc\moc_qgraphicsscenes.cpp
g:\qmacvisual(cv3)(25000)\qmacvisual(cv3)2022.9.21(25000)\qmacvisual(cv3)\qplugins\detectidentify\qrcodeidentify\x64\debug\qt\moc\moc_frmqrcodeidentify.cpp
g:\qmacvisual(cv3)(25000)\qmacvisual(cv3)2022.9.21(25000)\qmacvisual(cv3)\qplugins\detectidentify\qrcodeidentify\x64\debug\qt\moc\moc_imageitem.cpp
g:\qmacvisual(cv3)(25000)\qmacvisual(cv3)2022.9.21(25000)\qmacvisual(cv3)\qplugins\detectidentify\qrcodeidentify\x64\debug\qt\moc\moc_mytitlebar.cpp
g:\qmacvisual(cv3)(25000)\qmacvisual(cv3)2022.9.21(25000)\qmacvisual(cv3)\qplugins\detectidentify\qrcodeidentify\x64\debug\qt\moc\moc_qgraphicsviews.cpp
g:\qmacvisual(cv3)(25000)\qmacvisual(cv3)2022.9.21(25000)\qmacvisual(cv3)\qplugins\detectidentify\qrcodeidentify\x64\debug\qt\moc\moc_qrcodeidentify.cpp
g:\qmacvisual(cv3)(25000)\qmacvisual(cv3)2022.9.21(25000)\qmacvisual(cv3)\qplugins\detectidentify\qrcodeidentify\x64\debug\qt\uic\ui_frmqrcodeidentify.h
g:\qmacvisual(cv3)(25000)\qmacvisual(cv3)2022.9.21(25000)\qmacvisual(cv3)\qplugins\detectidentify\qrcodeidentify\x64\debug\qt\rcc\qrc_sub_res.cpp
g:\qmacvisual(cv3)(25000)\qmacvisual(cv3)2022.9.21(25000)\qmacvisual(cv3)\qplugins\detectidentify\qrcodeidentify\x64\debug\vc143.pdb
g:\qmacvisual(cv3)(25000)\qmacvisual(cv3)2022.9.21(25000)\qmacvisual(cv3)\qplugins\detectidentify\qrcodeidentify\x64\debug\qrcodeidentify.tlog\cl.17004.write.1.tlog
g:\qmacvisual(cv3)(25000)\qmacvisual(cv3)2022.9.21(25000)\qmacvisual(cv3)\qplugins\detectidentify\qrcodeidentify\x64\debug\qrcodeidentify.tlog\cl.command.1.tlog
g:\qmacvisual(cv3)(25000)\qmacvisual(cv3)2022.9.21(25000)\qmacvisual(cv3)\qplugins\detectidentify\qrcodeidentify\x64\debug\qrcodeidentify.tlog\cl.read.1.tlog
g:\qmacvisual(cv3)(25000)\qmacvisual(cv3)2022.9.21(25000)\qmacvisual(cv3)\qplugins\detectidentify\qrcodeidentify\x64\debug\qrcodeidentify.tlog\moc.read.1u.tlog
g:\qmacvisual(cv3)(25000)\qmacvisual(cv3)2022.9.21(25000)\qmacvisual(cv3)\qplugins\detectidentify\qrcodeidentify\x64\debug\qrcodeidentify.tlog\moc.write.1u.tlog
g:\qmacvisual(cv3)(25000)\qmacvisual(cv3)2022.9.21(25000)\qmacvisual(cv3)\qplugins\detectidentify\qrcodeidentify\x64\debug\qrcodeidentify.tlog\qrcodeidentify.write.1u.tlog
g:\qmacvisual(cv3)(25000)\qmacvisual(cv3)2022.9.21(25000)\qmacvisual(cv3)\qplugins\detectidentify\qrcodeidentify\x64\debug\qrcodeidentify.tlog\rcc.read.1u.tlog
g:\qmacvisual(cv3)(25000)\qmacvisual(cv3)2022.9.21(25000)\qmacvisual(cv3)\qplugins\detectidentify\qrcodeidentify\x64\debug\qrcodeidentify.tlog\rcc.write.1u.tlog
g:\qmacvisual(cv3)(25000)\qmacvisual(cv3)2022.9.21(25000)\qmacvisual(cv3)\qplugins\detectidentify\qrcodeidentify\x64\debug\qrcodeidentify.tlog\uic.read.1u.tlog
g:\qmacvisual(cv3)(25000)\qmacvisual(cv3)2022.9.21(25000)\qmacvisual(cv3)\qplugins\detectidentify\qrcodeidentify\x64\debug\qrcodeidentify.tlog\uic.write.1u.tlog
