   Qt/MSBuild: 3.4.1.0
  Reading Qt configuration (C:/Qt/Qt5.14.2/5.14.2/msvc2017_64/bin/qmake)
   Qt: 5.14.2
  uic frmGeneralIo.ui
  rcc sub_res.qrc
  moc Toolnterface.h
  moc QToolBase.h
  moc frmGeneralIo.h
  moc mytitlebar.h
  moc GeneralIo.h
  frmGeneralIo.cpp
  mytitlebar.cpp
  Toolnterface.cpp
  GeneralIo.cpp
  qrc_sub_res.cpp
  moc_Toolnterface.cpp
  moc_QToolBase.cpp
  moc_frmGeneralIo.cpp
  moc_mytitlebar.cpp
  moc_GeneralIo.cpp
  LINK : 没有找到 ..\..\..\QSoftExe\Debug\Plugins\GeneralIo.dll 或上一个增量链接没有生成它；正在执行完全链接
    正在创建库 ../../../QSoftExe/Debug/Plugins/GeneralIo.lib 和对象 ../../../QSoftExe/Debug/Plugins/GeneralIo.exp
  GeneralIo.vcxproj -> G:\QMacVisual(CV3)(25000)\QMacVisual(CV3)2022.9.21(25000)\QMacVisual(CV3)\QSoftExe\Debug\Plugins\GeneralIo.dll
