   Qt/MSBuild: 3.4.1.0
  Reading Qt configuration (E:/Qt/Qt5.14.2/5.14.2/msvc2017_64/bin/qmake)
   Qt: 5.14.2
  uic frmBarcodeIdentify.ui
  rcc sub_res.qrc
  moc QToolBase.h
  moc Toolnterface.h
  moc frmBarcodeIdentify.h
  moc ImageItem.h
  moc mytitlebar.h
  moc QGraphicsViews.h
  moc QGraphicsScenes.h
  moc ControlItem.h
  moc BaseItem.h
  moc BarcodeIdentify.h
  BaseItem.cpp
  ControlItem.cpp
  frmBarcodeIdentify.cpp
  ImageItem.cpp
  mytitlebar.cpp
  QGraphicsScenes.cpp
  QGraphicsViews.cpp
  Toolnterface.cpp
  BarcodeIdentify.cpp
  qrc_sub_res.cpp
  moc_QToolBase.cpp
  moc_Toolnterface.cpp
  moc_frmBarcodeIdentify.cpp
  moc_ImageItem.cpp
  moc_mytitlebar.cpp
  moc_QGraphicsViews.cpp
  moc_QGraphicsScenes.cpp
  moc_ControlItem.cpp
  moc_BaseItem.cpp
  moc_BarcodeIdentify.cpp
    正在创建库 ../../../QSoftExe/Debug/Plugins/BarcodeIdentify.lib 和对象 ../../../QSoftExe/Debug/Plugins/BarcodeIdentify.exp
  BarcodeIdentify.vcxproj -> G:\QMacVisual(CV3)(25000)\QMacVisual(CV3)2022.9.21(25000)\QMacVisual(CV3)\QSoftExe\Debug\Plugins\BarcodeIdentify.dll
