d:\opencv4workflow\opencv4workflow\qplugins\imageprocess\imagesource\x64\debug\qt\uic\ui_frmimagesource.h
d:\opencv4workflow\opencv4workflow\qplugins\imageprocess\imagesource\x64\debug\qt\rcc\qrc_sub_res.cpp
d:\opencv4workflow\opencv4workflow\qplugins\imageprocess\imagesource\x64\debug\qt\moc\moc_qtoolbase.cpp
d:\opencv4workflow\opencv4workflow\qplugins\imageprocess\imagesource\x64\debug\qt\moc\moc_toolnterface.cpp
d:\opencv4workflow\opencv4workflow\qplugins\imageprocess\imagesource\x64\debug\qt\moc\moc_mytitlebar.cpp
d:\opencv4workflow\opencv4workflow\qplugins\imageprocess\imagesource\x64\debug\qt\moc\moc_frmimagesource.cpp
d:\opencv4workflow\opencv4workflow\qplugins\imageprocess\imagesource\x64\debug\qt\moc\moc_imageitem.cpp
d:\opencv4workflow\opencv4workflow\qplugins\imageprocess\imagesource\x64\debug\qt\moc\moc_qgraphicsviews.cpp
d:\opencv4workflow\opencv4workflow\qplugins\imageprocess\imagesource\x64\debug\qt\moc\moc_qgraphicsscenes.cpp
d:\opencv4workflow\opencv4workflow\qplugins\imageprocess\imagesource\x64\debug\qt\moc\moc_baseitem.cpp
d:\opencv4workflow\opencv4workflow\qplugins\imageprocess\imagesource\x64\debug\qt\moc\moc_controlitem.cpp
d:\opencv4workflow\opencv4workflow\qplugins\imageprocess\imagesource\x64\debug\qt\moc\moc_imagesource.cpp
d:\opencv4workflow\opencv4workflow\qplugins\imageprocess\imagesource\x64\debug\controlitem.obj
d:\opencv4workflow\opencv4workflow\qplugins\imageprocess\imagesource\x64\debug\frmimagesource.obj
d:\opencv4workflow\opencv4workflow\qplugins\imageprocess\imagesource\x64\debug\qgraphicsviews.obj
d:\opencv4workflow\opencv4workflow\qplugins\imageprocess\imagesource\x64\debug\gvariable.obj
d:\opencv4workflow\opencv4workflow\qplugins\imageprocess\imagesource\x64\debug\imagesource.obj
d:\opencv4workflow\opencv4workflow\qplugins\imageprocess\imagesource\x64\debug\baseitem.obj
d:\opencv4workflow\opencv4workflow\qplugins\imageprocess\imagesource\x64\debug\qgraphicsscenes.obj
d:\opencv4workflow\opencv4workflow\qplugins\imageprocess\imagesource\x64\debug\toolnterface.obj
d:\opencv4workflow\opencv4workflow\qplugins\imageprocess\imagesource\x64\debug\imageitem.obj
d:\opencv4workflow\opencv4workflow\qplugins\imageprocess\imagesource\x64\debug\mytitlebar.obj
d:\opencv4workflow\opencv4workflow\qplugins\imageprocess\imagesource\x64\debug\vc143.pdb
d:\opencv4workflow\opencv4workflow\qplugins\imageprocess\imagesource\x64\debug\qrc_sub_res.obj
d:\opencv4workflow\opencv4workflow\qplugins\imageprocess\imagesource\x64\debug\moc_qgraphicsviews.obj
d:\opencv4workflow\opencv4workflow\qplugins\imageprocess\imagesource\x64\debug\moc_toolnterface.obj
d:\opencv4workflow\opencv4workflow\qplugins\imageprocess\imagesource\x64\debug\moc_imagesource.obj
d:\opencv4workflow\opencv4workflow\qplugins\imageprocess\imagesource\x64\debug\moc_frmimagesource.obj
d:\opencv4workflow\opencv4workflow\qplugins\imageprocess\imagesource\x64\debug\moc_controlitem.obj
d:\opencv4workflow\opencv4workflow\qplugins\imageprocess\imagesource\x64\debug\moc_qgraphicsscenes.obj
d:\opencv4workflow\opencv4workflow\qplugins\imageprocess\imagesource\x64\debug\moc_baseitem.obj
d:\opencv4workflow\opencv4workflow\qplugins\imageprocess\imagesource\x64\debug\moc_imageitem.obj
d:\opencv4workflow\opencv4workflow\qplugins\imageprocess\imagesource\x64\debug\moc_mytitlebar.obj
d:\opencv4workflow\opencv4workflow\qplugins\imageprocess\imagesource\x64\debug\moc_qtoolbase.obj
d:\opencv4workflow\opencv4workflow\qsoftexe\debug\plugins\a_imagesource.dll
d:\opencv4workflow\opencv4workflow\qsoftexe\debug\plugins\a_imagesource.pdb
d:\opencv4workflow\opencv4workflow\qsoftexe\debug\plugins\a_imagesource.lib
d:\opencv4workflow\opencv4workflow\qsoftexe\debug\plugins\a_imagesource.exp
d:\opencv4workflow\opencv4workflow\qsoftexe\debug\plugins\a_imagesource.ilk
d:\opencv4workflow\opencv4workflow\qplugins\imageprocess\imagesource\x64\debug\a_imagesource.tlog\a_imagesource.write.1u.tlog
d:\opencv4workflow\opencv4workflow\qplugins\imageprocess\imagesource\x64\debug\a_imagesource.tlog\cl.command.1.tlog
d:\opencv4workflow\opencv4workflow\qplugins\imageprocess\imagesource\x64\debug\a_imagesource.tlog\cl.items.tlog
d:\opencv4workflow\opencv4workflow\qplugins\imageprocess\imagesource\x64\debug\a_imagesource.tlog\cl.read.1.tlog
d:\opencv4workflow\opencv4workflow\qplugins\imageprocess\imagesource\x64\debug\a_imagesource.tlog\cl.write.1.tlog
d:\opencv4workflow\opencv4workflow\qplugins\imageprocess\imagesource\x64\debug\a_imagesource.tlog\link.command.1.tlog
d:\opencv4workflow\opencv4workflow\qplugins\imageprocess\imagesource\x64\debug\a_imagesource.tlog\link.read.1.tlog
d:\opencv4workflow\opencv4workflow\qplugins\imageprocess\imagesource\x64\debug\a_imagesource.tlog\link.secondary.1.tlog
d:\opencv4workflow\opencv4workflow\qplugins\imageprocess\imagesource\x64\debug\a_imagesource.tlog\link.write.1.tlog
d:\opencv4workflow\opencv4workflow\qplugins\imageprocess\imagesource\x64\debug\a_imagesource.tlog\moc.read.1u.tlog
d:\opencv4workflow\opencv4workflow\qplugins\imageprocess\imagesource\x64\debug\a_imagesource.tlog\moc.write.1u.tlog
d:\opencv4workflow\opencv4workflow\qplugins\imageprocess\imagesource\x64\debug\a_imagesource.tlog\rcc.read.1u.tlog
d:\opencv4workflow\opencv4workflow\qplugins\imageprocess\imagesource\x64\debug\a_imagesource.tlog\rcc.write.1u.tlog
d:\opencv4workflow\opencv4workflow\qplugins\imageprocess\imagesource\x64\debug\a_imagesource.tlog\uic.read.1u.tlog
d:\opencv4workflow\opencv4workflow\qplugins\imageprocess\imagesource\x64\debug\a_imagesource.tlog\uic.write.1u.tlog
