d:\opencv4workflow\opencv4workflow\qplugins\imageprocess\exportimage\x64\debug\vc143.pdb
d:\opencv4workflow\opencv4workflow\qplugins\imageprocess\exportimage\x64\debug\qrc_sub_res.obj
d:\opencv4workflow\opencv4workflow\qplugins\imageprocess\exportimage\x64\debug\frmexportimage.obj
d:\opencv4workflow\opencv4workflow\qplugins\imageprocess\exportimage\x64\debug\exportimage.obj
d:\opencv4workflow\opencv4workflow\qplugins\imageprocess\exportimage\x64\debug\toolnterface.obj
d:\opencv4workflow\opencv4workflow\qplugins\imageprocess\exportimage\x64\debug\mytitlebar.obj
d:\opencv4workflow\opencv4workflow\qplugins\imageprocess\exportimage\x64\debug\moc_toolnterface.obj
d:\opencv4workflow\opencv4workflow\qplugins\imageprocess\exportimage\x64\debug\moc_exportimage.obj
d:\opencv4workflow\opencv4workflow\qplugins\imageprocess\exportimage\x64\debug\moc_mytitlebar.obj
d:\opencv4workflow\opencv4workflow\qplugins\imageprocess\exportimage\x64\debug\moc_qtoolbase.obj
d:\opencv4workflow\opencv4workflow\qplugins\imageprocess\exportimage\x64\debug\moc_frmexportimage.obj
d:\opencv4workflow\opencv4workflow\qsoftexe\debug\plugins\z_exportimage.dll
d:\opencv4workflow\opencv4workflow\qsoftexe\debug\plugins\z_exportimage.pdb
d:\opencv4workflow\opencv4workflow\qplugins\imageprocess\exportimage\x64\debug\qt\moc\moc_toolnterface.cpp
d:\opencv4workflow\opencv4workflow\qplugins\imageprocess\exportimage\x64\debug\qt\moc\moc_qtoolbase.cpp
d:\opencv4workflow\opencv4workflow\qplugins\imageprocess\exportimage\x64\debug\qt\moc\moc_frmexportimage.cpp
d:\opencv4workflow\opencv4workflow\qplugins\imageprocess\exportimage\x64\debug\qt\moc\moc_mytitlebar.cpp
d:\opencv4workflow\opencv4workflow\qplugins\imageprocess\exportimage\x64\debug\qt\moc\moc_exportimage.cpp
d:\opencv4workflow\opencv4workflow\qplugins\imageprocess\exportimage\x64\debug\qt\rcc\qrc_sub_res.cpp
d:\opencv4workflow\opencv4workflow\qplugins\imageprocess\exportimage\x64\debug\qt\uic\ui_frmexportimage.h
g:\qmacvisual(cv3)(25000)\qmacvisual(cv3)2022.9.21(25000)\qmacvisual(cv3)\qplugins\imageprocess\exportimage\x64\debug\qt\uic\ui_frmexportimage.h
g:\qmacvisual(cv3)(25000)\qmacvisual(cv3)2022.9.21(25000)\qmacvisual(cv3)\qplugins\imageprocess\exportimage\x64\debug\qt\rcc\qrc_sub_res.cpp
g:\qmacvisual(cv3)(25000)\qmacvisual(cv3)2022.9.21(25000)\qmacvisual(cv3)\qplugins\imageprocess\exportimage\x64\debug\qt\moc\moc_toolnterface.cpp
g:\qmacvisual(cv3)(25000)\qmacvisual(cv3)2022.9.21(25000)\qmacvisual(cv3)\qplugins\imageprocess\exportimage\x64\debug\qt\moc\moc_qtoolbase.cpp
g:\qmacvisual(cv3)(25000)\qmacvisual(cv3)2022.9.21(25000)\qmacvisual(cv3)\qplugins\imageprocess\exportimage\x64\debug\qt\moc\moc_frmexportimage.cpp
g:\qmacvisual(cv3)(25000)\qmacvisual(cv3)2022.9.21(25000)\qmacvisual(cv3)\qplugins\imageprocess\exportimage\x64\debug\qt\moc\moc_mytitlebar.cpp
g:\qmacvisual(cv3)(25000)\qmacvisual(cv3)2022.9.21(25000)\qmacvisual(cv3)\qplugins\imageprocess\exportimage\x64\debug\qt\moc\moc_exportimage.cpp
d:\opencv4workflow\opencv4workflow\qsoftexe\debug\plugins\z_exportimage.lib
d:\opencv4workflow\opencv4workflow\qsoftexe\debug\plugins\z_exportimage.exp
d:\opencv4workflow\opencv4workflow\qsoftexe\debug\plugins\z_exportimage.ilk
g:\qmacvisual(cv3)(25000)\qmacvisual(cv3)2022.9.21(25000)\qmacvisual(cv3)\qplugins\imageprocess\exportimage\x64\debug\exportimage.obj
g:\qmacvisual(cv3)(25000)\qmacvisual(cv3)2022.9.21(25000)\qmacvisual(cv3)\qplugins\imageprocess\exportimage\x64\debug\frmexportimage.obj
g:\qmacvisual(cv3)(25000)\qmacvisual(cv3)2022.9.21(25000)\qmacvisual(cv3)\qplugins\imageprocess\exportimage\x64\debug\moc_exportimage.obj
g:\qmacvisual(cv3)(25000)\qmacvisual(cv3)2022.9.21(25000)\qmacvisual(cv3)\qplugins\imageprocess\exportimage\x64\debug\moc_frmexportimage.obj
g:\qmacvisual(cv3)(25000)\qmacvisual(cv3)2022.9.21(25000)\qmacvisual(cv3)\qplugins\imageprocess\exportimage\x64\debug\moc_mytitlebar.obj
g:\qmacvisual(cv3)(25000)\qmacvisual(cv3)2022.9.21(25000)\qmacvisual(cv3)\qplugins\imageprocess\exportimage\x64\debug\moc_qtoolbase.obj
g:\qmacvisual(cv3)(25000)\qmacvisual(cv3)2022.9.21(25000)\qmacvisual(cv3)\qplugins\imageprocess\exportimage\x64\debug\moc_toolnterface.obj
g:\qmacvisual(cv3)(25000)\qmacvisual(cv3)2022.9.21(25000)\qmacvisual(cv3)\qplugins\imageprocess\exportimage\x64\debug\mytitlebar.obj
g:\qmacvisual(cv3)(25000)\qmacvisual(cv3)2022.9.21(25000)\qmacvisual(cv3)\qplugins\imageprocess\exportimage\x64\debug\qrc_sub_res.obj
g:\qmacvisual(cv3)(25000)\qmacvisual(cv3)2022.9.21(25000)\qmacvisual(cv3)\qplugins\imageprocess\exportimage\x64\debug\toolnterface.obj
g:\qmacvisual(cv3)(25000)\qmacvisual(cv3)2022.9.21(25000)\qmacvisual(cv3)\qplugins\imageprocess\exportimage\x64\debug\vc143.pdb
g:\qmacvisual(cv3)(25000)\qmacvisual(cv3)2022.9.21(25000)\qmacvisual(cv3)\qsoftexe\debug\plugins\z_exportimage.dll
g:\qmacvisual(cv3)(25000)\qmacvisual(cv3)2022.9.21(25000)\qmacvisual(cv3)\qplugins\imageprocess\exportimage\x64\debug\z_exportimage.tlog\cl.command.1.tlog
g:\qmacvisual(cv3)(25000)\qmacvisual(cv3)2022.9.21(25000)\qmacvisual(cv3)\qplugins\imageprocess\exportimage\x64\debug\z_exportimage.tlog\cl.items.tlog
g:\qmacvisual(cv3)(25000)\qmacvisual(cv3)2022.9.21(25000)\qmacvisual(cv3)\qplugins\imageprocess\exportimage\x64\debug\z_exportimage.tlog\cl.read.1.tlog
g:\qmacvisual(cv3)(25000)\qmacvisual(cv3)2022.9.21(25000)\qmacvisual(cv3)\qplugins\imageprocess\exportimage\x64\debug\z_exportimage.tlog\cl.write.1.tlog
g:\qmacvisual(cv3)(25000)\qmacvisual(cv3)2022.9.21(25000)\qmacvisual(cv3)\qplugins\imageprocess\exportimage\x64\debug\z_exportimage.tlog\link.command.1.tlog
g:\qmacvisual(cv3)(25000)\qmacvisual(cv3)2022.9.21(25000)\qmacvisual(cv3)\qplugins\imageprocess\exportimage\x64\debug\z_exportimage.tlog\link.read.1.tlog
g:\qmacvisual(cv3)(25000)\qmacvisual(cv3)2022.9.21(25000)\qmacvisual(cv3)\qplugins\imageprocess\exportimage\x64\debug\z_exportimage.tlog\link.secondary.1.tlog
g:\qmacvisual(cv3)(25000)\qmacvisual(cv3)2022.9.21(25000)\qmacvisual(cv3)\qplugins\imageprocess\exportimage\x64\debug\z_exportimage.tlog\link.write.1.tlog
g:\qmacvisual(cv3)(25000)\qmacvisual(cv3)2022.9.21(25000)\qmacvisual(cv3)\qplugins\imageprocess\exportimage\x64\debug\z_exportimage.tlog\moc.read.1u.tlog
g:\qmacvisual(cv3)(25000)\qmacvisual(cv3)2022.9.21(25000)\qmacvisual(cv3)\qplugins\imageprocess\exportimage\x64\debug\z_exportimage.tlog\moc.write.1u.tlog
g:\qmacvisual(cv3)(25000)\qmacvisual(cv3)2022.9.21(25000)\qmacvisual(cv3)\qplugins\imageprocess\exportimage\x64\debug\z_exportimage.tlog\rcc.read.1u.tlog
g:\qmacvisual(cv3)(25000)\qmacvisual(cv3)2022.9.21(25000)\qmacvisual(cv3)\qplugins\imageprocess\exportimage\x64\debug\z_exportimage.tlog\rcc.write.1u.tlog
g:\qmacvisual(cv3)(25000)\qmacvisual(cv3)2022.9.21(25000)\qmacvisual(cv3)\qplugins\imageprocess\exportimage\x64\debug\z_exportimage.tlog\uic.read.1u.tlog
g:\qmacvisual(cv3)(25000)\qmacvisual(cv3)2022.9.21(25000)\qmacvisual(cv3)\qplugins\imageprocess\exportimage\x64\debug\z_exportimage.tlog\uic.write.1u.tlog
g:\qmacvisual(cv3)(25000)\qmacvisual(cv3)2022.9.21(25000)\qmacvisual(cv3)\qplugins\imageprocess\exportimage\x64\debug\z_exportimage.tlog\z_exportimage.write.1u.tlog
