g:\qmacvisual(cv3)(25000)\qmacvisual(cv3)2022.9.21(25000)\qmacvisual(cv3)\qplugins\imageprocess\imagerepair\x64\debug\vc143.pdb
g:\qmacvisual(cv3)(25000)\qmacvisual(cv3)2022.9.21(25000)\qmacvisual(cv3)\qplugins\imageprocess\imagerepair\x64\debug\qrc_sub_res.obj
g:\qmacvisual(cv3)(25000)\qmacvisual(cv3)2022.9.21(25000)\qmacvisual(cv3)\qplugins\imageprocess\imagerepair\x64\debug\baseitem.obj
g:\qmacvisual(cv3)(25000)\qmacvisual(cv3)2022.9.21(25000)\qmacvisual(cv3)\qplugins\imageprocess\imagerepair\x64\debug\frmimagerepair.obj
g:\qmacvisual(cv3)(25000)\qmacvisual(cv3)2022.9.21(25000)\qmacvisual(cv3)\qplugins\imageprocess\imagerepair\x64\debug\qgraphicsviews.obj
g:\qmacvisual(cv3)(25000)\qmacvisual(cv3)2022.9.21(25000)\qmacvisual(cv3)\qplugins\imageprocess\imagerepair\x64\debug\imagerepair.obj
g:\qmacvisual(cv3)(25000)\qmacvisual(cv3)2022.9.21(25000)\qmacvisual(cv3)\qplugins\imageprocess\imagerepair\x64\debug\toolnterface.obj
g:\qmacvisual(cv3)(25000)\qmacvisual(cv3)2022.9.21(25000)\qmacvisual(cv3)\qplugins\imageprocess\imagerepair\x64\debug\mytitlebar.obj
g:\qmacvisual(cv3)(25000)\qmacvisual(cv3)2022.9.21(25000)\qmacvisual(cv3)\qplugins\imageprocess\imagerepair\x64\debug\controlitem.obj
g:\qmacvisual(cv3)(25000)\qmacvisual(cv3)2022.9.21(25000)\qmacvisual(cv3)\qplugins\imageprocess\imagerepair\x64\debug\qgraphicsscenes.obj
g:\qmacvisual(cv3)(25000)\qmacvisual(cv3)2022.9.21(25000)\qmacvisual(cv3)\qplugins\imageprocess\imagerepair\x64\debug\imageitem.obj
g:\qmacvisual(cv3)(25000)\qmacvisual(cv3)2022.9.21(25000)\qmacvisual(cv3)\qplugins\imageprocess\imagerepair\x64\debug\moc_mytitlebar.obj
g:\qmacvisual(cv3)(25000)\qmacvisual(cv3)2022.9.21(25000)\qmacvisual(cv3)\qplugins\imageprocess\imagerepair\x64\debug\moc_imageitem.obj
g:\qmacvisual(cv3)(25000)\qmacvisual(cv3)2022.9.21(25000)\qmacvisual(cv3)\qplugins\imageprocess\imagerepair\x64\debug\moc_qgraphicsscenes.obj
g:\qmacvisual(cv3)(25000)\qmacvisual(cv3)2022.9.21(25000)\qmacvisual(cv3)\qplugins\imageprocess\imagerepair\x64\debug\moc_frmimagerepair.obj
g:\qmacvisual(cv3)(25000)\qmacvisual(cv3)2022.9.21(25000)\qmacvisual(cv3)\qplugins\imageprocess\imagerepair\x64\debug\moc_qgraphicsviews.obj
g:\qmacvisual(cv3)(25000)\qmacvisual(cv3)2022.9.21(25000)\qmacvisual(cv3)\qplugins\imageprocess\imagerepair\x64\debug\moc_qtoolbase.obj
g:\qmacvisual(cv3)(25000)\qmacvisual(cv3)2022.9.21(25000)\qmacvisual(cv3)\qplugins\imageprocess\imagerepair\x64\debug\moc_imagerepair.obj
g:\qmacvisual(cv3)(25000)\qmacvisual(cv3)2022.9.21(25000)\qmacvisual(cv3)\qplugins\imageprocess\imagerepair\x64\debug\moc_baseitem.obj
g:\qmacvisual(cv3)(25000)\qmacvisual(cv3)2022.9.21(25000)\qmacvisual(cv3)\qplugins\imageprocess\imagerepair\x64\debug\moc_controlitem.obj
g:\qmacvisual(cv3)(25000)\qmacvisual(cv3)2022.9.21(25000)\qmacvisual(cv3)\qplugins\imageprocess\imagerepair\x64\debug\moc_toolnterface.obj
g:\qmacvisual(cv3)(25000)\qmacvisual(cv3)2022.9.21(25000)\qmacvisual(cv3)\qplugins\imageprocess\imagerepair\x64\debug\qt\uic\ui_frmimagerepair.h
g:\qmacvisual(cv3)(25000)\qmacvisual(cv3)2022.9.21(25000)\qmacvisual(cv3)\qplugins\imageprocess\imagerepair\x64\debug\qt\rcc\qrc_sub_res.cpp
g:\qmacvisual(cv3)(25000)\qmacvisual(cv3)2022.9.21(25000)\qmacvisual(cv3)\qplugins\imageprocess\imagerepair\x64\debug\qt\moc\moc_toolnterface.cpp
g:\qmacvisual(cv3)(25000)\qmacvisual(cv3)2022.9.21(25000)\qmacvisual(cv3)\qplugins\imageprocess\imagerepair\x64\debug\qt\moc\moc_qtoolbase.cpp
g:\qmacvisual(cv3)(25000)\qmacvisual(cv3)2022.9.21(25000)\qmacvisual(cv3)\qplugins\imageprocess\imagerepair\x64\debug\qt\moc\moc_mytitlebar.cpp
g:\qmacvisual(cv3)(25000)\qmacvisual(cv3)2022.9.21(25000)\qmacvisual(cv3)\qplugins\imageprocess\imagerepair\x64\debug\qt\moc\moc_qgraphicsviews.cpp
g:\qmacvisual(cv3)(25000)\qmacvisual(cv3)2022.9.21(25000)\qmacvisual(cv3)\qplugins\imageprocess\imagerepair\x64\debug\qt\moc\moc_qgraphicsscenes.cpp
g:\qmacvisual(cv3)(25000)\qmacvisual(cv3)2022.9.21(25000)\qmacvisual(cv3)\qplugins\imageprocess\imagerepair\x64\debug\qt\moc\moc_baseitem.cpp
g:\qmacvisual(cv3)(25000)\qmacvisual(cv3)2022.9.21(25000)\qmacvisual(cv3)\qplugins\imageprocess\imagerepair\x64\debug\qt\moc\moc_controlitem.cpp
g:\qmacvisual(cv3)(25000)\qmacvisual(cv3)2022.9.21(25000)\qmacvisual(cv3)\qplugins\imageprocess\imagerepair\x64\debug\qt\moc\moc_imageitem.cpp
g:\qmacvisual(cv3)(25000)\qmacvisual(cv3)2022.9.21(25000)\qmacvisual(cv3)\qplugins\imageprocess\imagerepair\x64\debug\qt\moc\moc_frmimagerepair.cpp
g:\qmacvisual(cv3)(25000)\qmacvisual(cv3)2022.9.21(25000)\qmacvisual(cv3)\qplugins\imageprocess\imagerepair\x64\debug\qt\moc\moc_imagerepair.cpp
d:\opencv4workflow\opencv4workflow\qplugins\imageprocess\imagerepair\x64\debug\qt\uic\ui_frmimagerepair.h
d:\opencv4workflow\opencv4workflow\qplugins\imageprocess\imagerepair\x64\debug\qt\rcc\qrc_sub_res.cpp
d:\opencv4workflow\opencv4workflow\qplugins\imageprocess\imagerepair\x64\debug\qt\moc\moc_toolnterface.cpp
d:\opencv4workflow\opencv4workflow\qplugins\imageprocess\imagerepair\x64\debug\qt\moc\moc_qtoolbase.cpp
d:\opencv4workflow\opencv4workflow\qplugins\imageprocess\imagerepair\x64\debug\qt\moc\moc_mytitlebar.cpp
d:\opencv4workflow\opencv4workflow\qplugins\imageprocess\imagerepair\x64\debug\qt\moc\moc_qgraphicsviews.cpp
d:\opencv4workflow\opencv4workflow\qplugins\imageprocess\imagerepair\x64\debug\qt\moc\moc_qgraphicsscenes.cpp
d:\opencv4workflow\opencv4workflow\qplugins\imageprocess\imagerepair\x64\debug\qt\moc\moc_baseitem.cpp
d:\opencv4workflow\opencv4workflow\qplugins\imageprocess\imagerepair\x64\debug\qt\moc\moc_controlitem.cpp
d:\opencv4workflow\opencv4workflow\qplugins\imageprocess\imagerepair\x64\debug\qt\moc\moc_imageitem.cpp
d:\opencv4workflow\opencv4workflow\qplugins\imageprocess\imagerepair\x64\debug\qt\moc\moc_frmimagerepair.cpp
d:\opencv4workflow\opencv4workflow\qplugins\imageprocess\imagerepair\x64\debug\qt\moc\moc_imagerepair.cpp
g:\qmacvisual(cv3)(25000)\qmacvisual(cv3)2022.9.21(25000)\qmacvisual(cv3)\qsoftexe\debug\plugins\imagerepair.dll
g:\qmacvisual(cv3)(25000)\qmacvisual(cv3)2022.9.21(25000)\qmacvisual(cv3)\qsoftexe\debug\plugins\imagerepair.pdb
g:\qmacvisual(cv3)(25000)\qmacvisual(cv3)2022.9.21(25000)\qmacvisual(cv3)\qsoftexe\debug\plugins\imagerepair.lib
g:\qmacvisual(cv3)(25000)\qmacvisual(cv3)2022.9.21(25000)\qmacvisual(cv3)\qsoftexe\debug\plugins\imagerepair.exp
g:\qmacvisual(cv3)(25000)\qmacvisual(cv3)2022.9.21(25000)\qmacvisual(cv3)\qsoftexe\debug\plugins\imagerepair.ilk
d:\opencv4workflow\opencv4workflow\qplugins\imageprocess\imagerepair\x64\debug\baseitem.obj
d:\opencv4workflow\opencv4workflow\qplugins\imageprocess\imagerepair\x64\debug\controlitem.obj
d:\opencv4workflow\opencv4workflow\qplugins\imageprocess\imagerepair\x64\debug\frmimagerepair.obj
d:\opencv4workflow\opencv4workflow\qplugins\imageprocess\imagerepair\x64\debug\imageitem.obj
d:\opencv4workflow\opencv4workflow\qplugins\imageprocess\imagerepair\x64\debug\imagerepair.obj
d:\opencv4workflow\opencv4workflow\qplugins\imageprocess\imagerepair\x64\debug\moc_baseitem.obj
d:\opencv4workflow\opencv4workflow\qplugins\imageprocess\imagerepair\x64\debug\moc_controlitem.obj
d:\opencv4workflow\opencv4workflow\qplugins\imageprocess\imagerepair\x64\debug\moc_frmimagerepair.obj
d:\opencv4workflow\opencv4workflow\qplugins\imageprocess\imagerepair\x64\debug\moc_imageitem.obj
d:\opencv4workflow\opencv4workflow\qplugins\imageprocess\imagerepair\x64\debug\moc_imagerepair.obj
d:\opencv4workflow\opencv4workflow\qplugins\imageprocess\imagerepair\x64\debug\moc_mytitlebar.obj
d:\opencv4workflow\opencv4workflow\qplugins\imageprocess\imagerepair\x64\debug\moc_qgraphicsscenes.obj
d:\opencv4workflow\opencv4workflow\qplugins\imageprocess\imagerepair\x64\debug\moc_qgraphicsviews.obj
d:\opencv4workflow\opencv4workflow\qplugins\imageprocess\imagerepair\x64\debug\moc_qtoolbase.obj
d:\opencv4workflow\opencv4workflow\qplugins\imageprocess\imagerepair\x64\debug\moc_toolnterface.obj
d:\opencv4workflow\opencv4workflow\qplugins\imageprocess\imagerepair\x64\debug\mytitlebar.obj
d:\opencv4workflow\opencv4workflow\qplugins\imageprocess\imagerepair\x64\debug\qgraphicsscenes.obj
d:\opencv4workflow\opencv4workflow\qplugins\imageprocess\imagerepair\x64\debug\qgraphicsviews.obj
d:\opencv4workflow\opencv4workflow\qplugins\imageprocess\imagerepair\x64\debug\qrc_sub_res.obj
d:\opencv4workflow\opencv4workflow\qplugins\imageprocess\imagerepair\x64\debug\toolnterface.obj
d:\opencv4workflow\opencv4workflow\qplugins\imageprocess\imagerepair\x64\debug\vc142.pdb
d:\opencv4workflow\opencv4workflow\qplugins\imageprocess\imagerepair\x64\debug\vc143.pdb
d:\opencv4workflow\opencv4workflow\qsoftexe\debug\plugins\imagerepair.dll
d:\opencv4workflow\opencv4workflow\qplugins\imageprocess\imagerepair\x64\debug\imagerepair.tlog\cl.command.1.tlog
d:\opencv4workflow\opencv4workflow\qplugins\imageprocess\imagerepair\x64\debug\imagerepair.tlog\cl.items.tlog
d:\opencv4workflow\opencv4workflow\qplugins\imageprocess\imagerepair\x64\debug\imagerepair.tlog\cl.read.1.tlog
d:\opencv4workflow\opencv4workflow\qplugins\imageprocess\imagerepair\x64\debug\imagerepair.tlog\cl.write.1.tlog
d:\opencv4workflow\opencv4workflow\qplugins\imageprocess\imagerepair\x64\debug\imagerepair.tlog\imagerepair.write.1u.tlog
d:\opencv4workflow\opencv4workflow\qplugins\imageprocess\imagerepair\x64\debug\imagerepair.tlog\link.command.1.tlog
d:\opencv4workflow\opencv4workflow\qplugins\imageprocess\imagerepair\x64\debug\imagerepair.tlog\link.read.1.tlog
d:\opencv4workflow\opencv4workflow\qplugins\imageprocess\imagerepair\x64\debug\imagerepair.tlog\link.secondary.1.tlog
d:\opencv4workflow\opencv4workflow\qplugins\imageprocess\imagerepair\x64\debug\imagerepair.tlog\link.write.1.tlog
d:\opencv4workflow\opencv4workflow\qplugins\imageprocess\imagerepair\x64\debug\imagerepair.tlog\moc.read.1u.tlog
d:\opencv4workflow\opencv4workflow\qplugins\imageprocess\imagerepair\x64\debug\imagerepair.tlog\moc.write.1u.tlog
d:\opencv4workflow\opencv4workflow\qplugins\imageprocess\imagerepair\x64\debug\imagerepair.tlog\rcc.read.1u.tlog
d:\opencv4workflow\opencv4workflow\qplugins\imageprocess\imagerepair\x64\debug\imagerepair.tlog\rcc.write.1u.tlog
d:\opencv4workflow\opencv4workflow\qplugins\imageprocess\imagerepair\x64\debug\imagerepair.tlog\uic.read.1u.tlog
d:\opencv4workflow\opencv4workflow\qplugins\imageprocess\imagerepair\x64\debug\imagerepair.tlog\uic.write.1u.tlog
