g:\qmacvisual(cv3)(25000)\qmacvisual(cv3)2022.9.21(25000)\qmacvisual(cv3)\qplugins\communicatetools\plccommunicate\x64\release\vc143.pdb
g:\qmacvisual(cv3)(25000)\qmacvisual(cv3)2022.9.21(25000)\qmacvisual(cv3)\qplugins\communicatetools\plccommunicate\x64\release\qrc_sub_res.obj
g:\qmacvisual(cv3)(25000)\qmacvisual(cv3)2022.9.21(25000)\qmacvisual(cv3)\qplugins\communicatetools\plccommunicate\x64\release\frmplccommunicate.obj
g:\qmacvisual(cv3)(25000)\qmacvisual(cv3)2022.9.21(25000)\qmacvisual(cv3)\qplugins\communicatetools\plccommunicate\x64\release\plccommunicate.obj
g:\qmacvisual(cv3)(25000)\qmacvisual(cv3)2022.9.21(25000)\qmacvisual(cv3)\qplugins\communicatetools\plccommunicate\x64\release\plctcpsocket.obj
g:\qmacvisual(cv3)(25000)\qmacvisual(cv3)2022.9.21(25000)\qmacvisual(cv3)\qplugins\communicatetools\plccommunicate\x64\release\toolnterface.obj
g:\qmacvisual(cv3)(25000)\qmacvisual(cv3)2022.9.21(25000)\qmacvisual(cv3)\qplugins\communicatetools\plccommunicate\x64\release\mytitlebar.obj
g:\qmacvisual(cv3)(25000)\qmacvisual(cv3)2022.9.21(25000)\qmacvisual(cv3)\qplugins\communicatetools\plccommunicate\x64\release\moc_toolnterface.obj
g:\qmacvisual(cv3)(25000)\qmacvisual(cv3)2022.9.21(25000)\qmacvisual(cv3)\qplugins\communicatetools\plccommunicate\x64\release\moc_frmplccommunicate.obj
g:\qmacvisual(cv3)(25000)\qmacvisual(cv3)2022.9.21(25000)\qmacvisual(cv3)\qplugins\communicatetools\plccommunicate\x64\release\moc_plccommunicate.obj
g:\qmacvisual(cv3)(25000)\qmacvisual(cv3)2022.9.21(25000)\qmacvisual(cv3)\qplugins\communicatetools\plccommunicate\x64\release\moc_qtoolbase.obj
g:\qmacvisual(cv3)(25000)\qmacvisual(cv3)2022.9.21(25000)\qmacvisual(cv3)\qplugins\communicatetools\plccommunicate\x64\release\moc_mytitlebar.obj
g:\qmacvisual(cv3)(25000)\qmacvisual(cv3)2022.9.21(25000)\qmacvisual(cv3)\qsoftexe\release\plugins\plccommunicate.dll
g:\qmacvisual(cv3)(25000)\qmacvisual(cv3)2022.9.21(25000)\qmacvisual(cv3)\qplugins\communicatetools\plccommunicate\x64\release\qt\moc\moc_qtoolbase.cpp
g:\qmacvisual(cv3)(25000)\qmacvisual(cv3)2022.9.21(25000)\qmacvisual(cv3)\qplugins\communicatetools\plccommunicate\x64\release\qt\moc\moc_toolnterface.cpp
g:\qmacvisual(cv3)(25000)\qmacvisual(cv3)2022.9.21(25000)\qmacvisual(cv3)\qplugins\communicatetools\plccommunicate\x64\release\qt\moc\moc_frmplccommunicate.cpp
g:\qmacvisual(cv3)(25000)\qmacvisual(cv3)2022.9.21(25000)\qmacvisual(cv3)\qplugins\communicatetools\plccommunicate\x64\release\qt\moc\moc_mytitlebar.cpp
g:\qmacvisual(cv3)(25000)\qmacvisual(cv3)2022.9.21(25000)\qmacvisual(cv3)\qplugins\communicatetools\plccommunicate\x64\release\qt\moc\moc_plccommunicate.cpp
g:\qmacvisual(cv3)(25000)\qmacvisual(cv3)2022.9.21(25000)\qmacvisual(cv3)\qplugins\communicatetools\plccommunicate\x64\release\qt\uic\ui_frmplccommunicate.h
g:\qmacvisual(cv3)(25000)\qmacvisual(cv3)2022.9.21(25000)\qmacvisual(cv3)\qplugins\communicatetools\plccommunicate\x64\release\qt\rcc\qrc_sub_res.cpp
d:\opencv4workflow\opencv4workflow\qplugins\communicatetools\plccommunicate\x64\release\qt\uic\ui_frmplccommunicate.h
d:\opencv4workflow\opencv4workflow\qplugins\communicatetools\plccommunicate\x64\release\qt\rcc\qrc_sub_res.cpp
d:\opencv4workflow\opencv4workflow\qplugins\communicatetools\plccommunicate\x64\release\qt\moc\moc_qtoolbase.cpp
d:\opencv4workflow\opencv4workflow\qplugins\communicatetools\plccommunicate\x64\release\qt\moc\moc_toolnterface.cpp
d:\opencv4workflow\opencv4workflow\qplugins\communicatetools\plccommunicate\x64\release\qt\moc\moc_frmplccommunicate.cpp
d:\opencv4workflow\opencv4workflow\qplugins\communicatetools\plccommunicate\x64\release\qt\moc\moc_mytitlebar.cpp
d:\opencv4workflow\opencv4workflow\qplugins\communicatetools\plccommunicate\x64\release\qt\moc\moc_plccommunicate.cpp
g:\qmacvisual(cv3)(25000)\qmacvisual(cv3)2022.9.21(25000)\qmacvisual(cv3)\qsoftexe\release\plugins\plccommunicate.lib
g:\qmacvisual(cv3)(25000)\qmacvisual(cv3)2022.9.21(25000)\qmacvisual(cv3)\qsoftexe\release\plugins\plccommunicate.exp
d:\opencv4workflow\opencv4workflow\qplugins\communicatetools\plccommunicate\x64\release\frmplccommunicate.obj
d:\opencv4workflow\opencv4workflow\qplugins\communicatetools\plccommunicate\x64\release\moc_frmplccommunicate.obj
d:\opencv4workflow\opencv4workflow\qplugins\communicatetools\plccommunicate\x64\release\moc_mytitlebar.obj
d:\opencv4workflow\opencv4workflow\qplugins\communicatetools\plccommunicate\x64\release\moc_plccommunicate.obj
d:\opencv4workflow\opencv4workflow\qplugins\communicatetools\plccommunicate\x64\release\moc_qtoolbase.obj
d:\opencv4workflow\opencv4workflow\qplugins\communicatetools\plccommunicate\x64\release\moc_toolnterface.obj
d:\opencv4workflow\opencv4workflow\qplugins\communicatetools\plccommunicate\x64\release\mytitlebar.obj
d:\opencv4workflow\opencv4workflow\qplugins\communicatetools\plccommunicate\x64\release\plccommunicate.obj
d:\opencv4workflow\opencv4workflow\qplugins\communicatetools\plccommunicate\x64\release\plctcpsocket.obj
d:\opencv4workflow\opencv4workflow\qplugins\communicatetools\plccommunicate\x64\release\qrc_sub_res.obj
d:\opencv4workflow\opencv4workflow\qplugins\communicatetools\plccommunicate\x64\release\toolnterface.obj
d:\opencv4workflow\opencv4workflow\qplugins\communicatetools\plccommunicate\x64\release\vc143.pdb
d:\opencv4workflow\opencv4workflow\qsoftexe\release\plugins\plccommunicate.dll
d:\opencv4workflow\opencv4workflow\qplugins\communicatetools\plccommunicate\x64\release\plccommunicate.tlog\cl.command.1.tlog
d:\opencv4workflow\opencv4workflow\qplugins\communicatetools\plccommunicate\x64\release\plccommunicate.tlog\cl.items.tlog
d:\opencv4workflow\opencv4workflow\qplugins\communicatetools\plccommunicate\x64\release\plccommunicate.tlog\cl.read.1.tlog
d:\opencv4workflow\opencv4workflow\qplugins\communicatetools\plccommunicate\x64\release\plccommunicate.tlog\cl.write.1.tlog
d:\opencv4workflow\opencv4workflow\qplugins\communicatetools\plccommunicate\x64\release\plccommunicate.tlog\link.command.1.tlog
d:\opencv4workflow\opencv4workflow\qplugins\communicatetools\plccommunicate\x64\release\plccommunicate.tlog\link.read.1.tlog
d:\opencv4workflow\opencv4workflow\qplugins\communicatetools\plccommunicate\x64\release\plccommunicate.tlog\link.secondary.1.tlog
d:\opencv4workflow\opencv4workflow\qplugins\communicatetools\plccommunicate\x64\release\plccommunicate.tlog\link.write.1.tlog
d:\opencv4workflow\opencv4workflow\qplugins\communicatetools\plccommunicate\x64\release\plccommunicate.tlog\moc.read.1u.tlog
d:\opencv4workflow\opencv4workflow\qplugins\communicatetools\plccommunicate\x64\release\plccommunicate.tlog\moc.write.1u.tlog
d:\opencv4workflow\opencv4workflow\qplugins\communicatetools\plccommunicate\x64\release\plccommunicate.tlog\plccommunicate.write.1u.tlog
d:\opencv4workflow\opencv4workflow\qplugins\communicatetools\plccommunicate\x64\release\plccommunicate.tlog\rcc.read.1u.tlog
d:\opencv4workflow\opencv4workflow\qplugins\communicatetools\plccommunicate\x64\release\plccommunicate.tlog\rcc.write.1u.tlog
d:\opencv4workflow\opencv4workflow\qplugins\communicatetools\plccommunicate\x64\release\plccommunicate.tlog\uic.read.1u.tlog
d:\opencv4workflow\opencv4workflow\qplugins\communicatetools\plccommunicate\x64\release\plccommunicate.tlog\uic.write.1u.tlog
