   Qt/MSBuild: 3.4.1.0
  Reading Qt configuration (C:/Qt/Qt5.14.2/5.14.2/msvc2017_64/bin/qmake)
   Qt: 5.14.2
  uic frmPlcCommunicate.ui
  rcc sub_res.qrc
  moc QToolBase.h
  moc Toolnterface.h
  moc frmPlcCommunicate.h
  moc mytitlebar.h
  moc PlcCommunicate.h
  frmPlcCommunicate.cpp
  mytitlebar.cpp
  PlcTcpSocket.cpp
  Toolnterface.cpp
  PlcCommunicate.cpp
  qrc_sub_res.cpp
  moc_QToolBase.cpp
  moc_Toolnterface.cpp
  moc_frmPlcCommunicate.cpp
  moc_mytitlebar.cpp
  moc_PlcCommunicate.cpp
    正在创建库 ../../../QSoftExe/Release/Plugins/PlcCommunicate.lib 和对象 ../../../QSoftExe/Release/Plugins/PlcCommunicate.exp
  PlcCommunicate.vcxproj -> G:\QMacVisual(CV3)(25000)\QMacVisual(CV3)2022.9.21(25000)\QMacVisual(CV3)\QSoftExe\Release\Plugins\PlcCommunicate.dll
