   Qt/MSBuild: 3.4.1.0
  Reading Qt configuration (C:/Qt/Qt5.14.2/5.14.2/msvc2017_64/bin/qmake)
   Qt: 5.14.2
  uic frmShapeMatch.ui
  rcc sub_res.qrc
  moc Toolnterface.h
  moc BaseItem.h
  moc ControlItem.h
  moc frmShapeMatch.h
  moc ImageItem.h
  moc mytitlebar.h
  moc QGraphicsScenes.h
  moc QGraphicsViews.h
  moc QToolBase.h
  moc ShapeMatch.h
  line2Dup.cpp
  Toolnterface.cpp
  BaseItem.cpp
  ControlItem.cpp
  frmShapeMatch.cpp
  ImageItem.cpp
  mytitlebar.cpp
  QGraphicsScenes.cpp
  QGraphicsViews.cpp
  ShapeMatch.cpp
  qrc_sub_res.cpp
  moc_Toolnterface.cpp
  moc_BaseItem.cpp
  moc_ControlItem.cpp
  moc_frmShapeMatch.cpp
  moc_ImageItem.cpp
  moc_mytitlebar.cpp
  moc_QGraphicsScenes.cpp
  moc_QGraphicsViews.cpp
  moc_QToolBase.cpp
  moc_ShapeMatch.cpp
    正在创建库 ../../../QSoftExe/Release/Plugins/ShapeMatch.lib 和对象 ../../../QSoftExe/Release/Plugins/ShapeMatch.exp
  ShapeMatch.vcxproj -> G:\QMacVisual(CV3)(25000)\QMacVisual(CV3)2022.9.21(25000)\QMacVisual(CV3)\QSoftExe\Release\Plugins\ShapeMatch.dll
