g:\qmacvisual(cv3)(25000)\qmacvisual(cv3)2022.9.21(25000)\qmacvisual(cv3)\qplugins\imageprocess\createroi\x64\release\vc143.pdb
g:\qmacvisual(cv3)(25000)\qmacvisual(cv3)2022.9.21(25000)\qmacvisual(cv3)\qplugins\imageprocess\createroi\x64\release\qrc_sub_res.obj
g:\qmacvisual(cv3)(25000)\qmacvisual(cv3)2022.9.21(25000)\qmacvisual(cv3)\qplugins\imageprocess\createroi\x64\release\qgraphicsscenes.obj
g:\qmacvisual(cv3)(25000)\qmacvisual(cv3)2022.9.21(25000)\qmacvisual(cv3)\qplugins\imageprocess\createroi\x64\release\baseitem.obj
g:\qmacvisual(cv3)(25000)\qmacvisual(cv3)2022.9.21(25000)\qmacvisual(cv3)\qplugins\imageprocess\createroi\x64\release\toolnterface.obj
g:\qmacvisual(cv3)(25000)\qmacvisual(cv3)2022.9.21(25000)\qmacvisual(cv3)\qplugins\imageprocess\createroi\x64\release\mytitlebar.obj
g:\qmacvisual(cv3)(25000)\qmacvisual(cv3)2022.9.21(25000)\qmacvisual(cv3)\qplugins\imageprocess\createroi\x64\release\controlitem.obj
g:\qmacvisual(cv3)(25000)\qmacvisual(cv3)2022.9.21(25000)\qmacvisual(cv3)\qplugins\imageprocess\createroi\x64\release\frmcreateroi.obj
g:\qmacvisual(cv3)(25000)\qmacvisual(cv3)2022.9.21(25000)\qmacvisual(cv3)\qplugins\imageprocess\createroi\x64\release\qgraphicsviews.obj
g:\qmacvisual(cv3)(25000)\qmacvisual(cv3)2022.9.21(25000)\qmacvisual(cv3)\qplugins\imageprocess\createroi\x64\release\imageitem.obj
g:\qmacvisual(cv3)(25000)\qmacvisual(cv3)2022.9.21(25000)\qmacvisual(cv3)\qplugins\imageprocess\createroi\x64\release\createroi.obj
g:\qmacvisual(cv3)(25000)\qmacvisual(cv3)2022.9.21(25000)\qmacvisual(cv3)\qplugins\imageprocess\createroi\x64\release\moc_frmcreateroi.obj
g:\qmacvisual(cv3)(25000)\qmacvisual(cv3)2022.9.21(25000)\qmacvisual(cv3)\qplugins\imageprocess\createroi\x64\release\moc_qtoolbase.obj
g:\qmacvisual(cv3)(25000)\qmacvisual(cv3)2022.9.21(25000)\qmacvisual(cv3)\qplugins\imageprocess\createroi\x64\release\moc_qgraphicsscenes.obj
g:\qmacvisual(cv3)(25000)\qmacvisual(cv3)2022.9.21(25000)\qmacvisual(cv3)\qplugins\imageprocess\createroi\x64\release\moc_controlitem.obj
g:\qmacvisual(cv3)(25000)\qmacvisual(cv3)2022.9.21(25000)\qmacvisual(cv3)\qplugins\imageprocess\createroi\x64\release\moc_qgraphicsviews.obj
g:\qmacvisual(cv3)(25000)\qmacvisual(cv3)2022.9.21(25000)\qmacvisual(cv3)\qplugins\imageprocess\createroi\x64\release\moc_baseitem.obj
g:\qmacvisual(cv3)(25000)\qmacvisual(cv3)2022.9.21(25000)\qmacvisual(cv3)\qplugins\imageprocess\createroi\x64\release\moc_toolnterface.obj
g:\qmacvisual(cv3)(25000)\qmacvisual(cv3)2022.9.21(25000)\qmacvisual(cv3)\qplugins\imageprocess\createroi\x64\release\moc_mytitlebar.obj
g:\qmacvisual(cv3)(25000)\qmacvisual(cv3)2022.9.21(25000)\qmacvisual(cv3)\qplugins\imageprocess\createroi\x64\release\moc_imageitem.obj
g:\qmacvisual(cv3)(25000)\qmacvisual(cv3)2022.9.21(25000)\qmacvisual(cv3)\qplugins\imageprocess\createroi\x64\release\moc_createroi.obj
g:\qmacvisual(cv3)(25000)\qmacvisual(cv3)2022.9.21(25000)\qmacvisual(cv3)\qplugins\imageprocess\createroi\x64\release\qt\uic\ui_frmcreateroi.h
g:\qmacvisual(cv3)(25000)\qmacvisual(cv3)2022.9.21(25000)\qmacvisual(cv3)\qplugins\imageprocess\createroi\x64\release\qt\rcc\qrc_sub_res.cpp
g:\qmacvisual(cv3)(25000)\qmacvisual(cv3)2022.9.21(25000)\qmacvisual(cv3)\qplugins\imageprocess\createroi\x64\release\qt\moc\moc_toolnterface.cpp
g:\qmacvisual(cv3)(25000)\qmacvisual(cv3)2022.9.21(25000)\qmacvisual(cv3)\qplugins\imageprocess\createroi\x64\release\qt\moc\moc_qtoolbase.cpp
g:\qmacvisual(cv3)(25000)\qmacvisual(cv3)2022.9.21(25000)\qmacvisual(cv3)\qplugins\imageprocess\createroi\x64\release\qt\moc\moc_mytitlebar.cpp
g:\qmacvisual(cv3)(25000)\qmacvisual(cv3)2022.9.21(25000)\qmacvisual(cv3)\qplugins\imageprocess\createroi\x64\release\qt\moc\moc_frmcreateroi.cpp
g:\qmacvisual(cv3)(25000)\qmacvisual(cv3)2022.9.21(25000)\qmacvisual(cv3)\qplugins\imageprocess\createroi\x64\release\qt\moc\moc_qgraphicsviews.cpp
g:\qmacvisual(cv3)(25000)\qmacvisual(cv3)2022.9.21(25000)\qmacvisual(cv3)\qplugins\imageprocess\createroi\x64\release\qt\moc\moc_qgraphicsscenes.cpp
g:\qmacvisual(cv3)(25000)\qmacvisual(cv3)2022.9.21(25000)\qmacvisual(cv3)\qplugins\imageprocess\createroi\x64\release\qt\moc\moc_imageitem.cpp
g:\qmacvisual(cv3)(25000)\qmacvisual(cv3)2022.9.21(25000)\qmacvisual(cv3)\qplugins\imageprocess\createroi\x64\release\qt\moc\moc_baseitem.cpp
g:\qmacvisual(cv3)(25000)\qmacvisual(cv3)2022.9.21(25000)\qmacvisual(cv3)\qplugins\imageprocess\createroi\x64\release\qt\moc\moc_controlitem.cpp
g:\qmacvisual(cv3)(25000)\qmacvisual(cv3)2022.9.21(25000)\qmacvisual(cv3)\qplugins\imageprocess\createroi\x64\release\qt\moc\moc_createroi.cpp
d:\opencv4workflow\opencv4workflow\qplugins\imageprocess\createroi\x64\release\qt\uic\ui_frmcreateroi.h
d:\opencv4workflow\opencv4workflow\qplugins\imageprocess\createroi\x64\release\qt\rcc\qrc_sub_res.cpp
d:\opencv4workflow\opencv4workflow\qplugins\imageprocess\createroi\x64\release\qt\moc\moc_toolnterface.cpp
d:\opencv4workflow\opencv4workflow\qplugins\imageprocess\createroi\x64\release\qt\moc\moc_qtoolbase.cpp
d:\opencv4workflow\opencv4workflow\qplugins\imageprocess\createroi\x64\release\qt\moc\moc_mytitlebar.cpp
d:\opencv4workflow\opencv4workflow\qplugins\imageprocess\createroi\x64\release\qt\moc\moc_frmcreateroi.cpp
d:\opencv4workflow\opencv4workflow\qplugins\imageprocess\createroi\x64\release\qt\moc\moc_qgraphicsviews.cpp
d:\opencv4workflow\opencv4workflow\qplugins\imageprocess\createroi\x64\release\qt\moc\moc_qgraphicsscenes.cpp
d:\opencv4workflow\opencv4workflow\qplugins\imageprocess\createroi\x64\release\qt\moc\moc_imageitem.cpp
d:\opencv4workflow\opencv4workflow\qplugins\imageprocess\createroi\x64\release\qt\moc\moc_baseitem.cpp
d:\opencv4workflow\opencv4workflow\qplugins\imageprocess\createroi\x64\release\qt\moc\moc_controlitem.cpp
d:\opencv4workflow\opencv4workflow\qplugins\imageprocess\createroi\x64\release\qt\moc\moc_createroi.cpp
g:\qmacvisual(cv3)(25000)\qmacvisual(cv3)2022.9.21(25000)\qmacvisual(cv3)\qsoftexe\release\plugins\createroi.dll
g:\qmacvisual(cv3)(25000)\qmacvisual(cv3)2022.9.21(25000)\qmacvisual(cv3)\qsoftexe\release\plugins\createroi.lib
g:\qmacvisual(cv3)(25000)\qmacvisual(cv3)2022.9.21(25000)\qmacvisual(cv3)\qsoftexe\release\plugins\createroi.exp
d:\opencv4workflow\opencv4workflow\qplugins\imageprocess\createroi\x64\release\baseitem.obj
d:\opencv4workflow\opencv4workflow\qplugins\imageprocess\createroi\x64\release\controlitem.obj
d:\opencv4workflow\opencv4workflow\qplugins\imageprocess\createroi\x64\release\createroi.obj
d:\opencv4workflow\opencv4workflow\qplugins\imageprocess\createroi\x64\release\frmcreateroi.obj
d:\opencv4workflow\opencv4workflow\qplugins\imageprocess\createroi\x64\release\imageitem.obj
d:\opencv4workflow\opencv4workflow\qplugins\imageprocess\createroi\x64\release\moc_baseitem.obj
d:\opencv4workflow\opencv4workflow\qplugins\imageprocess\createroi\x64\release\moc_controlitem.obj
d:\opencv4workflow\opencv4workflow\qplugins\imageprocess\createroi\x64\release\moc_createroi.obj
d:\opencv4workflow\opencv4workflow\qplugins\imageprocess\createroi\x64\release\moc_frmcreateroi.obj
d:\opencv4workflow\opencv4workflow\qplugins\imageprocess\createroi\x64\release\moc_imageitem.obj
d:\opencv4workflow\opencv4workflow\qplugins\imageprocess\createroi\x64\release\moc_mytitlebar.obj
d:\opencv4workflow\opencv4workflow\qplugins\imageprocess\createroi\x64\release\moc_qgraphicsscenes.obj
d:\opencv4workflow\opencv4workflow\qplugins\imageprocess\createroi\x64\release\moc_qgraphicsviews.obj
d:\opencv4workflow\opencv4workflow\qplugins\imageprocess\createroi\x64\release\moc_qtoolbase.obj
d:\opencv4workflow\opencv4workflow\qplugins\imageprocess\createroi\x64\release\moc_toolnterface.obj
d:\opencv4workflow\opencv4workflow\qplugins\imageprocess\createroi\x64\release\mytitlebar.obj
d:\opencv4workflow\opencv4workflow\qplugins\imageprocess\createroi\x64\release\qgraphicsscenes.obj
d:\opencv4workflow\opencv4workflow\qplugins\imageprocess\createroi\x64\release\qgraphicsviews.obj
d:\opencv4workflow\opencv4workflow\qplugins\imageprocess\createroi\x64\release\qrc_sub_res.obj
d:\opencv4workflow\opencv4workflow\qplugins\imageprocess\createroi\x64\release\toolnterface.obj
d:\opencv4workflow\opencv4workflow\qplugins\imageprocess\createroi\x64\release\vc143.pdb
d:\opencv4workflow\opencv4workflow\qsoftexe\release\plugins\createroi.dll
d:\opencv4workflow\opencv4workflow\qplugins\imageprocess\createroi\x64\release\createroi.tlog\cl.command.1.tlog
d:\opencv4workflow\opencv4workflow\qplugins\imageprocess\createroi\x64\release\createroi.tlog\cl.items.tlog
d:\opencv4workflow\opencv4workflow\qplugins\imageprocess\createroi\x64\release\createroi.tlog\cl.read.1.tlog
d:\opencv4workflow\opencv4workflow\qplugins\imageprocess\createroi\x64\release\createroi.tlog\cl.write.1.tlog
d:\opencv4workflow\opencv4workflow\qplugins\imageprocess\createroi\x64\release\createroi.tlog\createroi.write.1u.tlog
d:\opencv4workflow\opencv4workflow\qplugins\imageprocess\createroi\x64\release\createroi.tlog\link.command.1.tlog
d:\opencv4workflow\opencv4workflow\qplugins\imageprocess\createroi\x64\release\createroi.tlog\link.read.1.tlog
d:\opencv4workflow\opencv4workflow\qplugins\imageprocess\createroi\x64\release\createroi.tlog\link.secondary.1.tlog
d:\opencv4workflow\opencv4workflow\qplugins\imageprocess\createroi\x64\release\createroi.tlog\link.write.1.tlog
d:\opencv4workflow\opencv4workflow\qplugins\imageprocess\createroi\x64\release\createroi.tlog\moc.read.1u.tlog
d:\opencv4workflow\opencv4workflow\qplugins\imageprocess\createroi\x64\release\createroi.tlog\moc.write.1u.tlog
d:\opencv4workflow\opencv4workflow\qplugins\imageprocess\createroi\x64\release\createroi.tlog\rcc.read.1u.tlog
d:\opencv4workflow\opencv4workflow\qplugins\imageprocess\createroi\x64\release\createroi.tlog\rcc.write.1u.tlog
d:\opencv4workflow\opencv4workflow\qplugins\imageprocess\createroi\x64\release\createroi.tlog\uic.read.1u.tlog
d:\opencv4workflow\opencv4workflow\qplugins\imageprocess\createroi\x64\release\createroi.tlog\uic.write.1u.tlog
