d:\opencv4workflow\opencv4workflow\qplugins\logicaltools\scriptedit\x64\debug\vc143.pdb
d:\opencv4workflow\opencv4workflow\qplugins\logicaltools\scriptedit\x64\debug\qrc_sub_res.obj
d:\opencv4workflow\opencv4workflow\qplugins\logicaltools\scriptedit\x64\debug\toolnterface.obj
d:\opencv4workflow\opencv4workflow\qplugins\logicaltools\scriptedit\x64\debug\codeeditor.obj
d:\opencv4workflow\opencv4workflow\qplugins\logicaltools\scriptedit\x64\debug\scriptedit.obj
d:\opencv4workflow\opencv4workflow\qplugins\logicaltools\scriptedit\x64\debug\frmscriptedit.obj
d:\opencv4workflow\opencv4workflow\qplugins\logicaltools\scriptedit\x64\debug\gvariable.obj
d:\opencv4workflow\opencv4workflow\qplugins\logicaltools\scriptedit\x64\debug\mytitlebar.obj
d:\opencv4workflow\opencv4workflow\qplugins\logicaltools\scriptedit\x64\debug\highlighter.obj
d:\opencv4workflow\opencv4workflow\qplugins\logicaltools\scriptedit\x64\debug\moc_toolnterface.obj
d:\opencv4workflow\opencv4workflow\qplugins\logicaltools\scriptedit\x64\debug\moc_mytitlebar.obj
d:\opencv4workflow\opencv4workflow\qplugins\logicaltools\scriptedit\x64\debug\moc_frmscriptedit.obj
d:\opencv4workflow\opencv4workflow\qplugins\logicaltools\scriptedit\x64\debug\moc_highlighter.obj
d:\opencv4workflow\opencv4workflow\qplugins\logicaltools\scriptedit\x64\debug\moc_qtoolbase.obj
d:\opencv4workflow\opencv4workflow\qplugins\logicaltools\scriptedit\x64\debug\moc_scriptedit.obj
d:\opencv4workflow\opencv4workflow\qplugins\logicaltools\scriptedit\x64\debug\moc_codeeditor.obj
d:\opencv4workflow\opencv4workflow\qsoftexe\debug\plugins\scriptedit.dll
d:\opencv4workflow\opencv4workflow\qsoftexe\debug\plugins\scriptedit.pdb
d:\opencv4workflow\opencv4workflow\qplugins\logicaltools\scriptedit\x64\debug\qt\moc\moc_toolnterface.cpp
d:\opencv4workflow\opencv4workflow\qplugins\logicaltools\scriptedit\x64\debug\qt\moc\moc_frmscriptedit.cpp
d:\opencv4workflow\opencv4workflow\qplugins\logicaltools\scriptedit\x64\debug\qt\moc\moc_codeeditor.cpp
d:\opencv4workflow\opencv4workflow\qplugins\logicaltools\scriptedit\x64\debug\qt\moc\moc_highlighter.cpp
d:\opencv4workflow\opencv4workflow\qplugins\logicaltools\scriptedit\x64\debug\qt\moc\moc_mytitlebar.cpp
d:\opencv4workflow\opencv4workflow\qplugins\logicaltools\scriptedit\x64\debug\qt\moc\moc_qtoolbase.cpp
d:\opencv4workflow\opencv4workflow\qplugins\logicaltools\scriptedit\x64\debug\qt\moc\moc_scriptedit.cpp
d:\opencv4workflow\opencv4workflow\qplugins\logicaltools\scriptedit\x64\debug\qt\rcc\qrc_sub_res.cpp
d:\opencv4workflow\opencv4workflow\qplugins\logicaltools\scriptedit\x64\debug\qt\uic\ui_frmscriptedit.h
g:\qmacvisual(cv3)(25000)\qmacvisual(cv3)2022.9.21(25000)\qmacvisual(cv3)\qplugins\logicaltools\scriptedit\x64\debug\qt\uic\ui_frmscriptedit.h
g:\qmacvisual(cv3)(25000)\qmacvisual(cv3)2022.9.21(25000)\qmacvisual(cv3)\qplugins\logicaltools\scriptedit\x64\debug\qt\rcc\qrc_sub_res.cpp
g:\qmacvisual(cv3)(25000)\qmacvisual(cv3)2022.9.21(25000)\qmacvisual(cv3)\qplugins\logicaltools\scriptedit\x64\debug\qt\moc\moc_toolnterface.cpp
g:\qmacvisual(cv3)(25000)\qmacvisual(cv3)2022.9.21(25000)\qmacvisual(cv3)\qplugins\logicaltools\scriptedit\x64\debug\qt\moc\moc_frmscriptedit.cpp
g:\qmacvisual(cv3)(25000)\qmacvisual(cv3)2022.9.21(25000)\qmacvisual(cv3)\qplugins\logicaltools\scriptedit\x64\debug\qt\moc\moc_codeeditor.cpp
g:\qmacvisual(cv3)(25000)\qmacvisual(cv3)2022.9.21(25000)\qmacvisual(cv3)\qplugins\logicaltools\scriptedit\x64\debug\qt\moc\moc_highlighter.cpp
g:\qmacvisual(cv3)(25000)\qmacvisual(cv3)2022.9.21(25000)\qmacvisual(cv3)\qplugins\logicaltools\scriptedit\x64\debug\qt\moc\moc_mytitlebar.cpp
g:\qmacvisual(cv3)(25000)\qmacvisual(cv3)2022.9.21(25000)\qmacvisual(cv3)\qplugins\logicaltools\scriptedit\x64\debug\qt\moc\moc_qtoolbase.cpp
g:\qmacvisual(cv3)(25000)\qmacvisual(cv3)2022.9.21(25000)\qmacvisual(cv3)\qplugins\logicaltools\scriptedit\x64\debug\qt\moc\moc_scriptedit.cpp
d:\opencv4workflow\opencv4workflow\qsoftexe\debug\plugins\scriptedit.lib
d:\opencv4workflow\opencv4workflow\qsoftexe\debug\plugins\scriptedit.exp
d:\opencv4workflow\opencv4workflow\qsoftexe\debug\plugins\scriptedit.ilk
g:\qmacvisual(cv3)(25000)\qmacvisual(cv3)2022.9.21(25000)\qmacvisual(cv3)\qplugins\logicaltools\scriptedit\x64\debug\codeeditor.obj
g:\qmacvisual(cv3)(25000)\qmacvisual(cv3)2022.9.21(25000)\qmacvisual(cv3)\qplugins\logicaltools\scriptedit\x64\debug\frmscriptedit.obj
g:\qmacvisual(cv3)(25000)\qmacvisual(cv3)2022.9.21(25000)\qmacvisual(cv3)\qplugins\logicaltools\scriptedit\x64\debug\gvariable.obj
g:\qmacvisual(cv3)(25000)\qmacvisual(cv3)2022.9.21(25000)\qmacvisual(cv3)\qplugins\logicaltools\scriptedit\x64\debug\highlighter.obj
g:\qmacvisual(cv3)(25000)\qmacvisual(cv3)2022.9.21(25000)\qmacvisual(cv3)\qplugins\logicaltools\scriptedit\x64\debug\moc_codeeditor.obj
g:\qmacvisual(cv3)(25000)\qmacvisual(cv3)2022.9.21(25000)\qmacvisual(cv3)\qplugins\logicaltools\scriptedit\x64\debug\moc_frmscriptedit.obj
g:\qmacvisual(cv3)(25000)\qmacvisual(cv3)2022.9.21(25000)\qmacvisual(cv3)\qplugins\logicaltools\scriptedit\x64\debug\moc_highlighter.obj
g:\qmacvisual(cv3)(25000)\qmacvisual(cv3)2022.9.21(25000)\qmacvisual(cv3)\qplugins\logicaltools\scriptedit\x64\debug\moc_mytitlebar.obj
g:\qmacvisual(cv3)(25000)\qmacvisual(cv3)2022.9.21(25000)\qmacvisual(cv3)\qplugins\logicaltools\scriptedit\x64\debug\moc_qtoolbase.obj
g:\qmacvisual(cv3)(25000)\qmacvisual(cv3)2022.9.21(25000)\qmacvisual(cv3)\qplugins\logicaltools\scriptedit\x64\debug\moc_scriptedit.obj
g:\qmacvisual(cv3)(25000)\qmacvisual(cv3)2022.9.21(25000)\qmacvisual(cv3)\qplugins\logicaltools\scriptedit\x64\debug\moc_toolnterface.obj
g:\qmacvisual(cv3)(25000)\qmacvisual(cv3)2022.9.21(25000)\qmacvisual(cv3)\qplugins\logicaltools\scriptedit\x64\debug\mytitlebar.obj
g:\qmacvisual(cv3)(25000)\qmacvisual(cv3)2022.9.21(25000)\qmacvisual(cv3)\qplugins\logicaltools\scriptedit\x64\debug\qrc_sub_res.obj
g:\qmacvisual(cv3)(25000)\qmacvisual(cv3)2022.9.21(25000)\qmacvisual(cv3)\qplugins\logicaltools\scriptedit\x64\debug\scriptedit.obj
g:\qmacvisual(cv3)(25000)\qmacvisual(cv3)2022.9.21(25000)\qmacvisual(cv3)\qplugins\logicaltools\scriptedit\x64\debug\toolnterface.obj
g:\qmacvisual(cv3)(25000)\qmacvisual(cv3)2022.9.21(25000)\qmacvisual(cv3)\qplugins\logicaltools\scriptedit\x64\debug\vc143.pdb
g:\qmacvisual(cv3)(25000)\qmacvisual(cv3)2022.9.21(25000)\qmacvisual(cv3)\qsoftexe\debug\plugins\scriptedit.dll
g:\qmacvisual(cv3)(25000)\qmacvisual(cv3)2022.9.21(25000)\qmacvisual(cv3)\qplugins\logicaltools\scriptedit\x64\debug\scriptedit.tlog\cl.command.1.tlog
g:\qmacvisual(cv3)(25000)\qmacvisual(cv3)2022.9.21(25000)\qmacvisual(cv3)\qplugins\logicaltools\scriptedit\x64\debug\scriptedit.tlog\cl.items.tlog
g:\qmacvisual(cv3)(25000)\qmacvisual(cv3)2022.9.21(25000)\qmacvisual(cv3)\qplugins\logicaltools\scriptedit\x64\debug\scriptedit.tlog\cl.read.1.tlog
g:\qmacvisual(cv3)(25000)\qmacvisual(cv3)2022.9.21(25000)\qmacvisual(cv3)\qplugins\logicaltools\scriptedit\x64\debug\scriptedit.tlog\cl.write.1.tlog
g:\qmacvisual(cv3)(25000)\qmacvisual(cv3)2022.9.21(25000)\qmacvisual(cv3)\qplugins\logicaltools\scriptedit\x64\debug\scriptedit.tlog\link.command.1.tlog
g:\qmacvisual(cv3)(25000)\qmacvisual(cv3)2022.9.21(25000)\qmacvisual(cv3)\qplugins\logicaltools\scriptedit\x64\debug\scriptedit.tlog\link.read.1.tlog
g:\qmacvisual(cv3)(25000)\qmacvisual(cv3)2022.9.21(25000)\qmacvisual(cv3)\qplugins\logicaltools\scriptedit\x64\debug\scriptedit.tlog\link.secondary.1.tlog
g:\qmacvisual(cv3)(25000)\qmacvisual(cv3)2022.9.21(25000)\qmacvisual(cv3)\qplugins\logicaltools\scriptedit\x64\debug\scriptedit.tlog\link.write.1.tlog
g:\qmacvisual(cv3)(25000)\qmacvisual(cv3)2022.9.21(25000)\qmacvisual(cv3)\qplugins\logicaltools\scriptedit\x64\debug\scriptedit.tlog\moc.read.1u.tlog
g:\qmacvisual(cv3)(25000)\qmacvisual(cv3)2022.9.21(25000)\qmacvisual(cv3)\qplugins\logicaltools\scriptedit\x64\debug\scriptedit.tlog\moc.write.1u.tlog
g:\qmacvisual(cv3)(25000)\qmacvisual(cv3)2022.9.21(25000)\qmacvisual(cv3)\qplugins\logicaltools\scriptedit\x64\debug\scriptedit.tlog\rcc.read.1u.tlog
g:\qmacvisual(cv3)(25000)\qmacvisual(cv3)2022.9.21(25000)\qmacvisual(cv3)\qplugins\logicaltools\scriptedit\x64\debug\scriptedit.tlog\rcc.write.1u.tlog
g:\qmacvisual(cv3)(25000)\qmacvisual(cv3)2022.9.21(25000)\qmacvisual(cv3)\qplugins\logicaltools\scriptedit\x64\debug\scriptedit.tlog\scriptedit.write.1u.tlog
g:\qmacvisual(cv3)(25000)\qmacvisual(cv3)2022.9.21(25000)\qmacvisual(cv3)\qplugins\logicaltools\scriptedit\x64\debug\scriptedit.tlog\uic.read.1u.tlog
g:\qmacvisual(cv3)(25000)\qmacvisual(cv3)2022.9.21(25000)\qmacvisual(cv3)\qplugins\logicaltools\scriptedit\x64\debug\scriptedit.tlog\uic.write.1u.tlog
