g:\qmacvisual(cv3)(25000)\qmacvisual(cv3)2022.9.21(25000)\qmacvisual(cv3)\qplugins\imageprocess\cropimage\x64\release\vc143.pdb
g:\qmacvisual(cv3)(25000)\qmacvisual(cv3)2022.9.21(25000)\qmacvisual(cv3)\qplugins\imageprocess\cropimage\x64\release\qrc_sub_res.obj
g:\qmacvisual(cv3)(25000)\qmacvisual(cv3)2022.9.21(25000)\qmacvisual(cv3)\qplugins\imageprocess\cropimage\x64\release\imageitem.obj
g:\qmacvisual(cv3)(25000)\qmacvisual(cv3)2022.9.21(25000)\qmacvisual(cv3)\qplugins\imageprocess\cropimage\x64\release\cropimage.obj
g:\qmacvisual(cv3)(25000)\qmacvisual(cv3)2022.9.21(25000)\qmacvisual(cv3)\qplugins\imageprocess\cropimage\x64\release\frmcropimage.obj
g:\qmacvisual(cv3)(25000)\qmacvisual(cv3)2022.9.21(25000)\qmacvisual(cv3)\qplugins\imageprocess\cropimage\x64\release\qgraphicsscenes.obj
g:\qmacvisual(cv3)(25000)\qmacvisual(cv3)2022.9.21(25000)\qmacvisual(cv3)\qplugins\imageprocess\cropimage\x64\release\baseitem.obj
g:\qmacvisual(cv3)(25000)\qmacvisual(cv3)2022.9.21(25000)\qmacvisual(cv3)\qplugins\imageprocess\cropimage\x64\release\qgraphicsviews.obj
g:\qmacvisual(cv3)(25000)\qmacvisual(cv3)2022.9.21(25000)\qmacvisual(cv3)\qplugins\imageprocess\cropimage\x64\release\mytitlebar.obj
g:\qmacvisual(cv3)(25000)\qmacvisual(cv3)2022.9.21(25000)\qmacvisual(cv3)\qplugins\imageprocess\cropimage\x64\release\controlitem.obj
g:\qmacvisual(cv3)(25000)\qmacvisual(cv3)2022.9.21(25000)\qmacvisual(cv3)\qplugins\imageprocess\cropimage\x64\release\toolnterface.obj
g:\qmacvisual(cv3)(25000)\qmacvisual(cv3)2022.9.21(25000)\qmacvisual(cv3)\qplugins\imageprocess\cropimage\x64\release\moc_qtoolbase.obj
g:\qmacvisual(cv3)(25000)\qmacvisual(cv3)2022.9.21(25000)\qmacvisual(cv3)\qplugins\imageprocess\cropimage\x64\release\moc_mytitlebar.obj
g:\qmacvisual(cv3)(25000)\qmacvisual(cv3)2022.9.21(25000)\qmacvisual(cv3)\qplugins\imageprocess\cropimage\x64\release\moc_baseitem.obj
g:\qmacvisual(cv3)(25000)\qmacvisual(cv3)2022.9.21(25000)\qmacvisual(cv3)\qplugins\imageprocess\cropimage\x64\release\moc_frmcropimage.obj
g:\qmacvisual(cv3)(25000)\qmacvisual(cv3)2022.9.21(25000)\qmacvisual(cv3)\qplugins\imageprocess\cropimage\x64\release\moc_qgraphicsscenes.obj
g:\qmacvisual(cv3)(25000)\qmacvisual(cv3)2022.9.21(25000)\qmacvisual(cv3)\qplugins\imageprocess\cropimage\x64\release\moc_imageitem.obj
g:\qmacvisual(cv3)(25000)\qmacvisual(cv3)2022.9.21(25000)\qmacvisual(cv3)\qplugins\imageprocess\cropimage\x64\release\moc_controlitem.obj
g:\qmacvisual(cv3)(25000)\qmacvisual(cv3)2022.9.21(25000)\qmacvisual(cv3)\qplugins\imageprocess\cropimage\x64\release\moc_qgraphicsviews.obj
g:\qmacvisual(cv3)(25000)\qmacvisual(cv3)2022.9.21(25000)\qmacvisual(cv3)\qplugins\imageprocess\cropimage\x64\release\moc_cropimage.obj
g:\qmacvisual(cv3)(25000)\qmacvisual(cv3)2022.9.21(25000)\qmacvisual(cv3)\qplugins\imageprocess\cropimage\x64\release\moc_toolnterface.obj
g:\qmacvisual(cv3)(25000)\qmacvisual(cv3)2022.9.21(25000)\qmacvisual(cv3)\qplugins\imageprocess\cropimage\x64\release\qt\uic\ui_frmcropimage.h
g:\qmacvisual(cv3)(25000)\qmacvisual(cv3)2022.9.21(25000)\qmacvisual(cv3)\qplugins\imageprocess\cropimage\x64\release\qt\rcc\qrc_sub_res.cpp
g:\qmacvisual(cv3)(25000)\qmacvisual(cv3)2022.9.21(25000)\qmacvisual(cv3)\qplugins\imageprocess\cropimage\x64\release\qt\moc\moc_toolnterface.cpp
g:\qmacvisual(cv3)(25000)\qmacvisual(cv3)2022.9.21(25000)\qmacvisual(cv3)\qplugins\imageprocess\cropimage\x64\release\qt\moc\moc_qtoolbase.cpp
g:\qmacvisual(cv3)(25000)\qmacvisual(cv3)2022.9.21(25000)\qmacvisual(cv3)\qplugins\imageprocess\cropimage\x64\release\qt\moc\moc_mytitlebar.cpp
g:\qmacvisual(cv3)(25000)\qmacvisual(cv3)2022.9.21(25000)\qmacvisual(cv3)\qplugins\imageprocess\cropimage\x64\release\qt\moc\moc_frmcropimage.cpp
g:\qmacvisual(cv3)(25000)\qmacvisual(cv3)2022.9.21(25000)\qmacvisual(cv3)\qplugins\imageprocess\cropimage\x64\release\qt\moc\moc_qgraphicsviews.cpp
g:\qmacvisual(cv3)(25000)\qmacvisual(cv3)2022.9.21(25000)\qmacvisual(cv3)\qplugins\imageprocess\cropimage\x64\release\qt\moc\moc_qgraphicsscenes.cpp
g:\qmacvisual(cv3)(25000)\qmacvisual(cv3)2022.9.21(25000)\qmacvisual(cv3)\qplugins\imageprocess\cropimage\x64\release\qt\moc\moc_imageitem.cpp
g:\qmacvisual(cv3)(25000)\qmacvisual(cv3)2022.9.21(25000)\qmacvisual(cv3)\qplugins\imageprocess\cropimage\x64\release\qt\moc\moc_baseitem.cpp
g:\qmacvisual(cv3)(25000)\qmacvisual(cv3)2022.9.21(25000)\qmacvisual(cv3)\qplugins\imageprocess\cropimage\x64\release\qt\moc\moc_controlitem.cpp
g:\qmacvisual(cv3)(25000)\qmacvisual(cv3)2022.9.21(25000)\qmacvisual(cv3)\qplugins\imageprocess\cropimage\x64\release\qt\moc\moc_cropimage.cpp
d:\opencv4workflow\opencv4workflow\qplugins\imageprocess\cropimage\x64\release\qt\uic\ui_frmcropimage.h
d:\opencv4workflow\opencv4workflow\qplugins\imageprocess\cropimage\x64\release\qt\rcc\qrc_sub_res.cpp
d:\opencv4workflow\opencv4workflow\qplugins\imageprocess\cropimage\x64\release\qt\moc\moc_toolnterface.cpp
d:\opencv4workflow\opencv4workflow\qplugins\imageprocess\cropimage\x64\release\qt\moc\moc_qtoolbase.cpp
d:\opencv4workflow\opencv4workflow\qplugins\imageprocess\cropimage\x64\release\qt\moc\moc_mytitlebar.cpp
d:\opencv4workflow\opencv4workflow\qplugins\imageprocess\cropimage\x64\release\qt\moc\moc_frmcropimage.cpp
d:\opencv4workflow\opencv4workflow\qplugins\imageprocess\cropimage\x64\release\qt\moc\moc_qgraphicsviews.cpp
d:\opencv4workflow\opencv4workflow\qplugins\imageprocess\cropimage\x64\release\qt\moc\moc_qgraphicsscenes.cpp
d:\opencv4workflow\opencv4workflow\qplugins\imageprocess\cropimage\x64\release\qt\moc\moc_imageitem.cpp
d:\opencv4workflow\opencv4workflow\qplugins\imageprocess\cropimage\x64\release\qt\moc\moc_baseitem.cpp
d:\opencv4workflow\opencv4workflow\qplugins\imageprocess\cropimage\x64\release\qt\moc\moc_controlitem.cpp
d:\opencv4workflow\opencv4workflow\qplugins\imageprocess\cropimage\x64\release\qt\moc\moc_cropimage.cpp
g:\qmacvisual(cv3)(25000)\qmacvisual(cv3)2022.9.21(25000)\qmacvisual(cv3)\qsoftexe\release\plugins\cropimage.dll
g:\qmacvisual(cv3)(25000)\qmacvisual(cv3)2022.9.21(25000)\qmacvisual(cv3)\qsoftexe\release\plugins\cropimage.lib
g:\qmacvisual(cv3)(25000)\qmacvisual(cv3)2022.9.21(25000)\qmacvisual(cv3)\qsoftexe\release\plugins\cropimage.exp
d:\opencv4workflow\opencv4workflow\qplugins\imageprocess\cropimage\x64\release\baseitem.obj
d:\opencv4workflow\opencv4workflow\qplugins\imageprocess\cropimage\x64\release\controlitem.obj
d:\opencv4workflow\opencv4workflow\qplugins\imageprocess\cropimage\x64\release\cropimage.obj
d:\opencv4workflow\opencv4workflow\qplugins\imageprocess\cropimage\x64\release\frmcropimage.obj
d:\opencv4workflow\opencv4workflow\qplugins\imageprocess\cropimage\x64\release\imageitem.obj
d:\opencv4workflow\opencv4workflow\qplugins\imageprocess\cropimage\x64\release\moc_baseitem.obj
d:\opencv4workflow\opencv4workflow\qplugins\imageprocess\cropimage\x64\release\moc_controlitem.obj
d:\opencv4workflow\opencv4workflow\qplugins\imageprocess\cropimage\x64\release\moc_cropimage.obj
d:\opencv4workflow\opencv4workflow\qplugins\imageprocess\cropimage\x64\release\moc_frmcropimage.obj
d:\opencv4workflow\opencv4workflow\qplugins\imageprocess\cropimage\x64\release\moc_imageitem.obj
d:\opencv4workflow\opencv4workflow\qplugins\imageprocess\cropimage\x64\release\moc_mytitlebar.obj
d:\opencv4workflow\opencv4workflow\qplugins\imageprocess\cropimage\x64\release\moc_qgraphicsscenes.obj
d:\opencv4workflow\opencv4workflow\qplugins\imageprocess\cropimage\x64\release\moc_qgraphicsviews.obj
d:\opencv4workflow\opencv4workflow\qplugins\imageprocess\cropimage\x64\release\moc_qtoolbase.obj
d:\opencv4workflow\opencv4workflow\qplugins\imageprocess\cropimage\x64\release\moc_toolnterface.obj
d:\opencv4workflow\opencv4workflow\qplugins\imageprocess\cropimage\x64\release\mytitlebar.obj
d:\opencv4workflow\opencv4workflow\qplugins\imageprocess\cropimage\x64\release\qgraphicsscenes.obj
d:\opencv4workflow\opencv4workflow\qplugins\imageprocess\cropimage\x64\release\qgraphicsviews.obj
d:\opencv4workflow\opencv4workflow\qplugins\imageprocess\cropimage\x64\release\qrc_sub_res.obj
d:\opencv4workflow\opencv4workflow\qplugins\imageprocess\cropimage\x64\release\toolnterface.obj
d:\opencv4workflow\opencv4workflow\qplugins\imageprocess\cropimage\x64\release\vc143.pdb
d:\opencv4workflow\opencv4workflow\qsoftexe\release\plugins\cropimage.dll
d:\opencv4workflow\opencv4workflow\qplugins\imageprocess\cropimage\x64\release\cropimage.tlog\cl.command.1.tlog
d:\opencv4workflow\opencv4workflow\qplugins\imageprocess\cropimage\x64\release\cropimage.tlog\cl.items.tlog
d:\opencv4workflow\opencv4workflow\qplugins\imageprocess\cropimage\x64\release\cropimage.tlog\cl.read.1.tlog
d:\opencv4workflow\opencv4workflow\qplugins\imageprocess\cropimage\x64\release\cropimage.tlog\cl.write.1.tlog
d:\opencv4workflow\opencv4workflow\qplugins\imageprocess\cropimage\x64\release\cropimage.tlog\cropimage.write.1u.tlog
d:\opencv4workflow\opencv4workflow\qplugins\imageprocess\cropimage\x64\release\cropimage.tlog\link.command.1.tlog
d:\opencv4workflow\opencv4workflow\qplugins\imageprocess\cropimage\x64\release\cropimage.tlog\link.read.1.tlog
d:\opencv4workflow\opencv4workflow\qplugins\imageprocess\cropimage\x64\release\cropimage.tlog\link.secondary.1.tlog
d:\opencv4workflow\opencv4workflow\qplugins\imageprocess\cropimage\x64\release\cropimage.tlog\link.write.1.tlog
d:\opencv4workflow\opencv4workflow\qplugins\imageprocess\cropimage\x64\release\cropimage.tlog\moc.read.1u.tlog
d:\opencv4workflow\opencv4workflow\qplugins\imageprocess\cropimage\x64\release\cropimage.tlog\moc.write.1u.tlog
d:\opencv4workflow\opencv4workflow\qplugins\imageprocess\cropimage\x64\release\cropimage.tlog\rcc.read.1u.tlog
d:\opencv4workflow\opencv4workflow\qplugins\imageprocess\cropimage\x64\release\cropimage.tlog\rcc.write.1u.tlog
d:\opencv4workflow\opencv4workflow\qplugins\imageprocess\cropimage\x64\release\cropimage.tlog\uic.read.1u.tlog
d:\opencv4workflow\opencv4workflow\qplugins\imageprocess\cropimage\x64\release\cropimage.tlog\uic.write.1u.tlog
