   Qt/MSBuild: 3.4.1.0
  Reading Qt configuration (E:/Qt/Qt5.14.2/5.14.2/msvc2017_64/bin/qmake)
   Qt: 5.14.2
  uic frmCropImage.ui
  rcc sub_res.qrc
  moc Toolnterface.h
  moc QToolBase.h
  moc mytitlebar.h
  moc frmCropImage.h
  moc QGraphicsViews.h
  moc QGraphicsScenes.h
  moc ImageItem.h
  moc BaseItem.h
  moc ControlItem.h
  moc CropImage.h
  frmCropImage.cpp
  ImageItem.cpp
  mytitlebar.cpp
  QGraphicsScenes.cpp
  QGraphicsViews.cpp
  Toolnterface.cpp
  BaseItem.cpp
  ControlItem.cpp
  CropImage.cpp
  qrc_sub_res.cpp
  moc_Toolnterface.cpp
  moc_QToolBase.cpp
  moc_mytitlebar.cpp
  moc_frmCropImage.cpp
  moc_QGraphicsViews.cpp
  moc_QGraphicsScenes.cpp
  moc_ImageItem.cpp
  moc_BaseItem.cpp
  moc_ControlItem.cpp
  moc_CropImage.cpp
    正在创建库 ../../../QSoftExe/Release/Plugins/CropImage.lib 和对象 ../../../QSoftExe/Release/Plugins/CropImage.exp
  CropImage.vcxproj -> D:\opencv4workflow\opencv4workflow\QSoftExe\Release\Plugins\CropImage.dll
