   Qt/MSBuild: 3.4.1.0
  Reading Qt configuration (E:/Qt/Qt5.14.2/5.14.2/msvc2017_64/bin/qmake)
   Qt: 5.14.2
  uic frmLogicJudge.ui
  rcc sub_res.qrc
  moc QToolBase.h
  moc Toolnterface.h
  moc frmLogicJudge.h
  moc mytitlebar.h
  moc LogicJudge.h
  frmLogicJudge.cpp
  mytitlebar.cpp
  Toolnterface.cpp
  LogicJudge.cpp
  qrc_sub_res.cpp
  moc_QToolBase.cpp
  moc_Toolnterface.cpp
  moc_frmLogicJudge.cpp
  moc_mytitlebar.cpp
  moc_LogicJudge.cpp
    正在创建库 ../../../QSoftExe/Release/Plugins/LogicJudge.lib 和对象 ../../../QSoftExe/Release/Plugins/LogicJudge.exp
  LogicJudge.vcxproj -> G:\QMacVisual(CV3)(25000)\QMacVisual(CV3)2022.9.21(25000)\QMacVisual(CV3)\QSoftExe\Release\Plugins\LogicJudge.dll
