   Qt/MSBuild: 3.4.1.0
  Reading Qt configuration (C:/Qt/Qt5.14.2/5.14.2/msvc2017_64/bin/qmake)
   Qt: 5.14.2
  uic frmFlatness.ui
  rcc sub_res.qrc
  moc Toolnterface.h
  moc QToolBase.h
  moc frmFlatness.h
  moc mytitlebar.h
  moc Flatness.h
  frmFlatness.cpp
  mytitlebar.cpp
  Toolnterface.cpp
  Flatness.cpp
  qrc_sub_res.cpp
  moc_Toolnterface.cpp
  moc_QToolBase.cpp
  moc_frmFlatness.cpp
  moc_mytitlebar.cpp
  moc_Flatness.cpp
    正在创建库 ../../../QSoftExe/Release/Plugins/Flatness.lib 和对象 ../../../QSoftExe/Release/Plugins/Flatness.exp
  Flatness.vcxproj -> G:\QMacVisual(CV3)(25000)\QMacVisual(CV3)2022.9.21(25000)\QMacVisual(CV3)\QSoftExe\Release\Plugins\Flatness.dll
