d:\opencv4workflow\opencv4workflow\qplugins\logicaltools\logicjudge\x64\debug\vc143.pdb
d:\opencv4workflow\opencv4workflow\qplugins\logicaltools\logicjudge\x64\debug\qrc_sub_res.obj
d:\opencv4workflow\opencv4workflow\qplugins\logicaltools\logicjudge\x64\debug\logicjudge.obj
d:\opencv4workflow\opencv4workflow\qplugins\logicaltools\logicjudge\x64\debug\mytitlebar.obj
d:\opencv4workflow\opencv4workflow\qplugins\logicaltools\logicjudge\x64\debug\toolnterface.obj
d:\opencv4workflow\opencv4workflow\qplugins\logicaltools\logicjudge\x64\debug\frmlogicjudge.obj
d:\opencv4workflow\opencv4workflow\qplugins\logicaltools\logicjudge\x64\debug\moc_logicjudge.obj
d:\opencv4workflow\opencv4workflow\qplugins\logicaltools\logicjudge\x64\debug\moc_toolnterface.obj
d:\opencv4workflow\opencv4workflow\qplugins\logicaltools\logicjudge\x64\debug\moc_qtoolbase.obj
d:\opencv4workflow\opencv4workflow\qplugins\logicaltools\logicjudge\x64\debug\moc_mytitlebar.obj
d:\opencv4workflow\opencv4workflow\qplugins\logicaltools\logicjudge\x64\debug\moc_frmlogicjudge.obj
d:\opencv4workflow\opencv4workflow\qsoftexe\debug\plugins\logicjudge.dll
d:\opencv4workflow\opencv4workflow\qsoftexe\debug\plugins\logicjudge.pdb
d:\opencv4workflow\opencv4workflow\qplugins\logicaltools\logicjudge\x64\debug\qt\uic\ui_frmlogicjudge.h
d:\opencv4workflow\opencv4workflow\qplugins\logicaltools\logicjudge\x64\debug\qt\rcc\qrc_sub_res.cpp
d:\opencv4workflow\opencv4workflow\qplugins\logicaltools\logicjudge\x64\debug\qt\moc\moc_qtoolbase.cpp
d:\opencv4workflow\opencv4workflow\qplugins\logicaltools\logicjudge\x64\debug\qt\moc\moc_toolnterface.cpp
d:\opencv4workflow\opencv4workflow\qplugins\logicaltools\logicjudge\x64\debug\qt\moc\moc_frmlogicjudge.cpp
d:\opencv4workflow\opencv4workflow\qplugins\logicaltools\logicjudge\x64\debug\qt\moc\moc_mytitlebar.cpp
d:\opencv4workflow\opencv4workflow\qplugins\logicaltools\logicjudge\x64\debug\qt\moc\moc_logicjudge.cpp
g:\qmacvisual(cv3)(25000)\qmacvisual(cv3)2022.9.21(25000)\qmacvisual(cv3)\qplugins\logicaltools\logicjudge\x64\debug\qt\uic\ui_frmlogicjudge.h
g:\qmacvisual(cv3)(25000)\qmacvisual(cv3)2022.9.21(25000)\qmacvisual(cv3)\qplugins\logicaltools\logicjudge\x64\debug\qt\rcc\qrc_sub_res.cpp
g:\qmacvisual(cv3)(25000)\qmacvisual(cv3)2022.9.21(25000)\qmacvisual(cv3)\qplugins\logicaltools\logicjudge\x64\debug\qt\moc\moc_qtoolbase.cpp
g:\qmacvisual(cv3)(25000)\qmacvisual(cv3)2022.9.21(25000)\qmacvisual(cv3)\qplugins\logicaltools\logicjudge\x64\debug\qt\moc\moc_toolnterface.cpp
g:\qmacvisual(cv3)(25000)\qmacvisual(cv3)2022.9.21(25000)\qmacvisual(cv3)\qplugins\logicaltools\logicjudge\x64\debug\qt\moc\moc_frmlogicjudge.cpp
g:\qmacvisual(cv3)(25000)\qmacvisual(cv3)2022.9.21(25000)\qmacvisual(cv3)\qplugins\logicaltools\logicjudge\x64\debug\qt\moc\moc_mytitlebar.cpp
g:\qmacvisual(cv3)(25000)\qmacvisual(cv3)2022.9.21(25000)\qmacvisual(cv3)\qplugins\logicaltools\logicjudge\x64\debug\qt\moc\moc_logicjudge.cpp
d:\opencv4workflow\opencv4workflow\qsoftexe\debug\plugins\logicjudge.lib
d:\opencv4workflow\opencv4workflow\qsoftexe\debug\plugins\logicjudge.exp
d:\opencv4workflow\opencv4workflow\qsoftexe\debug\plugins\logicjudge.ilk
g:\qmacvisual(cv3)(25000)\qmacvisual(cv3)2022.9.21(25000)\qmacvisual(cv3)\qplugins\logicaltools\logicjudge\x64\debug\frmlogicjudge.obj
g:\qmacvisual(cv3)(25000)\qmacvisual(cv3)2022.9.21(25000)\qmacvisual(cv3)\qplugins\logicaltools\logicjudge\x64\debug\logicjudge.obj
g:\qmacvisual(cv3)(25000)\qmacvisual(cv3)2022.9.21(25000)\qmacvisual(cv3)\qplugins\logicaltools\logicjudge\x64\debug\moc_frmlogicjudge.obj
g:\qmacvisual(cv3)(25000)\qmacvisual(cv3)2022.9.21(25000)\qmacvisual(cv3)\qplugins\logicaltools\logicjudge\x64\debug\moc_logicjudge.obj
g:\qmacvisual(cv3)(25000)\qmacvisual(cv3)2022.9.21(25000)\qmacvisual(cv3)\qplugins\logicaltools\logicjudge\x64\debug\moc_mytitlebar.obj
g:\qmacvisual(cv3)(25000)\qmacvisual(cv3)2022.9.21(25000)\qmacvisual(cv3)\qplugins\logicaltools\logicjudge\x64\debug\moc_qtoolbase.obj
g:\qmacvisual(cv3)(25000)\qmacvisual(cv3)2022.9.21(25000)\qmacvisual(cv3)\qplugins\logicaltools\logicjudge\x64\debug\moc_toolnterface.obj
g:\qmacvisual(cv3)(25000)\qmacvisual(cv3)2022.9.21(25000)\qmacvisual(cv3)\qplugins\logicaltools\logicjudge\x64\debug\mytitlebar.obj
g:\qmacvisual(cv3)(25000)\qmacvisual(cv3)2022.9.21(25000)\qmacvisual(cv3)\qplugins\logicaltools\logicjudge\x64\debug\qrc_sub_res.obj
g:\qmacvisual(cv3)(25000)\qmacvisual(cv3)2022.9.21(25000)\qmacvisual(cv3)\qplugins\logicaltools\logicjudge\x64\debug\toolnterface.obj
g:\qmacvisual(cv3)(25000)\qmacvisual(cv3)2022.9.21(25000)\qmacvisual(cv3)\qplugins\logicaltools\logicjudge\x64\debug\vc143.pdb
g:\qmacvisual(cv3)(25000)\qmacvisual(cv3)2022.9.21(25000)\qmacvisual(cv3)\qsoftexe\debug\plugins\logicjudge.dll
g:\qmacvisual(cv3)(25000)\qmacvisual(cv3)2022.9.21(25000)\qmacvisual(cv3)\qplugins\logicaltools\logicjudge\x64\debug\logicjudge.tlog\cl.command.1.tlog
g:\qmacvisual(cv3)(25000)\qmacvisual(cv3)2022.9.21(25000)\qmacvisual(cv3)\qplugins\logicaltools\logicjudge\x64\debug\logicjudge.tlog\cl.items.tlog
g:\qmacvisual(cv3)(25000)\qmacvisual(cv3)2022.9.21(25000)\qmacvisual(cv3)\qplugins\logicaltools\logicjudge\x64\debug\logicjudge.tlog\cl.read.1.tlog
g:\qmacvisual(cv3)(25000)\qmacvisual(cv3)2022.9.21(25000)\qmacvisual(cv3)\qplugins\logicaltools\logicjudge\x64\debug\logicjudge.tlog\cl.write.1.tlog
g:\qmacvisual(cv3)(25000)\qmacvisual(cv3)2022.9.21(25000)\qmacvisual(cv3)\qplugins\logicaltools\logicjudge\x64\debug\logicjudge.tlog\link.command.1.tlog
g:\qmacvisual(cv3)(25000)\qmacvisual(cv3)2022.9.21(25000)\qmacvisual(cv3)\qplugins\logicaltools\logicjudge\x64\debug\logicjudge.tlog\link.read.1.tlog
g:\qmacvisual(cv3)(25000)\qmacvisual(cv3)2022.9.21(25000)\qmacvisual(cv3)\qplugins\logicaltools\logicjudge\x64\debug\logicjudge.tlog\link.secondary.1.tlog
g:\qmacvisual(cv3)(25000)\qmacvisual(cv3)2022.9.21(25000)\qmacvisual(cv3)\qplugins\logicaltools\logicjudge\x64\debug\logicjudge.tlog\link.write.1.tlog
g:\qmacvisual(cv3)(25000)\qmacvisual(cv3)2022.9.21(25000)\qmacvisual(cv3)\qplugins\logicaltools\logicjudge\x64\debug\logicjudge.tlog\logicjudge.write.1u.tlog
g:\qmacvisual(cv3)(25000)\qmacvisual(cv3)2022.9.21(25000)\qmacvisual(cv3)\qplugins\logicaltools\logicjudge\x64\debug\logicjudge.tlog\moc.read.1u.tlog
g:\qmacvisual(cv3)(25000)\qmacvisual(cv3)2022.9.21(25000)\qmacvisual(cv3)\qplugins\logicaltools\logicjudge\x64\debug\logicjudge.tlog\moc.write.1u.tlog
g:\qmacvisual(cv3)(25000)\qmacvisual(cv3)2022.9.21(25000)\qmacvisual(cv3)\qplugins\logicaltools\logicjudge\x64\debug\logicjudge.tlog\rcc.read.1u.tlog
g:\qmacvisual(cv3)(25000)\qmacvisual(cv3)2022.9.21(25000)\qmacvisual(cv3)\qplugins\logicaltools\logicjudge\x64\debug\logicjudge.tlog\rcc.write.1u.tlog
g:\qmacvisual(cv3)(25000)\qmacvisual(cv3)2022.9.21(25000)\qmacvisual(cv3)\qplugins\logicaltools\logicjudge\x64\debug\logicjudge.tlog\uic.read.1u.tlog
g:\qmacvisual(cv3)(25000)\qmacvisual(cv3)2022.9.21(25000)\qmacvisual(cv3)\qplugins\logicaltools\logicjudge\x64\debug\logicjudge.tlog\uic.write.1u.tlog
