g:\qmacvisual(cv3)(25000)\qmacvisual(cv3)2022.9.21(25000)\qmacvisual(cv3)\qplugins\geometrymeasure\linelinei\x64\debug\vc143.pdb
g:\qmacvisual(cv3)(25000)\qmacvisual(cv3)2022.9.21(25000)\qmacvisual(cv3)\qplugins\geometrymeasure\linelinei\x64\debug\qrc_sub_res.obj
g:\qmacvisual(cv3)(25000)\qmacvisual(cv3)2022.9.21(25000)\qmacvisual(cv3)\qplugins\geometrymeasure\linelinei\x64\debug\qgraphicsscenes.obj
g:\qmacvisual(cv3)(25000)\qmacvisual(cv3)2022.9.21(25000)\qmacvisual(cv3)\qplugins\geometrymeasure\linelinei\x64\debug\controlitem.obj
g:\qmacvisual(cv3)(25000)\qmacvisual(cv3)2022.9.21(25000)\qmacvisual(cv3)\qplugins\geometrymeasure\linelinei\x64\debug\imageitem.obj
g:\qmacvisual(cv3)(25000)\qmacvisual(cv3)2022.9.21(25000)\qmacvisual(cv3)\qplugins\geometrymeasure\linelinei\x64\debug\qgraphicsviews.obj
g:\qmacvisual(cv3)(25000)\qmacvisual(cv3)2022.9.21(25000)\qmacvisual(cv3)\qplugins\geometrymeasure\linelinei\x64\debug\linelinei.obj
g:\qmacvisual(cv3)(25000)\qmacvisual(cv3)2022.9.21(25000)\qmacvisual(cv3)\qplugins\geometrymeasure\linelinei\x64\debug\mytitlebar.obj
g:\qmacvisual(cv3)(25000)\qmacvisual(cv3)2022.9.21(25000)\qmacvisual(cv3)\qplugins\geometrymeasure\linelinei\x64\debug\frmlinelinei.obj
g:\qmacvisual(cv3)(25000)\qmacvisual(cv3)2022.9.21(25000)\qmacvisual(cv3)\qplugins\geometrymeasure\linelinei\x64\debug\toolnterface.obj
g:\qmacvisual(cv3)(25000)\qmacvisual(cv3)2022.9.21(25000)\qmacvisual(cv3)\qplugins\geometrymeasure\linelinei\x64\debug\baseitem.obj
g:\qmacvisual(cv3)(25000)\qmacvisual(cv3)2022.9.21(25000)\qmacvisual(cv3)\qplugins\geometrymeasure\linelinei\x64\debug\moc_imageitem.obj
g:\qmacvisual(cv3)(25000)\qmacvisual(cv3)2022.9.21(25000)\qmacvisual(cv3)\qplugins\geometrymeasure\linelinei\x64\debug\moc_qgraphicsscenes.obj
g:\qmacvisual(cv3)(25000)\qmacvisual(cv3)2022.9.21(25000)\qmacvisual(cv3)\qplugins\geometrymeasure\linelinei\x64\debug\moc_qtoolbase.obj
g:\qmacvisual(cv3)(25000)\qmacvisual(cv3)2022.9.21(25000)\qmacvisual(cv3)\qplugins\geometrymeasure\linelinei\x64\debug\moc_mytitlebar.obj
g:\qmacvisual(cv3)(25000)\qmacvisual(cv3)2022.9.21(25000)\qmacvisual(cv3)\qplugins\geometrymeasure\linelinei\x64\debug\moc_qgraphicsviews.obj
g:\qmacvisual(cv3)(25000)\qmacvisual(cv3)2022.9.21(25000)\qmacvisual(cv3)\qplugins\geometrymeasure\linelinei\x64\debug\moc_linelinei.obj
g:\qmacvisual(cv3)(25000)\qmacvisual(cv3)2022.9.21(25000)\qmacvisual(cv3)\qplugins\geometrymeasure\linelinei\x64\debug\moc_baseitem.obj
g:\qmacvisual(cv3)(25000)\qmacvisual(cv3)2022.9.21(25000)\qmacvisual(cv3)\qplugins\geometrymeasure\linelinei\x64\debug\moc_controlitem.obj
g:\qmacvisual(cv3)(25000)\qmacvisual(cv3)2022.9.21(25000)\qmacvisual(cv3)\qplugins\geometrymeasure\linelinei\x64\debug\moc_frmlinelinei.obj
g:\qmacvisual(cv3)(25000)\qmacvisual(cv3)2022.9.21(25000)\qmacvisual(cv3)\qplugins\geometrymeasure\linelinei\x64\debug\moc_toolnterface.obj
g:\qmacvisual(cv3)(25000)\qmacvisual(cv3)2022.9.21(25000)\qmacvisual(cv3)\qplugins\geometrymeasure\linelinei\x64\debug\qt\uic\ui_frmlinelinei.h
g:\qmacvisual(cv3)(25000)\qmacvisual(cv3)2022.9.21(25000)\qmacvisual(cv3)\qplugins\geometrymeasure\linelinei\x64\debug\qt\rcc\qrc_sub_res.cpp
g:\qmacvisual(cv3)(25000)\qmacvisual(cv3)2022.9.21(25000)\qmacvisual(cv3)\qplugins\geometrymeasure\linelinei\x64\debug\qt\moc\moc_toolnterface.cpp
g:\qmacvisual(cv3)(25000)\qmacvisual(cv3)2022.9.21(25000)\qmacvisual(cv3)\qplugins\geometrymeasure\linelinei\x64\debug\qt\moc\moc_qtoolbase.cpp
g:\qmacvisual(cv3)(25000)\qmacvisual(cv3)2022.9.21(25000)\qmacvisual(cv3)\qplugins\geometrymeasure\linelinei\x64\debug\qt\moc\moc_mytitlebar.cpp
g:\qmacvisual(cv3)(25000)\qmacvisual(cv3)2022.9.21(25000)\qmacvisual(cv3)\qplugins\geometrymeasure\linelinei\x64\debug\qt\moc\moc_qgraphicsviews.cpp
g:\qmacvisual(cv3)(25000)\qmacvisual(cv3)2022.9.21(25000)\qmacvisual(cv3)\qplugins\geometrymeasure\linelinei\x64\debug\qt\moc\moc_qgraphicsscenes.cpp
g:\qmacvisual(cv3)(25000)\qmacvisual(cv3)2022.9.21(25000)\qmacvisual(cv3)\qplugins\geometrymeasure\linelinei\x64\debug\qt\moc\moc_baseitem.cpp
g:\qmacvisual(cv3)(25000)\qmacvisual(cv3)2022.9.21(25000)\qmacvisual(cv3)\qplugins\geometrymeasure\linelinei\x64\debug\qt\moc\moc_controlitem.cpp
g:\qmacvisual(cv3)(25000)\qmacvisual(cv3)2022.9.21(25000)\qmacvisual(cv3)\qplugins\geometrymeasure\linelinei\x64\debug\qt\moc\moc_imageitem.cpp
g:\qmacvisual(cv3)(25000)\qmacvisual(cv3)2022.9.21(25000)\qmacvisual(cv3)\qplugins\geometrymeasure\linelinei\x64\debug\qt\moc\moc_frmlinelinei.cpp
g:\qmacvisual(cv3)(25000)\qmacvisual(cv3)2022.9.21(25000)\qmacvisual(cv3)\qplugins\geometrymeasure\linelinei\x64\debug\qt\moc\moc_linelinei.cpp
g:\qmacvisual(cv3)(25000)\qmacvisual(cv3)2022.9.21(25000)\qmacvisual(cv3)\qsoftexe\debug\plugins\linelinei.dll
g:\qmacvisual(cv3)(25000)\qmacvisual(cv3)2022.9.21(25000)\qmacvisual(cv3)\qsoftexe\debug\plugins\linelinei.pdb
g:\qmacvisual(cv3)(25000)\qmacvisual(cv3)2022.9.21(25000)\qmacvisual(cv3)\qsoftexe\debug\plugins\linelinei.lib
g:\qmacvisual(cv3)(25000)\qmacvisual(cv3)2022.9.21(25000)\qmacvisual(cv3)\qsoftexe\debug\plugins\linelinei.exp
g:\qmacvisual(cv3)(25000)\qmacvisual(cv3)2022.9.21(25000)\qmacvisual(cv3)\qsoftexe\debug\plugins\linelinei.ilk
g:\qmacvisual(cv3)(25000)\qmacvisual(cv3)2022.9.21(25000)\qmacvisual(cv3)\qplugins\geometrymeasure\linelinei\x64\debug\vc142.pdb
g:\qmacvisual(cv3)(25000)\qmacvisual(cv3)2022.9.21(25000)\qmacvisual(cv3)\qplugins\geometrymeasure\linelinei\x64\debug\linelinei.tlog\cl.command.1.tlog
g:\qmacvisual(cv3)(25000)\qmacvisual(cv3)2022.9.21(25000)\qmacvisual(cv3)\qplugins\geometrymeasure\linelinei\x64\debug\linelinei.tlog\cl.items.tlog
g:\qmacvisual(cv3)(25000)\qmacvisual(cv3)2022.9.21(25000)\qmacvisual(cv3)\qplugins\geometrymeasure\linelinei\x64\debug\linelinei.tlog\cl.read.1.tlog
g:\qmacvisual(cv3)(25000)\qmacvisual(cv3)2022.9.21(25000)\qmacvisual(cv3)\qplugins\geometrymeasure\linelinei\x64\debug\linelinei.tlog\cl.write.1.tlog
g:\qmacvisual(cv3)(25000)\qmacvisual(cv3)2022.9.21(25000)\qmacvisual(cv3)\qplugins\geometrymeasure\linelinei\x64\debug\linelinei.tlog\linelinei.write.1u.tlog
g:\qmacvisual(cv3)(25000)\qmacvisual(cv3)2022.9.21(25000)\qmacvisual(cv3)\qplugins\geometrymeasure\linelinei\x64\debug\linelinei.tlog\link.command.1.tlog
g:\qmacvisual(cv3)(25000)\qmacvisual(cv3)2022.9.21(25000)\qmacvisual(cv3)\qplugins\geometrymeasure\linelinei\x64\debug\linelinei.tlog\link.read.1.tlog
g:\qmacvisual(cv3)(25000)\qmacvisual(cv3)2022.9.21(25000)\qmacvisual(cv3)\qplugins\geometrymeasure\linelinei\x64\debug\linelinei.tlog\link.secondary.1.tlog
g:\qmacvisual(cv3)(25000)\qmacvisual(cv3)2022.9.21(25000)\qmacvisual(cv3)\qplugins\geometrymeasure\linelinei\x64\debug\linelinei.tlog\link.write.1.tlog
g:\qmacvisual(cv3)(25000)\qmacvisual(cv3)2022.9.21(25000)\qmacvisual(cv3)\qplugins\geometrymeasure\linelinei\x64\debug\linelinei.tlog\moc.read.1u.tlog
g:\qmacvisual(cv3)(25000)\qmacvisual(cv3)2022.9.21(25000)\qmacvisual(cv3)\qplugins\geometrymeasure\linelinei\x64\debug\linelinei.tlog\moc.write.1u.tlog
g:\qmacvisual(cv3)(25000)\qmacvisual(cv3)2022.9.21(25000)\qmacvisual(cv3)\qplugins\geometrymeasure\linelinei\x64\debug\linelinei.tlog\rcc.read.1u.tlog
g:\qmacvisual(cv3)(25000)\qmacvisual(cv3)2022.9.21(25000)\qmacvisual(cv3)\qplugins\geometrymeasure\linelinei\x64\debug\linelinei.tlog\rcc.write.1u.tlog
g:\qmacvisual(cv3)(25000)\qmacvisual(cv3)2022.9.21(25000)\qmacvisual(cv3)\qplugins\geometrymeasure\linelinei\x64\debug\linelinei.tlog\uic.read.1u.tlog
g:\qmacvisual(cv3)(25000)\qmacvisual(cv3)2022.9.21(25000)\qmacvisual(cv3)\qplugins\geometrymeasure\linelinei\x64\debug\linelinei.tlog\uic.write.1u.tlog
