g:\qmacvisual(cv3)(25000)\qmacvisual(cv3)2022.9.21(25000)\qmacvisual(cv3)\qplugins\imageprocess\perspectivetransform\x64\debug\vc143.pdb
g:\qmacvisual(cv3)(25000)\qmacvisual(cv3)2022.9.21(25000)\qmacvisual(cv3)\qplugins\imageprocess\perspectivetransform\x64\debug\qrc_sub_res.obj
g:\qmacvisual(cv3)(25000)\qmacvisual(cv3)2022.9.21(25000)\qmacvisual(cv3)\qplugins\imageprocess\perspectivetransform\x64\debug\qgraphicsviews.obj
g:\qmacvisual(cv3)(25000)\qmacvisual(cv3)2022.9.21(25000)\qmacvisual(cv3)\qplugins\imageprocess\perspectivetransform\x64\debug\controlitem.obj
g:\qmacvisual(cv3)(25000)\qmacvisual(cv3)2022.9.21(25000)\qmacvisual(cv3)\qplugins\imageprocess\perspectivetransform\x64\debug\baseitem.obj
g:\qmacvisual(cv3)(25000)\qmacvisual(cv3)2022.9.21(25000)\qmacvisual(cv3)\qplugins\imageprocess\perspectivetransform\x64\debug\toolnterface.obj
g:\qmacvisual(cv3)(25000)\qmacvisual(cv3)2022.9.21(25000)\qmacvisual(cv3)\qplugins\imageprocess\perspectivetransform\x64\debug\frmperspectivetransform.obj
g:\qmacvisual(cv3)(25000)\qmacvisual(cv3)2022.9.21(25000)\qmacvisual(cv3)\qplugins\imageprocess\perspectivetransform\x64\debug\qgraphicsscenes.obj
g:\qmacvisual(cv3)(25000)\qmacvisual(cv3)2022.9.21(25000)\qmacvisual(cv3)\qplugins\imageprocess\perspectivetransform\x64\debug\imageitem.obj
g:\qmacvisual(cv3)(25000)\qmacvisual(cv3)2022.9.21(25000)\qmacvisual(cv3)\qplugins\imageprocess\perspectivetransform\x64\debug\mytitlebar.obj
g:\qmacvisual(cv3)(25000)\qmacvisual(cv3)2022.9.21(25000)\qmacvisual(cv3)\qplugins\imageprocess\perspectivetransform\x64\debug\perspectivetransform.obj
g:\qmacvisual(cv3)(25000)\qmacvisual(cv3)2022.9.21(25000)\qmacvisual(cv3)\qplugins\imageprocess\perspectivetransform\x64\debug\moc_qgraphicsviews.obj
g:\qmacvisual(cv3)(25000)\qmacvisual(cv3)2022.9.21(25000)\qmacvisual(cv3)\qplugins\imageprocess\perspectivetransform\x64\debug\moc_mytitlebar.obj
g:\qmacvisual(cv3)(25000)\qmacvisual(cv3)2022.9.21(25000)\qmacvisual(cv3)\qplugins\imageprocess\perspectivetransform\x64\debug\moc_baseitem.obj
g:\qmacvisual(cv3)(25000)\qmacvisual(cv3)2022.9.21(25000)\qmacvisual(cv3)\qplugins\imageprocess\perspectivetransform\x64\debug\moc_imageitem.obj
g:\qmacvisual(cv3)(25000)\qmacvisual(cv3)2022.9.21(25000)\qmacvisual(cv3)\qplugins\imageprocess\perspectivetransform\x64\debug\moc_qtoolbase.obj
g:\qmacvisual(cv3)(25000)\qmacvisual(cv3)2022.9.21(25000)\qmacvisual(cv3)\qplugins\imageprocess\perspectivetransform\x64\debug\moc_qgraphicsscenes.obj
g:\qmacvisual(cv3)(25000)\qmacvisual(cv3)2022.9.21(25000)\qmacvisual(cv3)\qplugins\imageprocess\perspectivetransform\x64\debug\moc_frmperspectivetransform.obj
g:\qmacvisual(cv3)(25000)\qmacvisual(cv3)2022.9.21(25000)\qmacvisual(cv3)\qplugins\imageprocess\perspectivetransform\x64\debug\moc_toolnterface.obj
g:\qmacvisual(cv3)(25000)\qmacvisual(cv3)2022.9.21(25000)\qmacvisual(cv3)\qplugins\imageprocess\perspectivetransform\x64\debug\moc_controlitem.obj
g:\qmacvisual(cv3)(25000)\qmacvisual(cv3)2022.9.21(25000)\qmacvisual(cv3)\qplugins\imageprocess\perspectivetransform\x64\debug\moc_perspectivetransform.obj
g:\qmacvisual(cv3)(25000)\qmacvisual(cv3)2022.9.21(25000)\qmacvisual(cv3)\qsoftexe\debug\plugins\perspectivetransform.dll
g:\qmacvisual(cv3)(25000)\qmacvisual(cv3)2022.9.21(25000)\qmacvisual(cv3)\qsoftexe\debug\plugins\perspectivetransform.pdb
g:\qmacvisual(cv3)(25000)\qmacvisual(cv3)2022.9.21(25000)\qmacvisual(cv3)\qplugins\imageprocess\perspectivetransform\x64\debug\qt\moc\moc_toolnterface.cpp
g:\qmacvisual(cv3)(25000)\qmacvisual(cv3)2022.9.21(25000)\qmacvisual(cv3)\qplugins\imageprocess\perspectivetransform\x64\debug\qt\moc\moc_qtoolbase.cpp
g:\qmacvisual(cv3)(25000)\qmacvisual(cv3)2022.9.21(25000)\qmacvisual(cv3)\qplugins\imageprocess\perspectivetransform\x64\debug\qt\moc\moc_qgraphicsviews.cpp
g:\qmacvisual(cv3)(25000)\qmacvisual(cv3)2022.9.21(25000)\qmacvisual(cv3)\qplugins\imageprocess\perspectivetransform\x64\debug\qt\moc\moc_qgraphicsscenes.cpp
g:\qmacvisual(cv3)(25000)\qmacvisual(cv3)2022.9.21(25000)\qmacvisual(cv3)\qplugins\imageprocess\perspectivetransform\x64\debug\qt\moc\moc_baseitem.cpp
g:\qmacvisual(cv3)(25000)\qmacvisual(cv3)2022.9.21(25000)\qmacvisual(cv3)\qplugins\imageprocess\perspectivetransform\x64\debug\qt\moc\moc_controlitem.cpp
g:\qmacvisual(cv3)(25000)\qmacvisual(cv3)2022.9.21(25000)\qmacvisual(cv3)\qplugins\imageprocess\perspectivetransform\x64\debug\qt\moc\moc_imageitem.cpp
g:\qmacvisual(cv3)(25000)\qmacvisual(cv3)2022.9.21(25000)\qmacvisual(cv3)\qplugins\imageprocess\perspectivetransform\x64\debug\qt\moc\moc_frmperspectivetransform.cpp
g:\qmacvisual(cv3)(25000)\qmacvisual(cv3)2022.9.21(25000)\qmacvisual(cv3)\qplugins\imageprocess\perspectivetransform\x64\debug\qt\moc\moc_mytitlebar.cpp
g:\qmacvisual(cv3)(25000)\qmacvisual(cv3)2022.9.21(25000)\qmacvisual(cv3)\qplugins\imageprocess\perspectivetransform\x64\debug\qt\moc\moc_perspectivetransform.cpp
g:\qmacvisual(cv3)(25000)\qmacvisual(cv3)2022.9.21(25000)\qmacvisual(cv3)\qplugins\imageprocess\perspectivetransform\x64\debug\qt\uic\ui_frmperspectivetransform.h
g:\qmacvisual(cv3)(25000)\qmacvisual(cv3)2022.9.21(25000)\qmacvisual(cv3)\qplugins\imageprocess\perspectivetransform\x64\debug\qt\rcc\qrc_sub_res.cpp
d:\opencv4workflow\opencv4workflow\qplugins\imageprocess\perspectivetransform\x64\debug\qt\uic\ui_frmperspectivetransform.h
d:\opencv4workflow\opencv4workflow\qplugins\imageprocess\perspectivetransform\x64\debug\qt\rcc\qrc_sub_res.cpp
d:\opencv4workflow\opencv4workflow\qplugins\imageprocess\perspectivetransform\x64\debug\qt\moc\moc_toolnterface.cpp
d:\opencv4workflow\opencv4workflow\qplugins\imageprocess\perspectivetransform\x64\debug\qt\moc\moc_qtoolbase.cpp
d:\opencv4workflow\opencv4workflow\qplugins\imageprocess\perspectivetransform\x64\debug\qt\moc\moc_qgraphicsviews.cpp
d:\opencv4workflow\opencv4workflow\qplugins\imageprocess\perspectivetransform\x64\debug\qt\moc\moc_qgraphicsscenes.cpp
d:\opencv4workflow\opencv4workflow\qplugins\imageprocess\perspectivetransform\x64\debug\qt\moc\moc_baseitem.cpp
d:\opencv4workflow\opencv4workflow\qplugins\imageprocess\perspectivetransform\x64\debug\qt\moc\moc_controlitem.cpp
d:\opencv4workflow\opencv4workflow\qplugins\imageprocess\perspectivetransform\x64\debug\qt\moc\moc_imageitem.cpp
d:\opencv4workflow\opencv4workflow\qplugins\imageprocess\perspectivetransform\x64\debug\qt\moc\moc_frmperspectivetransform.cpp
d:\opencv4workflow\opencv4workflow\qplugins\imageprocess\perspectivetransform\x64\debug\qt\moc\moc_mytitlebar.cpp
d:\opencv4workflow\opencv4workflow\qplugins\imageprocess\perspectivetransform\x64\debug\qt\moc\moc_perspectivetransform.cpp
g:\qmacvisual(cv3)(25000)\qmacvisual(cv3)2022.9.21(25000)\qmacvisual(cv3)\qsoftexe\debug\plugins\perspectivetransform.lib
g:\qmacvisual(cv3)(25000)\qmacvisual(cv3)2022.9.21(25000)\qmacvisual(cv3)\qsoftexe\debug\plugins\perspectivetransform.exp
g:\qmacvisual(cv3)(25000)\qmacvisual(cv3)2022.9.21(25000)\qmacvisual(cv3)\qsoftexe\debug\plugins\perspectivetransform.ilk
d:\opencv4workflow\opencv4workflow\qplugins\imageprocess\perspectivetransform\x64\debug\baseitem.obj
d:\opencv4workflow\opencv4workflow\qplugins\imageprocess\perspectivetransform\x64\debug\controlitem.obj
d:\opencv4workflow\opencv4workflow\qplugins\imageprocess\perspectivetransform\x64\debug\frmperspectivetransform.obj
d:\opencv4workflow\opencv4workflow\qplugins\imageprocess\perspectivetransform\x64\debug\imageitem.obj
d:\opencv4workflow\opencv4workflow\qplugins\imageprocess\perspectivetransform\x64\debug\moc_baseitem.obj
d:\opencv4workflow\opencv4workflow\qplugins\imageprocess\perspectivetransform\x64\debug\moc_controlitem.obj
d:\opencv4workflow\opencv4workflow\qplugins\imageprocess\perspectivetransform\x64\debug\moc_frmperspectivetransform.obj
d:\opencv4workflow\opencv4workflow\qplugins\imageprocess\perspectivetransform\x64\debug\moc_imageitem.obj
d:\opencv4workflow\opencv4workflow\qplugins\imageprocess\perspectivetransform\x64\debug\moc_mytitlebar.obj
d:\opencv4workflow\opencv4workflow\qplugins\imageprocess\perspectivetransform\x64\debug\moc_perspectivetransform.obj
d:\opencv4workflow\opencv4workflow\qplugins\imageprocess\perspectivetransform\x64\debug\moc_qgraphicsscenes.obj
d:\opencv4workflow\opencv4workflow\qplugins\imageprocess\perspectivetransform\x64\debug\moc_qgraphicsviews.obj
d:\opencv4workflow\opencv4workflow\qplugins\imageprocess\perspectivetransform\x64\debug\moc_qtoolbase.obj
d:\opencv4workflow\opencv4workflow\qplugins\imageprocess\perspectivetransform\x64\debug\moc_toolnterface.obj
d:\opencv4workflow\opencv4workflow\qplugins\imageprocess\perspectivetransform\x64\debug\mytitlebar.obj
d:\opencv4workflow\opencv4workflow\qplugins\imageprocess\perspectivetransform\x64\debug\perspectivetransform.obj
d:\opencv4workflow\opencv4workflow\qplugins\imageprocess\perspectivetransform\x64\debug\qgraphicsscenes.obj
d:\opencv4workflow\opencv4workflow\qplugins\imageprocess\perspectivetransform\x64\debug\qgraphicsviews.obj
d:\opencv4workflow\opencv4workflow\qplugins\imageprocess\perspectivetransform\x64\debug\qrc_sub_res.obj
d:\opencv4workflow\opencv4workflow\qplugins\imageprocess\perspectivetransform\x64\debug\toolnterface.obj
d:\opencv4workflow\opencv4workflow\qplugins\imageprocess\perspectivetransform\x64\debug\vc142.pdb
d:\opencv4workflow\opencv4workflow\qplugins\imageprocess\perspectivetransform\x64\debug\vc143.pdb
d:\opencv4workflow\opencv4workflow\qsoftexe\debug\plugins\perspectivetransform.dll
d:\opencv4workflow\opencv4workflow\qplugins\imageprocess\perspectivetransform\x64\debug\perspect.7b6d99d2.tlog\cl.command.1.tlog
d:\opencv4workflow\opencv4workflow\qplugins\imageprocess\perspectivetransform\x64\debug\perspect.7b6d99d2.tlog\cl.items.tlog
d:\opencv4workflow\opencv4workflow\qplugins\imageprocess\perspectivetransform\x64\debug\perspect.7b6d99d2.tlog\cl.read.1.tlog
d:\opencv4workflow\opencv4workflow\qplugins\imageprocess\perspectivetransform\x64\debug\perspect.7b6d99d2.tlog\cl.write.1.tlog
d:\opencv4workflow\opencv4workflow\qplugins\imageprocess\perspectivetransform\x64\debug\perspect.7b6d99d2.tlog\link.command.1.tlog
d:\opencv4workflow\opencv4workflow\qplugins\imageprocess\perspectivetransform\x64\debug\perspect.7b6d99d2.tlog\link.read.1.tlog
d:\opencv4workflow\opencv4workflow\qplugins\imageprocess\perspectivetransform\x64\debug\perspect.7b6d99d2.tlog\link.secondary.1.tlog
d:\opencv4workflow\opencv4workflow\qplugins\imageprocess\perspectivetransform\x64\debug\perspect.7b6d99d2.tlog\link.write.1.tlog
d:\opencv4workflow\opencv4workflow\qplugins\imageprocess\perspectivetransform\x64\debug\perspect.7b6d99d2.tlog\moc.read.1u.tlog
d:\opencv4workflow\opencv4workflow\qplugins\imageprocess\perspectivetransform\x64\debug\perspect.7b6d99d2.tlog\moc.write.1u.tlog
d:\opencv4workflow\opencv4workflow\qplugins\imageprocess\perspectivetransform\x64\debug\perspect.7b6d99d2.tlog\perspectivetransform.write.1u.tlog
d:\opencv4workflow\opencv4workflow\qplugins\imageprocess\perspectivetransform\x64\debug\perspect.7b6d99d2.tlog\rcc.read.1u.tlog
d:\opencv4workflow\opencv4workflow\qplugins\imageprocess\perspectivetransform\x64\debug\perspect.7b6d99d2.tlog\rcc.write.1u.tlog
d:\opencv4workflow\opencv4workflow\qplugins\imageprocess\perspectivetransform\x64\debug\perspect.7b6d99d2.tlog\uic.read.1u.tlog
d:\opencv4workflow\opencv4workflow\qplugins\imageprocess\perspectivetransform\x64\debug\perspect.7b6d99d2.tlog\uic.write.1u.tlog
