d:\opencv4workflow\opencv4workflow\qplugins\geometrymeasure\edgewidthmeasure\x64\debug\vc143.pdb
d:\opencv4workflow\opencv4workflow\qplugins\geometrymeasure\edgewidthmeasure\x64\debug\qrc_sub_res.obj
d:\opencv4workflow\opencv4workflow\qplugins\geometrymeasure\edgewidthmeasure\x64\debug\cvframecontroller.obj
d:\opencv4workflow\opencv4workflow\qplugins\geometrymeasure\edgewidthmeasure\x64\debug\cvmediaplayer.obj
d:\opencv4workflow\opencv4workflow\qplugins\geometrymeasure\edgewidthmeasure\x64\debug\frmedgewidthmeasure.obj
d:\opencv4workflow\opencv4workflow\qplugins\geometrymeasure\edgewidthmeasure\x64\debug\mediacontroller.obj
d:\opencv4workflow\opencv4workflow\qplugins\geometrymeasure\edgewidthmeasure\x64\debug\controlitem.obj
d:\opencv4workflow\opencv4workflow\qplugins\geometrymeasure\edgewidthmeasure\x64\debug\measurecoinservice.obj
d:\opencv4workflow\opencv4workflow\qplugins\geometrymeasure\edgewidthmeasure\x64\debug\measurea4service.obj
d:\opencv4workflow\opencv4workflow\qplugins\geometrymeasure\edgewidthmeasure\x64\debug\cvlineutil.obj
d:\opencv4workflow\opencv4workflow\qplugins\geometrymeasure\edgewidthmeasure\x64\debug\locate.obj
d:\opencv4workflow\opencv4workflow\qplugins\geometrymeasure\edgewidthmeasure\x64\debug\baseitem.obj
d:\opencv4workflow\opencv4workflow\qplugins\geometrymeasure\edgewidthmeasure\x64\debug\imagebaseop.obj
d:\opencv4workflow\opencv4workflow\qplugins\geometrymeasure\edgewidthmeasure\x64\debug\mytitlebar.obj
d:\opencv4workflow\opencv4workflow\qplugins\geometrymeasure\edgewidthmeasure\x64\debug\imageprovider.obj
d:\opencv4workflow\opencv4workflow\qplugins\geometrymeasure\edgewidthmeasure\x64\debug\rice.obj
d:\opencv4workflow\opencv4workflow\qplugins\geometrymeasure\edgewidthmeasure\x64\debug\cvmediaplayerrenderer.obj
d:\opencv4workflow\opencv4workflow\qplugins\geometrymeasure\edgewidthmeasure\x64\debug\filehandler.obj
d:\opencv4workflow\opencv4workflow\qplugins\geometrymeasure\edgewidthmeasure\x64\debug\toolnterface.obj
d:\opencv4workflow\opencv4workflow\qplugins\geometrymeasure\edgewidthmeasure\x64\debug\wipeoffservice.obj
d:\opencv4workflow\opencv4workflow\qplugins\geometrymeasure\edgewidthmeasure\x64\debug\undistortservice.obj
d:\opencv4workflow\opencv4workflow\qplugins\geometrymeasure\edgewidthmeasure\x64\debug\objectlistmodel.obj
d:\opencv4workflow\opencv4workflow\qplugins\geometrymeasure\edgewidthmeasure\x64\debug\qgraphicsviews.obj
d:\opencv4workflow\opencv4workflow\qplugins\geometrymeasure\edgewidthmeasure\x64\debug\find_line.obj
d:\opencv4workflow\opencv4workflow\qplugins\geometrymeasure\edgewidthmeasure\x64\debug\qgraphicsscenes.obj
d:\opencv4workflow\opencv4workflow\qplugins\geometrymeasure\edgewidthmeasure\x64\debug\cvbaseservice.obj
d:\opencv4workflow\opencv4workflow\qplugins\geometrymeasure\edgewidthmeasure\x64\debug\grayservice.obj
d:\opencv4workflow\opencv4workflow\qplugins\geometrymeasure\edgewidthmeasure\x64\debug\cvpointutil.obj
d:\opencv4workflow\opencv4workflow\qplugins\geometrymeasure\edgewidthmeasure\x64\debug\imageitem.obj
d:\opencv4workflow\opencv4workflow\qplugins\geometrymeasure\edgewidthmeasure\x64\debug\edgewidthmeasure.obj
d:\opencv4workflow\opencv4workflow\qplugins\geometrymeasure\edgewidthmeasure\x64\debug\cvimageutil.obj
d:\opencv4workflow\opencv4workflow\qplugins\geometrymeasure\edgewidthmeasure\x64\debug\httpmanager.obj
d:\opencv4workflow\opencv4workflow\qplugins\geometrymeasure\edgewidthmeasure\x64\debug\moc_cvmediaplayer.obj
d:\opencv4workflow\opencv4workflow\qplugins\geometrymeasure\edgewidthmeasure\x64\debug\moc_frmedgewidthmeasure.obj
d:\opencv4workflow\opencv4workflow\qplugins\geometrymeasure\edgewidthmeasure\x64\debug\moc_filehandler.obj
d:\opencv4workflow\opencv4workflow\qplugins\geometrymeasure\edgewidthmeasure\x64\debug\moc_controlitem.obj
d:\opencv4workflow\opencv4workflow\qplugins\geometrymeasure\edgewidthmeasure\x64\debug\moc_toolnterface.obj
d:\opencv4workflow\opencv4workflow\qplugins\geometrymeasure\edgewidthmeasure\x64\debug\moc_objectlistmodel.obj
d:\opencv4workflow\opencv4workflow\qplugins\geometrymeasure\edgewidthmeasure\x64\debug\moc_edgewidthmeasure.obj
d:\opencv4workflow\opencv4workflow\qplugins\geometrymeasure\edgewidthmeasure\x64\debug\moc_imageitem.obj
d:\opencv4workflow\opencv4workflow\qplugins\geometrymeasure\edgewidthmeasure\x64\debug\moc_qgraphicsviews.obj
d:\opencv4workflow\opencv4workflow\qplugins\geometrymeasure\edgewidthmeasure\x64\debug\moc_measurecoinservice.obj
d:\opencv4workflow\opencv4workflow\qplugins\geometrymeasure\edgewidthmeasure\x64\debug\moc_cvframecontroller.obj
d:\opencv4workflow\opencv4workflow\qplugins\geometrymeasure\edgewidthmeasure\x64\debug\moc_qtoolbase.obj
d:\opencv4workflow\opencv4workflow\qplugins\geometrymeasure\edgewidthmeasure\x64\debug\moc_cvbaseservice.obj
d:\opencv4workflow\opencv4workflow\qplugins\geometrymeasure\edgewidthmeasure\x64\debug\moc_grayservice.obj
d:\opencv4workflow\opencv4workflow\qplugins\geometrymeasure\edgewidthmeasure\x64\debug\moc_mediacontroller.obj
d:\opencv4workflow\opencv4workflow\qplugins\geometrymeasure\edgewidthmeasure\x64\debug\moc_httpmanager.obj
d:\opencv4workflow\opencv4workflow\qplugins\geometrymeasure\edgewidthmeasure\x64\debug\moc_qgraphicsscenes.obj
d:\opencv4workflow\opencv4workflow\qplugins\geometrymeasure\edgewidthmeasure\x64\debug\moc_baseitem.obj
d:\opencv4workflow\opencv4workflow\qplugins\geometrymeasure\edgewidthmeasure\x64\debug\moc_imageprovider.obj
d:\opencv4workflow\opencv4workflow\qplugins\geometrymeasure\edgewidthmeasure\x64\debug\moc_measurea4service.obj
d:\opencv4workflow\opencv4workflow\qplugins\geometrymeasure\edgewidthmeasure\x64\debug\moc_mytitlebar.obj
d:\opencv4workflow\opencv4workflow\qplugins\geometrymeasure\edgewidthmeasure\x64\debug\moc_undistortservice.obj
d:\opencv4workflow\opencv4workflow\qsoftexe\debug\plugins\z_edgewidthmeasure.dll
d:\opencv4workflow\opencv4workflow\qsoftexe\debug\plugins\z_edgewidthmeasure.pdb
d:\opencv4workflow\opencv4workflow\qplugins\geometrymeasure\edgewidthmeasure\x64\debug\qt\moc\moc_cvmediaplayer.cpp
d:\opencv4workflow\opencv4workflow\qplugins\geometrymeasure\edgewidthmeasure\x64\debug\qt\moc\moc_cvframecontroller.cpp
d:\opencv4workflow\opencv4workflow\qplugins\geometrymeasure\edgewidthmeasure\x64\debug\qt\moc\moc_mediacontroller.cpp
d:\opencv4workflow\opencv4workflow\qplugins\geometrymeasure\edgewidthmeasure\x64\debug\qt\moc\moc_objectlistmodel.cpp
d:\opencv4workflow\opencv4workflow\qplugins\geometrymeasure\edgewidthmeasure\x64\debug\qt\moc\moc_filehandler.cpp
d:\opencv4workflow\opencv4workflow\qplugins\geometrymeasure\edgewidthmeasure\x64\debug\qt\moc\moc_httpmanager.cpp
d:\opencv4workflow\opencv4workflow\qplugins\geometrymeasure\edgewidthmeasure\x64\debug\qt\moc\moc_imageprovider.cpp
d:\opencv4workflow\opencv4workflow\qplugins\geometrymeasure\edgewidthmeasure\x64\debug\qt\moc\moc_cvbaseservice.cpp
d:\opencv4workflow\opencv4workflow\qplugins\geometrymeasure\edgewidthmeasure\x64\debug\qt\moc\moc_grayservice.cpp
d:\opencv4workflow\opencv4workflow\qplugins\geometrymeasure\edgewidthmeasure\x64\debug\qt\moc\moc_measurea4service.cpp
d:\opencv4workflow\opencv4workflow\qplugins\geometrymeasure\edgewidthmeasure\x64\debug\qt\moc\moc_measurecoinservice.cpp
d:\opencv4workflow\opencv4workflow\qplugins\geometrymeasure\edgewidthmeasure\x64\debug\qt\moc\moc_undistortservice.cpp
d:\opencv4workflow\opencv4workflow\qplugins\geometrymeasure\edgewidthmeasure\x64\debug\qt\moc\moc_toolnterface.cpp
d:\opencv4workflow\opencv4workflow\qplugins\geometrymeasure\edgewidthmeasure\x64\debug\qt\moc\moc_qtoolbase.cpp
d:\opencv4workflow\opencv4workflow\qplugins\geometrymeasure\edgewidthmeasure\x64\debug\qt\moc\moc_mytitlebar.cpp
d:\opencv4workflow\opencv4workflow\qplugins\geometrymeasure\edgewidthmeasure\x64\debug\qt\moc\moc_frmedgewidthmeasure.cpp
d:\opencv4workflow\opencv4workflow\qplugins\geometrymeasure\edgewidthmeasure\x64\debug\qt\moc\moc_qgraphicsviews.cpp
d:\opencv4workflow\opencv4workflow\qplugins\geometrymeasure\edgewidthmeasure\x64\debug\qt\moc\moc_qgraphicsscenes.cpp
d:\opencv4workflow\opencv4workflow\qplugins\geometrymeasure\edgewidthmeasure\x64\debug\qt\moc\moc_imageitem.cpp
d:\opencv4workflow\opencv4workflow\qplugins\geometrymeasure\edgewidthmeasure\x64\debug\qt\moc\moc_baseitem.cpp
d:\opencv4workflow\opencv4workflow\qplugins\geometrymeasure\edgewidthmeasure\x64\debug\qt\moc\moc_controlitem.cpp
d:\opencv4workflow\opencv4workflow\qplugins\geometrymeasure\edgewidthmeasure\x64\debug\qt\moc\moc_edgewidthmeasure.cpp
d:\opencv4workflow\opencv4workflow\qplugins\geometrymeasure\edgewidthmeasure\x64\debug\qt\rcc\qrc_sub_res.cpp
d:\opencv4workflow\opencv4workflow\qplugins\geometrymeasure\edgewidthmeasure\x64\debug\qt\uic\ui_frmedgewidthmeasure.h
g:\qmacvisual(cv3)(25000)\qmacvisual(cv3)2022.9.21(25000)\qmacvisual(cv3)\qplugins\geometrymeasure\edgewidthmeasure\x64\debug\qt\uic\ui_frmedgewidthmeasure.h
g:\qmacvisual(cv3)(25000)\qmacvisual(cv3)2022.9.21(25000)\qmacvisual(cv3)\qplugins\geometrymeasure\edgewidthmeasure\x64\debug\qt\rcc\qrc_sub_res.cpp
g:\qmacvisual(cv3)(25000)\qmacvisual(cv3)2022.9.21(25000)\qmacvisual(cv3)\qplugins\geometrymeasure\edgewidthmeasure\x64\debug\qt\moc\moc_cvmediaplayer.cpp
g:\qmacvisual(cv3)(25000)\qmacvisual(cv3)2022.9.21(25000)\qmacvisual(cv3)\qplugins\geometrymeasure\edgewidthmeasure\x64\debug\qt\moc\moc_cvframecontroller.cpp
g:\qmacvisual(cv3)(25000)\qmacvisual(cv3)2022.9.21(25000)\qmacvisual(cv3)\qplugins\geometrymeasure\edgewidthmeasure\x64\debug\qt\moc\moc_mediacontroller.cpp
g:\qmacvisual(cv3)(25000)\qmacvisual(cv3)2022.9.21(25000)\qmacvisual(cv3)\qplugins\geometrymeasure\edgewidthmeasure\x64\debug\qt\moc\moc_objectlistmodel.cpp
g:\qmacvisual(cv3)(25000)\qmacvisual(cv3)2022.9.21(25000)\qmacvisual(cv3)\qplugins\geometrymeasure\edgewidthmeasure\x64\debug\qt\moc\moc_filehandler.cpp
g:\qmacvisual(cv3)(25000)\qmacvisual(cv3)2022.9.21(25000)\qmacvisual(cv3)\qplugins\geometrymeasure\edgewidthmeasure\x64\debug\qt\moc\moc_httpmanager.cpp
g:\qmacvisual(cv3)(25000)\qmacvisual(cv3)2022.9.21(25000)\qmacvisual(cv3)\qplugins\geometrymeasure\edgewidthmeasure\x64\debug\qt\moc\moc_imageprovider.cpp
g:\qmacvisual(cv3)(25000)\qmacvisual(cv3)2022.9.21(25000)\qmacvisual(cv3)\qplugins\geometrymeasure\edgewidthmeasure\x64\debug\qt\moc\moc_cvbaseservice.cpp
g:\qmacvisual(cv3)(25000)\qmacvisual(cv3)2022.9.21(25000)\qmacvisual(cv3)\qplugins\geometrymeasure\edgewidthmeasure\x64\debug\qt\moc\moc_grayservice.cpp
g:\qmacvisual(cv3)(25000)\qmacvisual(cv3)2022.9.21(25000)\qmacvisual(cv3)\qplugins\geometrymeasure\edgewidthmeasure\x64\debug\qt\moc\moc_measurea4service.cpp
g:\qmacvisual(cv3)(25000)\qmacvisual(cv3)2022.9.21(25000)\qmacvisual(cv3)\qplugins\geometrymeasure\edgewidthmeasure\x64\debug\qt\moc\moc_measurecoinservice.cpp
g:\qmacvisual(cv3)(25000)\qmacvisual(cv3)2022.9.21(25000)\qmacvisual(cv3)\qplugins\geometrymeasure\edgewidthmeasure\x64\debug\qt\moc\moc_undistortservice.cpp
g:\qmacvisual(cv3)(25000)\qmacvisual(cv3)2022.9.21(25000)\qmacvisual(cv3)\qplugins\geometrymeasure\edgewidthmeasure\x64\debug\qt\moc\moc_toolnterface.cpp
g:\qmacvisual(cv3)(25000)\qmacvisual(cv3)2022.9.21(25000)\qmacvisual(cv3)\qplugins\geometrymeasure\edgewidthmeasure\x64\debug\qt\moc\moc_qtoolbase.cpp
g:\qmacvisual(cv3)(25000)\qmacvisual(cv3)2022.9.21(25000)\qmacvisual(cv3)\qplugins\geometrymeasure\edgewidthmeasure\x64\debug\qt\moc\moc_mytitlebar.cpp
g:\qmacvisual(cv3)(25000)\qmacvisual(cv3)2022.9.21(25000)\qmacvisual(cv3)\qplugins\geometrymeasure\edgewidthmeasure\x64\debug\qt\moc\moc_frmedgewidthmeasure.cpp
g:\qmacvisual(cv3)(25000)\qmacvisual(cv3)2022.9.21(25000)\qmacvisual(cv3)\qplugins\geometrymeasure\edgewidthmeasure\x64\debug\qt\moc\moc_qgraphicsviews.cpp
g:\qmacvisual(cv3)(25000)\qmacvisual(cv3)2022.9.21(25000)\qmacvisual(cv3)\qplugins\geometrymeasure\edgewidthmeasure\x64\debug\qt\moc\moc_qgraphicsscenes.cpp
g:\qmacvisual(cv3)(25000)\qmacvisual(cv3)2022.9.21(25000)\qmacvisual(cv3)\qplugins\geometrymeasure\edgewidthmeasure\x64\debug\qt\moc\moc_imageitem.cpp
g:\qmacvisual(cv3)(25000)\qmacvisual(cv3)2022.9.21(25000)\qmacvisual(cv3)\qplugins\geometrymeasure\edgewidthmeasure\x64\debug\qt\moc\moc_baseitem.cpp
g:\qmacvisual(cv3)(25000)\qmacvisual(cv3)2022.9.21(25000)\qmacvisual(cv3)\qplugins\geometrymeasure\edgewidthmeasure\x64\debug\qt\moc\moc_controlitem.cpp
g:\qmacvisual(cv3)(25000)\qmacvisual(cv3)2022.9.21(25000)\qmacvisual(cv3)\qplugins\geometrymeasure\edgewidthmeasure\x64\debug\qt\moc\moc_edgewidthmeasure.cpp
d:\opencv4workflow\opencv4workflow\qsoftexe\debug\plugins\z_edgewidthmeasure.lib
d:\opencv4workflow\opencv4workflow\qsoftexe\debug\plugins\z_edgewidthmeasure.exp
d:\opencv4workflow\opencv4workflow\qsoftexe\debug\plugins\z_edgewidthmeasure.ilk
g:\qmacvisual(cv3)(25000)\qmacvisual(cv3)2022.9.21(25000)\qmacvisual(cv3)\qplugins\geometrymeasure\edgewidthmeasure\x64\debug\baseitem.obj
g:\qmacvisual(cv3)(25000)\qmacvisual(cv3)2022.9.21(25000)\qmacvisual(cv3)\qplugins\geometrymeasure\edgewidthmeasure\x64\debug\controlitem.obj
g:\qmacvisual(cv3)(25000)\qmacvisual(cv3)2022.9.21(25000)\qmacvisual(cv3)\qplugins\geometrymeasure\edgewidthmeasure\x64\debug\cvbaseservice.obj
g:\qmacvisual(cv3)(25000)\qmacvisual(cv3)2022.9.21(25000)\qmacvisual(cv3)\qplugins\geometrymeasure\edgewidthmeasure\x64\debug\cvframecontroller.obj
g:\qmacvisual(cv3)(25000)\qmacvisual(cv3)2022.9.21(25000)\qmacvisual(cv3)\qplugins\geometrymeasure\edgewidthmeasure\x64\debug\cvimageutil.obj
g:\qmacvisual(cv3)(25000)\qmacvisual(cv3)2022.9.21(25000)\qmacvisual(cv3)\qplugins\geometrymeasure\edgewidthmeasure\x64\debug\cvlineutil.obj
g:\qmacvisual(cv3)(25000)\qmacvisual(cv3)2022.9.21(25000)\qmacvisual(cv3)\qplugins\geometrymeasure\edgewidthmeasure\x64\debug\cvmediaplayer.obj
g:\qmacvisual(cv3)(25000)\qmacvisual(cv3)2022.9.21(25000)\qmacvisual(cv3)\qplugins\geometrymeasure\edgewidthmeasure\x64\debug\cvmediaplayerrenderer.obj
g:\qmacvisual(cv3)(25000)\qmacvisual(cv3)2022.9.21(25000)\qmacvisual(cv3)\qplugins\geometrymeasure\edgewidthmeasure\x64\debug\cvpointutil.obj
g:\qmacvisual(cv3)(25000)\qmacvisual(cv3)2022.9.21(25000)\qmacvisual(cv3)\qplugins\geometrymeasure\edgewidthmeasure\x64\debug\edgewidthmeasure.obj
g:\qmacvisual(cv3)(25000)\qmacvisual(cv3)2022.9.21(25000)\qmacvisual(cv3)\qplugins\geometrymeasure\edgewidthmeasure\x64\debug\filehandler.obj
g:\qmacvisual(cv3)(25000)\qmacvisual(cv3)2022.9.21(25000)\qmacvisual(cv3)\qplugins\geometrymeasure\edgewidthmeasure\x64\debug\find_line.obj
g:\qmacvisual(cv3)(25000)\qmacvisual(cv3)2022.9.21(25000)\qmacvisual(cv3)\qplugins\geometrymeasure\edgewidthmeasure\x64\debug\frmedgewidthmeasure.obj
g:\qmacvisual(cv3)(25000)\qmacvisual(cv3)2022.9.21(25000)\qmacvisual(cv3)\qplugins\geometrymeasure\edgewidthmeasure\x64\debug\grayservice.obj
g:\qmacvisual(cv3)(25000)\qmacvisual(cv3)2022.9.21(25000)\qmacvisual(cv3)\qplugins\geometrymeasure\edgewidthmeasure\x64\debug\httpmanager.obj
g:\qmacvisual(cv3)(25000)\qmacvisual(cv3)2022.9.21(25000)\qmacvisual(cv3)\qplugins\geometrymeasure\edgewidthmeasure\x64\debug\imagebaseop.obj
g:\qmacvisual(cv3)(25000)\qmacvisual(cv3)2022.9.21(25000)\qmacvisual(cv3)\qplugins\geometrymeasure\edgewidthmeasure\x64\debug\imageitem.obj
g:\qmacvisual(cv3)(25000)\qmacvisual(cv3)2022.9.21(25000)\qmacvisual(cv3)\qplugins\geometrymeasure\edgewidthmeasure\x64\debug\imageprovider.obj
g:\qmacvisual(cv3)(25000)\qmacvisual(cv3)2022.9.21(25000)\qmacvisual(cv3)\qplugins\geometrymeasure\edgewidthmeasure\x64\debug\locate.obj
g:\qmacvisual(cv3)(25000)\qmacvisual(cv3)2022.9.21(25000)\qmacvisual(cv3)\qplugins\geometrymeasure\edgewidthmeasure\x64\debug\measurea4service.obj
g:\qmacvisual(cv3)(25000)\qmacvisual(cv3)2022.9.21(25000)\qmacvisual(cv3)\qplugins\geometrymeasure\edgewidthmeasure\x64\debug\measurecoinservice.obj
g:\qmacvisual(cv3)(25000)\qmacvisual(cv3)2022.9.21(25000)\qmacvisual(cv3)\qplugins\geometrymeasure\edgewidthmeasure\x64\debug\mediacontroller.obj
g:\qmacvisual(cv3)(25000)\qmacvisual(cv3)2022.9.21(25000)\qmacvisual(cv3)\qplugins\geometrymeasure\edgewidthmeasure\x64\debug\moc_baseitem.obj
g:\qmacvisual(cv3)(25000)\qmacvisual(cv3)2022.9.21(25000)\qmacvisual(cv3)\qplugins\geometrymeasure\edgewidthmeasure\x64\debug\moc_controlitem.obj
g:\qmacvisual(cv3)(25000)\qmacvisual(cv3)2022.9.21(25000)\qmacvisual(cv3)\qplugins\geometrymeasure\edgewidthmeasure\x64\debug\moc_cvbaseservice.obj
g:\qmacvisual(cv3)(25000)\qmacvisual(cv3)2022.9.21(25000)\qmacvisual(cv3)\qplugins\geometrymeasure\edgewidthmeasure\x64\debug\moc_cvframecontroller.obj
g:\qmacvisual(cv3)(25000)\qmacvisual(cv3)2022.9.21(25000)\qmacvisual(cv3)\qplugins\geometrymeasure\edgewidthmeasure\x64\debug\moc_cvmediaplayer.obj
g:\qmacvisual(cv3)(25000)\qmacvisual(cv3)2022.9.21(25000)\qmacvisual(cv3)\qplugins\geometrymeasure\edgewidthmeasure\x64\debug\moc_edgewidthmeasure.obj
g:\qmacvisual(cv3)(25000)\qmacvisual(cv3)2022.9.21(25000)\qmacvisual(cv3)\qplugins\geometrymeasure\edgewidthmeasure\x64\debug\moc_filehandler.obj
g:\qmacvisual(cv3)(25000)\qmacvisual(cv3)2022.9.21(25000)\qmacvisual(cv3)\qplugins\geometrymeasure\edgewidthmeasure\x64\debug\moc_frmedgewidthmeasure.obj
g:\qmacvisual(cv3)(25000)\qmacvisual(cv3)2022.9.21(25000)\qmacvisual(cv3)\qplugins\geometrymeasure\edgewidthmeasure\x64\debug\moc_grayservice.obj
g:\qmacvisual(cv3)(25000)\qmacvisual(cv3)2022.9.21(25000)\qmacvisual(cv3)\qplugins\geometrymeasure\edgewidthmeasure\x64\debug\moc_httpmanager.obj
g:\qmacvisual(cv3)(25000)\qmacvisual(cv3)2022.9.21(25000)\qmacvisual(cv3)\qplugins\geometrymeasure\edgewidthmeasure\x64\debug\moc_imageitem.obj
g:\qmacvisual(cv3)(25000)\qmacvisual(cv3)2022.9.21(25000)\qmacvisual(cv3)\qplugins\geometrymeasure\edgewidthmeasure\x64\debug\moc_imageprovider.obj
g:\qmacvisual(cv3)(25000)\qmacvisual(cv3)2022.9.21(25000)\qmacvisual(cv3)\qplugins\geometrymeasure\edgewidthmeasure\x64\debug\moc_measurea4service.obj
g:\qmacvisual(cv3)(25000)\qmacvisual(cv3)2022.9.21(25000)\qmacvisual(cv3)\qplugins\geometrymeasure\edgewidthmeasure\x64\debug\moc_measurecoinservice.obj
g:\qmacvisual(cv3)(25000)\qmacvisual(cv3)2022.9.21(25000)\qmacvisual(cv3)\qplugins\geometrymeasure\edgewidthmeasure\x64\debug\moc_mediacontroller.obj
g:\qmacvisual(cv3)(25000)\qmacvisual(cv3)2022.9.21(25000)\qmacvisual(cv3)\qplugins\geometrymeasure\edgewidthmeasure\x64\debug\moc_mytitlebar.obj
g:\qmacvisual(cv3)(25000)\qmacvisual(cv3)2022.9.21(25000)\qmacvisual(cv3)\qplugins\geometrymeasure\edgewidthmeasure\x64\debug\moc_objectlistmodel.obj
g:\qmacvisual(cv3)(25000)\qmacvisual(cv3)2022.9.21(25000)\qmacvisual(cv3)\qplugins\geometrymeasure\edgewidthmeasure\x64\debug\moc_qgraphicsscenes.obj
g:\qmacvisual(cv3)(25000)\qmacvisual(cv3)2022.9.21(25000)\qmacvisual(cv3)\qplugins\geometrymeasure\edgewidthmeasure\x64\debug\moc_qgraphicsviews.obj
g:\qmacvisual(cv3)(25000)\qmacvisual(cv3)2022.9.21(25000)\qmacvisual(cv3)\qplugins\geometrymeasure\edgewidthmeasure\x64\debug\moc_qtoolbase.obj
g:\qmacvisual(cv3)(25000)\qmacvisual(cv3)2022.9.21(25000)\qmacvisual(cv3)\qplugins\geometrymeasure\edgewidthmeasure\x64\debug\moc_toolnterface.obj
g:\qmacvisual(cv3)(25000)\qmacvisual(cv3)2022.9.21(25000)\qmacvisual(cv3)\qplugins\geometrymeasure\edgewidthmeasure\x64\debug\moc_undistortservice.obj
g:\qmacvisual(cv3)(25000)\qmacvisual(cv3)2022.9.21(25000)\qmacvisual(cv3)\qplugins\geometrymeasure\edgewidthmeasure\x64\debug\mytitlebar.obj
g:\qmacvisual(cv3)(25000)\qmacvisual(cv3)2022.9.21(25000)\qmacvisual(cv3)\qplugins\geometrymeasure\edgewidthmeasure\x64\debug\objectlistmodel.obj
g:\qmacvisual(cv3)(25000)\qmacvisual(cv3)2022.9.21(25000)\qmacvisual(cv3)\qplugins\geometrymeasure\edgewidthmeasure\x64\debug\qgraphicsscenes.obj
g:\qmacvisual(cv3)(25000)\qmacvisual(cv3)2022.9.21(25000)\qmacvisual(cv3)\qplugins\geometrymeasure\edgewidthmeasure\x64\debug\qgraphicsviews.obj
g:\qmacvisual(cv3)(25000)\qmacvisual(cv3)2022.9.21(25000)\qmacvisual(cv3)\qplugins\geometrymeasure\edgewidthmeasure\x64\debug\qrc_sub_res.obj
g:\qmacvisual(cv3)(25000)\qmacvisual(cv3)2022.9.21(25000)\qmacvisual(cv3)\qplugins\geometrymeasure\edgewidthmeasure\x64\debug\rice.obj
g:\qmacvisual(cv3)(25000)\qmacvisual(cv3)2022.9.21(25000)\qmacvisual(cv3)\qplugins\geometrymeasure\edgewidthmeasure\x64\debug\toolnterface.obj
g:\qmacvisual(cv3)(25000)\qmacvisual(cv3)2022.9.21(25000)\qmacvisual(cv3)\qplugins\geometrymeasure\edgewidthmeasure\x64\debug\undistortservice.obj
g:\qmacvisual(cv3)(25000)\qmacvisual(cv3)2022.9.21(25000)\qmacvisual(cv3)\qplugins\geometrymeasure\edgewidthmeasure\x64\debug\wipeoffservice.obj
g:\qmacvisual(cv3)(25000)\qmacvisual(cv3)2022.9.21(25000)\qmacvisual(cv3)\qplugins\geometrymeasure\edgewidthmeasure\x64\debug\vc143.pdb
g:\qmacvisual(cv3)(25000)\qmacvisual(cv3)2022.9.21(25000)\qmacvisual(cv3)\qsoftexe\debug\plugins\z_edgewidthmeasure.dll
g:\qmacvisual(cv3)(25000)\qmacvisual(cv3)2022.9.21(25000)\qmacvisual(cv3)\qplugins\geometrymeasure\edgewidthmeasure\x64\debug\z_edgewi.98b6fd31.tlog\cl.command.1.tlog
g:\qmacvisual(cv3)(25000)\qmacvisual(cv3)2022.9.21(25000)\qmacvisual(cv3)\qplugins\geometrymeasure\edgewidthmeasure\x64\debug\z_edgewi.98b6fd31.tlog\cl.items.tlog
g:\qmacvisual(cv3)(25000)\qmacvisual(cv3)2022.9.21(25000)\qmacvisual(cv3)\qplugins\geometrymeasure\edgewidthmeasure\x64\debug\z_edgewi.98b6fd31.tlog\cl.read.1.tlog
g:\qmacvisual(cv3)(25000)\qmacvisual(cv3)2022.9.21(25000)\qmacvisual(cv3)\qplugins\geometrymeasure\edgewidthmeasure\x64\debug\z_edgewi.98b6fd31.tlog\cl.write.1.tlog
g:\qmacvisual(cv3)(25000)\qmacvisual(cv3)2022.9.21(25000)\qmacvisual(cv3)\qplugins\geometrymeasure\edgewidthmeasure\x64\debug\z_edgewi.98b6fd31.tlog\link.command.1.tlog
g:\qmacvisual(cv3)(25000)\qmacvisual(cv3)2022.9.21(25000)\qmacvisual(cv3)\qplugins\geometrymeasure\edgewidthmeasure\x64\debug\z_edgewi.98b6fd31.tlog\link.read.1.tlog
g:\qmacvisual(cv3)(25000)\qmacvisual(cv3)2022.9.21(25000)\qmacvisual(cv3)\qplugins\geometrymeasure\edgewidthmeasure\x64\debug\z_edgewi.98b6fd31.tlog\link.secondary.1.tlog
g:\qmacvisual(cv3)(25000)\qmacvisual(cv3)2022.9.21(25000)\qmacvisual(cv3)\qplugins\geometrymeasure\edgewidthmeasure\x64\debug\z_edgewi.98b6fd31.tlog\link.write.1.tlog
g:\qmacvisual(cv3)(25000)\qmacvisual(cv3)2022.9.21(25000)\qmacvisual(cv3)\qplugins\geometrymeasure\edgewidthmeasure\x64\debug\z_edgewi.98b6fd31.tlog\moc.read.1u.tlog
g:\qmacvisual(cv3)(25000)\qmacvisual(cv3)2022.9.21(25000)\qmacvisual(cv3)\qplugins\geometrymeasure\edgewidthmeasure\x64\debug\z_edgewi.98b6fd31.tlog\moc.write.1u.tlog
g:\qmacvisual(cv3)(25000)\qmacvisual(cv3)2022.9.21(25000)\qmacvisual(cv3)\qplugins\geometrymeasure\edgewidthmeasure\x64\debug\z_edgewi.98b6fd31.tlog\rcc.read.1u.tlog
g:\qmacvisual(cv3)(25000)\qmacvisual(cv3)2022.9.21(25000)\qmacvisual(cv3)\qplugins\geometrymeasure\edgewidthmeasure\x64\debug\z_edgewi.98b6fd31.tlog\rcc.write.1u.tlog
g:\qmacvisual(cv3)(25000)\qmacvisual(cv3)2022.9.21(25000)\qmacvisual(cv3)\qplugins\geometrymeasure\edgewidthmeasure\x64\debug\z_edgewi.98b6fd31.tlog\uic.read.1u.tlog
g:\qmacvisual(cv3)(25000)\qmacvisual(cv3)2022.9.21(25000)\qmacvisual(cv3)\qplugins\geometrymeasure\edgewidthmeasure\x64\debug\z_edgewi.98b6fd31.tlog\uic.write.1u.tlog
g:\qmacvisual(cv3)(25000)\qmacvisual(cv3)2022.9.21(25000)\qmacvisual(cv3)\qplugins\geometrymeasure\edgewidthmeasure\x64\debug\z_edgewi.98b6fd31.tlog\z_edgewidthmeasure.write.1u.tlog
